Archive member included because of file (symbol)

/opt/or1k-toolchain/lib/gcc/or1k-elf/4.9.1/../../../../or1k-elf/lib/libc.a(lib_a-atexit.o)
                              /opt/or1k-toolchain/lib/gcc/or1k-elf/4.9.1/../../../../or1k-elf/lib/crt0.o (atexit)
/opt/or1k-toolchain/lib/gcc/or1k-elf/4.9.1/../../../../or1k-elf/lib/libc.a(lib_a-__atexit.o)
                              /opt/or1k-toolchain/lib/gcc/or1k-elf/4.9.1/../../../../or1k-elf/lib/libc.a(lib_a-atexit.o) (__register_exitproc)
/opt/or1k-toolchain/lib/gcc/or1k-elf/4.9.1/../../../../or1k-elf/lib/libc.a(lib_a-exit.o)
                              /opt/or1k-toolchain/lib/gcc/or1k-elf/4.9.1/../../../../or1k-elf/lib/crt0.o (exit)
/opt/or1k-toolchain/lib/gcc/or1k-elf/4.9.1/../../../../or1k-elf/lib/libc.a(lib_a-impure.o)
                              /opt/or1k-toolchain/lib/gcc/or1k-elf/4.9.1/../../../../or1k-elf/lib/libc.a(lib_a-__atexit.o) (_global_impure_ptr)
/opt/or1k-toolchain/lib/gcc/or1k-elf/4.9.1/../../../../or1k-elf/lib/libc.a(lib_a-iprintf.o)
                              ./timer.o (iprintf)
/opt/or1k-toolchain/lib/gcc/or1k-elf/4.9.1/../../../../or1k-elf/lib/libc.a(lib_a-or1k-impure.o)
                              /opt/or1k-toolchain/lib/gcc/or1k-elf/4.9.1/../../../../or1k-elf/lib/crt0.o (__impure_init)
/opt/or1k-toolchain/lib/gcc/or1k-elf/4.9.1/../../../../or1k-elf/lib/libc.a(lib_a-or1k-support-asm.o)
                              /opt/or1k-toolchain/lib/gcc/or1k-elf/4.9.1/../../../../or1k-elf/lib/crt0.o (or1k_cache_init)
/opt/or1k-toolchain/lib/gcc/or1k-elf/4.9.1/../../../../or1k-elf/lib/libc.a(lib_a-or1k-support.o)
                              ./timer.o (or1k_timer_ticks)
/opt/or1k-toolchain/lib/gcc/or1k-elf/4.9.1/../../../../or1k-elf/lib/libc.a(lib_a-vfiprintf.o)
                              /opt/or1k-toolchain/lib/gcc/or1k-elf/4.9.1/../../../../or1k-elf/lib/libc.a(lib_a-iprintf.o) (_vfiprintf_r)
/opt/or1k-toolchain/lib/gcc/or1k-elf/4.9.1/../../../../or1k-elf/lib/libc.a(lib_a-wsetup.o)
                              /opt/or1k-toolchain/lib/gcc/or1k-elf/4.9.1/../../../../or1k-elf/lib/libc.a(lib_a-vfiprintf.o) (__swsetup_r)
/opt/or1k-toolchain/lib/gcc/or1k-elf/4.9.1/../../../../or1k-elf/lib/libc.a(lib_a-__call_atexit.o)
                              /opt/or1k-toolchain/lib/gcc/or1k-elf/4.9.1/../../../../or1k-elf/lib/libc.a(lib_a-exit.o) (__call_exitprocs)
/opt/or1k-toolchain/lib/gcc/or1k-elf/4.9.1/../../../../or1k-elf/lib/libc.a(lib_a-fflush.o)
                              /opt/or1k-toolchain/lib/gcc/or1k-elf/4.9.1/../../../../or1k-elf/lib/libc.a(lib_a-vfiprintf.o) (_fflush_r)
/opt/or1k-toolchain/lib/gcc/or1k-elf/4.9.1/../../../../or1k-elf/lib/libc.a(lib_a-findfp.o)
                              /opt/or1k-toolchain/lib/gcc/or1k-elf/4.9.1/../../../../or1k-elf/lib/libc.a(lib_a-vfiprintf.o) (__sinit)
/opt/or1k-toolchain/lib/gcc/or1k-elf/4.9.1/../../../../or1k-elf/lib/libc.a(lib_a-fputwc.o)
                              /opt/or1k-toolchain/lib/gcc/or1k-elf/4.9.1/../../../../or1k-elf/lib/libc.a(lib_a-vfiprintf.o) (_fputwc_r)
/opt/or1k-toolchain/lib/gcc/or1k-elf/4.9.1/../../../../or1k-elf/lib/libc.a(lib_a-freer.o)
                              /opt/or1k-toolchain/lib/gcc/or1k-elf/4.9.1/../../../../or1k-elf/lib/libc.a(lib_a-wsetup.o) (_free_r)
/opt/or1k-toolchain/lib/gcc/or1k-elf/4.9.1/../../../../or1k-elf/lib/libc.a(lib_a-fvwrite.o)
                              /opt/or1k-toolchain/lib/gcc/or1k-elf/4.9.1/../../../../or1k-elf/lib/libc.a(lib_a-vfiprintf.o) (__sfvwrite_r)
/opt/or1k-toolchain/lib/gcc/or1k-elf/4.9.1/../../../../or1k-elf/lib/libc.a(lib_a-fwalk.o)
                              /opt/or1k-toolchain/lib/gcc/or1k-elf/4.9.1/../../../../or1k-elf/lib/libc.a(lib_a-findfp.o) (_fwalk)
/opt/or1k-toolchain/lib/gcc/or1k-elf/4.9.1/../../../../or1k-elf/lib/libc.a(lib_a-locale.o)
                              /opt/or1k-toolchain/lib/gcc/or1k-elf/4.9.1/../../../../or1k-elf/lib/libc.a(lib_a-fputwc.o) (__locale_mb_cur_max)
/opt/or1k-toolchain/lib/gcc/or1k-elf/4.9.1/../../../../or1k-elf/lib/libc.a(lib_a-makebuf.o)
                              /opt/or1k-toolchain/lib/gcc/or1k-elf/4.9.1/../../../../or1k-elf/lib/libc.a(lib_a-wsetup.o) (__smakebuf_r)
/opt/or1k-toolchain/lib/gcc/or1k-elf/4.9.1/../../../../or1k-elf/lib/libc.a(lib_a-mallocr.o)
                              /opt/or1k-toolchain/lib/gcc/or1k-elf/4.9.1/../../../../or1k-elf/lib/libc.a(lib_a-findfp.o) (_malloc_r)
/opt/or1k-toolchain/lib/gcc/or1k-elf/4.9.1/../../../../or1k-elf/lib/libc.a(lib_a-memchr.o)
                              /opt/or1k-toolchain/lib/gcc/or1k-elf/4.9.1/../../../../or1k-elf/lib/libc.a(lib_a-vfiprintf.o) (memchr)
/opt/or1k-toolchain/lib/gcc/or1k-elf/4.9.1/../../../../or1k-elf/lib/libc.a(lib_a-memcpy.o)
                              /opt/or1k-toolchain/lib/gcc/or1k-elf/4.9.1/../../../../or1k-elf/lib/libc.a(lib_a-fvwrite.o) (memcpy)
/opt/or1k-toolchain/lib/gcc/or1k-elf/4.9.1/../../../../or1k-elf/lib/libc.a(lib_a-memmove.o)
                              /opt/or1k-toolchain/lib/gcc/or1k-elf/4.9.1/../../../../or1k-elf/lib/libc.a(lib_a-fvwrite.o) (memmove)
/opt/or1k-toolchain/lib/gcc/or1k-elf/4.9.1/../../../../or1k-elf/lib/libc.a(lib_a-memset.o)
                              /opt/or1k-toolchain/lib/gcc/or1k-elf/4.9.1/../../../../or1k-elf/lib/libc.a(lib_a-or1k-impure.o) (memset)
/opt/or1k-toolchain/lib/gcc/or1k-elf/4.9.1/../../../../or1k-elf/lib/libc.a(lib_a-mlock.o)
                              /opt/or1k-toolchain/lib/gcc/or1k-elf/4.9.1/../../../../or1k-elf/lib/libc.a(lib_a-freer.o) (__malloc_lock)
/opt/or1k-toolchain/lib/gcc/or1k-elf/4.9.1/../../../../or1k-elf/lib/libc.a(lib_a-reallocr.o)
                              /opt/or1k-toolchain/lib/gcc/or1k-elf/4.9.1/../../../../or1k-elf/lib/libc.a(lib_a-fvwrite.o) (_realloc_r)
/opt/or1k-toolchain/lib/gcc/or1k-elf/4.9.1/../../../../or1k-elf/lib/libc.a(lib_a-stdio.o)
                              /opt/or1k-toolchain/lib/gcc/or1k-elf/4.9.1/../../../../or1k-elf/lib/libc.a(lib_a-findfp.o) (__sread)
/opt/or1k-toolchain/lib/gcc/or1k-elf/4.9.1/../../../../or1k-elf/lib/libc.a(lib_a-strcmp.o)
                              /opt/or1k-toolchain/lib/gcc/or1k-elf/4.9.1/../../../../or1k-elf/lib/libc.a(lib_a-locale.o) (strcmp)
/opt/or1k-toolchain/lib/gcc/or1k-elf/4.9.1/../../../../or1k-elf/lib/libc.a(lib_a-strlen.o)
                              /opt/or1k-toolchain/lib/gcc/or1k-elf/4.9.1/../../../../or1k-elf/lib/libc.a(lib_a-vfiprintf.o) (strlen)
/opt/or1k-toolchain/lib/gcc/or1k-elf/4.9.1/../../../../or1k-elf/lib/libc.a(lib_a-wbuf.o)
                              /opt/or1k-toolchain/lib/gcc/or1k-elf/4.9.1/../../../../or1k-elf/lib/libc.a(lib_a-fputwc.o) (__swbuf_r)
/opt/or1k-toolchain/lib/gcc/or1k-elf/4.9.1/../../../../or1k-elf/lib/libc.a(lib_a-wcrtomb.o)
                              /opt/or1k-toolchain/lib/gcc/or1k-elf/4.9.1/../../../../or1k-elf/lib/libc.a(lib_a-fputwc.o) (_wcrtomb_r)
/opt/or1k-toolchain/lib/gcc/or1k-elf/4.9.1/../../../../or1k-elf/lib/libc.a(lib_a-wctomb_r.o)
                              /opt/or1k-toolchain/lib/gcc/or1k-elf/4.9.1/../../../../or1k-elf/lib/libc.a(lib_a-wcrtomb.o) (__wctomb)
/opt/or1k-toolchain/lib/gcc/or1k-elf/4.9.1/../../../../or1k-elf/lib/libc.a(lib_a-fclose.o)
                              /opt/or1k-toolchain/lib/gcc/or1k-elf/4.9.1/../../../../or1k-elf/lib/libc.a(lib_a-findfp.o) (fclose)
/opt/or1k-toolchain/lib/gcc/or1k-elf/4.9.1/../../../../or1k-elf/lib/libor1k.a(_exit.o)
                              /opt/or1k-toolchain/lib/gcc/or1k-elf/4.9.1/../../../../or1k-elf/lib/libc.a(lib_a-exit.o) (_exit)
/opt/or1k-toolchain/lib/gcc/or1k-elf/4.9.1/../../../../or1k-elf/lib/libor1k.a(close.o)
                              /opt/or1k-toolchain/lib/gcc/or1k-elf/4.9.1/../../../../or1k-elf/lib/libc.a(lib_a-stdio.o) (_close_r)
/opt/or1k-toolchain/lib/gcc/or1k-elf/4.9.1/../../../../or1k-elf/lib/libor1k.a(fstat.o)
                              /opt/or1k-toolchain/lib/gcc/or1k-elf/4.9.1/../../../../or1k-elf/lib/libc.a(lib_a-makebuf.o) (_fstat_r)
/opt/or1k-toolchain/lib/gcc/or1k-elf/4.9.1/../../../../or1k-elf/lib/libor1k.a(isatty.o)
                              /opt/or1k-toolchain/lib/gcc/or1k-elf/4.9.1/../../../../or1k-elf/lib/libc.a(lib_a-makebuf.o) (_isatty_r)
/opt/or1k-toolchain/lib/gcc/or1k-elf/4.9.1/../../../../or1k-elf/lib/libor1k.a(lseek.o)
                              /opt/or1k-toolchain/lib/gcc/or1k-elf/4.9.1/../../../../or1k-elf/lib/libc.a(lib_a-stdio.o) (_lseek_r)
/opt/or1k-toolchain/lib/gcc/or1k-elf/4.9.1/../../../../or1k-elf/lib/libor1k.a(read.o)
                              /opt/or1k-toolchain/lib/gcc/or1k-elf/4.9.1/../../../../or1k-elf/lib/libc.a(lib_a-stdio.o) (_read_r)
/opt/or1k-toolchain/lib/gcc/or1k-elf/4.9.1/../../../../or1k-elf/lib/libor1k.a(sbrk.o)
                              /opt/or1k-toolchain/lib/gcc/or1k-elf/4.9.1/../../../../or1k-elf/lib/libc.a(lib_a-freer.o) (_sbrk_r)
/opt/or1k-toolchain/lib/gcc/or1k-elf/4.9.1/../../../../or1k-elf/lib/libor1k.a(write.o)
                              /opt/or1k-toolchain/lib/gcc/or1k-elf/4.9.1/../../../../or1k-elf/lib/libc.a(lib_a-stdio.o) (_write_r)
/opt/or1k-toolchain/lib/gcc/or1k-elf/4.9.1/../../../../or1k-elf/lib/libboard-or1ksim.a(or1ksim.o)
                              /opt/or1k-toolchain/lib/gcc/or1k-elf/4.9.1/../../../../or1k-elf/lib/libor1k.a(_exit.o) (_board_exit)
/opt/or1k-toolchain/lib/gcc/or1k-elf/4.9.1/libgcc.a(__udivsi3.o)
                              /opt/or1k-toolchain/lib/gcc/or1k-elf/4.9.1/../../../../or1k-elf/lib/libc.a(lib_a-or1k-support.o) (__udivsi3)
/opt/or1k-toolchain/lib/gcc/or1k-elf/4.9.1/libgcc.a(__umodsi3.o)
                              /opt/or1k-toolchain/lib/gcc/or1k-elf/4.9.1/../../../../or1k-elf/lib/libc.a(lib_a-vfiprintf.o) (__umodsi3)

Allocating common symbols
Common symbol       size              file

dwTest              0x4               ./main.o
_malloc_lock_restore_interrupts
                    0x4               /opt/or1k-toolchain/lib/gcc/or1k-elf/4.9.1/../../../../or1k-elf/lib/libc.a(lib_a-mlock.o)
or1k_timer_mode     0x4               /opt/or1k-toolchain/lib/gcc/or1k-elf/4.9.1/../../../../or1k-elf/lib/libc.a(lib_a-or1k-support.o)
_malloc_lock_cnt    0x4               /opt/or1k-toolchain/lib/gcc/or1k-elf/4.9.1/../../../../or1k-elf/lib/libc.a(lib_a-mlock.o)
or1k_timer_ticks    0x4               /opt/or1k-toolchain/lib/gcc/or1k-elf/4.9.1/../../../../or1k-elf/lib/libc.a(lib_a-or1k-support.o)
_current_impure_ptr
                    0x4               /opt/or1k-toolchain/lib/gcc/or1k-elf/4.9.1/../../../../or1k-elf/lib/libc.a(lib_a-or1k-impure.o)
_malloc_lock_own    0x4               /opt/or1k-toolchain/lib/gcc/or1k-elf/4.9.1/../../../../or1k-elf/lib/libc.a(lib_a-mlock.o)
_malloc_lock_restore_timer
                    0x4               /opt/or1k-toolchain/lib/gcc/or1k-elf/4.9.1/../../../../or1k-elf/lib/libc.a(lib_a-mlock.o)
or1k_timer_period   0x4               /opt/or1k-toolchain/lib/gcc/or1k-elf/4.9.1/../../../../or1k-elf/lib/libc.a(lib_a-or1k-support.o)

Discarded input sections

 .group         0x0000000000000000        0x8 ./atlys.o
 .group         0x0000000000000000        0x8 ./atlys.o
 .group         0x0000000000000000        0x8 ./debug.o
 .group         0x0000000000000000        0x8 ./debug.o
 .group         0x0000000000000000        0x8 ./debug.o
 .group         0x0000000000000000        0x8 ./debug.o
 .group         0x0000000000000000        0x8 ./debug.o
 .group         0x0000000000000000        0x8 ./debug.o
 .group         0x0000000000000000        0x8 ./debug.o
 .group         0x0000000000000000        0x8 ./debug.o
 .group         0x0000000000000000        0x8 ./debug.o
 .group         0x0000000000000000        0x8 ./debug.o
 .group         0x0000000000000000        0x8 ./debug.o
 .group         0x0000000000000000        0x8 ./debug.o
 .group         0x0000000000000000        0x8 ./debug.o
 .group         0x0000000000000000        0x8 ./debug.o
 .group         0x0000000000000000        0x8 ./debug.o
 .group         0x0000000000000000        0x8 ./debug.o
 .group         0x0000000000000000        0x8 ./debug.o
 .group         0x0000000000000000        0x8 ./debug.o
 .group         0x0000000000000000        0x8 ./debug.o
 .group         0x0000000000000000        0x8 ./debug.o
 .group         0x0000000000000000        0x8 ./debug.o
 .group         0x0000000000000000        0x8 ./debug.o
 .debug_macro   0x0000000000000000      0x4f6 ./debug.o
 .debug_macro   0x0000000000000000       0xe8 ./debug.o
 .group         0x0000000000000000        0x8 ./main.o
 .group         0x0000000000000000        0x8 ./main.o
 .group         0x0000000000000000        0x8 ./main.o
 .debug_macro   0x0000000000000000      0x4f6 ./main.o
 .debug_macro   0x0000000000000000       0xe8 ./main.o
 .debug_macro   0x0000000000000000       0x16 ./main.o
 .group         0x0000000000000000        0x8 ./timer.o
 .group         0x0000000000000000        0x8 ./timer.o
 .group         0x0000000000000000        0x8 ./timer.o
 .group         0x0000000000000000        0x8 ./timer.o
 .group         0x0000000000000000        0x8 ./timer.o
 .group         0x0000000000000000        0x8 ./timer.o
 .group         0x0000000000000000        0x8 ./timer.o
 .group         0x0000000000000000        0x8 ./timer.o
 .group         0x0000000000000000        0x8 ./timer.o
 .group         0x0000000000000000        0x8 ./timer.o
 .group         0x0000000000000000        0x8 ./timer.o
 .group         0x0000000000000000        0x8 ./timer.o
 .group         0x0000000000000000        0x8 ./timer.o
 .group         0x0000000000000000        0x8 ./timer.o
 .group         0x0000000000000000        0x8 ./timer.o
 .group         0x0000000000000000        0x8 ./timer.o
 .group         0x0000000000000000        0x8 ./timer.o
 .group         0x0000000000000000        0x8 ./timer.o
 .group         0x0000000000000000        0x8 ./timer.o
 .group         0x0000000000000000        0x8 ./timer.o
 .group         0x0000000000000000        0x8 ./timer.o
 .group         0x0000000000000000        0x8 ./timer.o
 .group         0x0000000000000000        0x8 ./timer.o
 .group         0x0000000000000000        0x8 ./timer.o
 .group         0x0000000000000000        0x8 ./timer.o
 .group         0x0000000000000000        0x8 ./timer.o
 .debug_macro   0x0000000000000000      0x4f6 ./timer.o
 .debug_macro   0x0000000000000000       0xe8 ./timer.o
 .debug_macro   0x0000000000000000       0x46 ./timer.o
 .debug_macro   0x0000000000000000       0x16 ./timer.o
 .debug_macro   0x0000000000000000       0x2e ./timer.o
 .debug_macro   0x0000000000000000       0xa2 ./timer.o
 .debug_macro   0x0000000000000000       0x16 ./timer.o
 .debug_macro   0x0000000000000000       0x16 ./timer.o
 .debug_macro   0x0000000000000000       0x97 ./timer.o
 .debug_macro   0x0000000000000000       0x10 ./timer.o
 .debug_macro   0x0000000000000000       0x3a ./timer.o
 .debug_macro   0x0000000000000000       0x52 ./timer.o
 .debug_macro   0x0000000000000000       0x16 ./timer.o
 .debug_macro   0x0000000000000000       0x19 ./timer.o
 .debug_macro   0x0000000000000000      0x180 ./timer.o
 .debug_macro   0x0000000000000000       0x10 ./timer.o
 .debug_macro   0x0000000000000000       0xef ./timer.o
 .debug_macro   0x0000000000000000       0x22 ./timer.o
 .debug_macro   0x0000000000000000       0xbd ./timer.o
 .debug_macro   0x0000000000000000       0x16 ./timer.o
 .debug_macro   0x0000000000000000      0x16c ./timer.o
 .debug_macro   0x0000000000000000       0x40 ./timer.o

↵
Speichereinrichtung
↵

Name             Ursprung           Länge             Eigenschaften
FLASH            0x0000000000000000 0x0000000000800000 xr
DDR              0x0000000020000000 0x0000000008000000 xw
*default*        0x0000000000000000 0xffffffffffffffff

Linker script and memory map

LOAD /opt/or1k-toolchain/lib/gcc/or1k-elf/4.9.1/../../../../or1k-elf/lib/crt0.o
LOAD /opt/or1k-toolchain/lib/gcc/or1k-elf/4.9.1/crti.o
LOAD /opt/or1k-toolchain/lib/gcc/or1k-elf/4.9.1/crtbegin.o
                0x0000000000000000                PROVIDE (__executable_start, 0x0)
                0x0000000000000000                . = 0x0

.vectors        0x0000000000000000     0x2000
 *(.vectors)
 .vectors       0x0000000000000000     0x2000 /opt/or1k-toolchain/lib/gcc/or1k-elf/4.9.1/../../../../or1k-elf/lib/crt0.o

.note.gnu.build-id
 *(.note.gnu.build-id)

.hash
 *(.hash)

.gnu.hash
 *(.gnu.hash)

.dynsym
 *(.dynsym)

.dynstr
 *(.dynstr)

.gnu.version
 *(.gnu.version)

.gnu.version_d
 *(.gnu.version_d)

.gnu.version_r
 *(.gnu.version_r)

.rela.dyn       0x0000000000002000        0x0
 *(.rela.init)
 *(.rela.text .rela.text.* .rela.gnu.linkonce.t.*)
 .rela.text     0x0000000000000000        0x0 /opt/or1k-toolchain/lib/gcc/or1k-elf/4.9.1/../../../../or1k-elf/lib/crt0.o
 *(.rela.fini)
 *(.rela.rodata .rela.rodata.* .rela.gnu.linkonce.r.*)
 *(.rela.data .rela.data.* .rela.gnu.linkonce.d.*)
 .rela.data     0x0000000000000000        0x0 /opt/or1k-toolchain/lib/gcc/or1k-elf/4.9.1/../../../../or1k-elf/lib/crt0.o
 *(.rela.tdata .rela.tdata.* .rela.gnu.linkonce.td.*)
 *(.rela.tbss .rela.tbss.* .rela.gnu.linkonce.tb.*)
 *(.rela.ctors)
 *(.rela.dtors)
 *(.rela.got)
 *(.rela.sdata .rela.sdata.* .rela.gnu.linkonce.s.*)
 *(.rela.sbss .rela.sbss.* .rela.gnu.linkonce.sb.*)
 *(.rela.sdata2 .rela.sdata2.* .rela.gnu.linkonce.s2.*)
 *(.rela.sbss2 .rela.sbss2.* .rela.gnu.linkonce.sb2.*)
 *(.rela.bss .rela.bss.* .rela.gnu.linkonce.b.*)
                0x0000000000002000                PROVIDE (__rel_iplt_start, .)
                0x0000000000002000                PROVIDE (__rel_iplt_end, .)
                0x0000000000002000                PROVIDE (__rela_iplt_start, .)
 *(.rela.iplt)
                0x0000000000002000                PROVIDE (__rela_iplt_end, .)
 .rela.vectors  0x0000000000000000        0x0 /opt/or1k-toolchain/lib/gcc/or1k-elf/4.9.1/../../../../or1k-elf/lib/crt0.o

.rela.plt
 *(.rela.plt)

.config
 *(.config)

.init           0x0000000000002000       0x28
 *(SORT(.init))
 .init          0x0000000000002000        0xc /opt/or1k-toolchain/lib/gcc/or1k-elf/4.9.1/crti.o
                0x0000000000002004                _init
 .init          0x000000000000200c        0x8 /opt/or1k-toolchain/lib/gcc/or1k-elf/4.9.1/crtbegin.o
 .init          0x0000000000002014        0x8 /opt/or1k-toolchain/lib/gcc/or1k-elf/4.9.1/crtend.o
 .init          0x000000000000201c        0xc /opt/or1k-toolchain/lib/gcc/or1k-elf/4.9.1/crtn.o

.plt
 *(.plt)

.iplt
 *(.iplt)

.text           0x0000000000002028     0x7300
 *(.text.unlikely .text.*_unlikely .text.unlikely.*)
 *(.text.exit .text.exit.*)
 *(.text.startup .text.startup.*)
 *(.text.hot .text.hot.*)
 *(.text .stub .text.* .gnu.linkonce.t.*)
 .text          0x0000000000002028      0x120 /opt/or1k-toolchain/lib/gcc/or1k-elf/4.9.1/../../../../or1k-elf/lib/crt0.o
                0x0000000000002028                _board_init_early
                0x0000000000002038                _start
 .text          0x0000000000002148        0x0 /opt/or1k-toolchain/lib/gcc/or1k-elf/4.9.1/crti.o
 .text          0x0000000000002148      0x258 /opt/or1k-toolchain/lib/gcc/or1k-elf/4.9.1/crtbegin.o
 .text          0x00000000000023a0        0x0 ./atlys.o
 .text          0x00000000000023a0      0x228 ./debug.o
                0x00000000000023a0                DEBUG_LEDCallback
                0x0000000000002440                DEBUG_TriggerLED
                0x00000000000024a0                __uart_init
                0x00000000000024f4                __uart_putc
                0x0000000000002578                __uart_getc
 .text          0x00000000000025c8       0x38 ./init.o
                0x00000000000025c8                _board_init_data
 .text          0x0000000000002600       0xb8 ./main.o
                0x0000000000002600                blink
                0x000000000000267c                main
 .text          0x00000000000026b8      0x8e8 ./timer.o
                0x00000000000026b8                TIMER_Init
                0x0000000000002730                ISR_Timer
                0x0000000000002950                TIMER_AddHandler
                0x0000000000002bf8                TIMER_RemoveHandler
                0x0000000000002c98                TIMER_Stop
                0x0000000000002d60                TIMER_Start
                0x0000000000002e98                TIMER_SetReload
                0x0000000000002f68                TIMER_GetDelta
 .text          0x0000000000002fa0       0x30 /opt/or1k-toolchain/lib/gcc/or1k-elf/4.9.1/../../../../or1k-elf/lib/libc.a(lib_a-atexit.o)
                0x0000000000002fa0                atexit
 .text          0x0000000000002fd0      0x140 /opt/or1k-toolchain/lib/gcc/or1k-elf/4.9.1/../../../../or1k-elf/lib/libc.a(lib_a-__atexit.o)
                0x0000000000002fd0                __register_exitproc
 .text          0x0000000000003110       0x48 /opt/or1k-toolchain/lib/gcc/or1k-elf/4.9.1/../../../../or1k-elf/lib/libc.a(lib_a-exit.o)
                0x0000000000003110                exit
 .text          0x0000000000003158        0x0 /opt/or1k-toolchain/lib/gcc/or1k-elf/4.9.1/../../../../or1k-elf/lib/libc.a(lib_a-impure.o)
 .text          0x0000000000003158       0x6c /opt/or1k-toolchain/lib/gcc/or1k-elf/4.9.1/../../../../or1k-elf/lib/libc.a(lib_a-iprintf.o)
                0x0000000000003158                iprintf
                0x0000000000003198                _iprintf_r
 .text          0x00000000000031c4      0x184 /opt/or1k-toolchain/lib/gcc/or1k-elf/4.9.1/../../../../or1k-elf/lib/libc.a(lib_a-or1k-impure.o)
                0x00000000000031c4                __impure_init
                0x0000000000003328                __getreent
 .text          0x0000000000003348      0x4a8 /opt/or1k-toolchain/lib/gcc/or1k-elf/4.9.1/../../../../or1k-elf/lib/libc.a(lib_a-or1k-support-asm.o)
                0x0000000000003348                or1k_dmmu_enable
                0x000000000000335c                or1k_dmmu_disable
                0x0000000000003378                or1k_immu_enable
                0x000000000000338c                or1k_immu_disable
                0x00000000000033a8                or1k_cache_init
                0x00000000000034b0                or1k_icache_enable
                0x00000000000034d8                or1k_icache_disable
                0x00000000000034f4                or1k_icache_flush
                0x00000000000034fc                or1k_dcache_enable
                0x0000000000003524                or1k_dcache_disable
                0x0000000000003540                or1k_dcache_flush
                0x0000000000003548                or1k_interrupt_handler
                0x00000000000035d4                or1k_interrupt_handler_add
                0x000000000000360c                or1k_interrupt_enable
                0x0000000000003634                or1k_interrupt_disable
                0x0000000000003660                or1k_exception_handler
                0x00000000000037c4                or1k_exception_handler_add
 .text          0x00000000000037f0      0x458 /opt/or1k-toolchain/lib/gcc/or1k-elf/4.9.1/../../../../or1k-elf/lib/libc.a(lib_a-or1k-support.o)
                0x00000000000037f0                or1k_timer_interrupt_handler
                0x0000000000003840                or1k_interrupts_enable
                0x0000000000003864                or1k_interrupts_disable
                0x0000000000003898                or1k_interrupts_restore
                0x00000000000038c0                or1k_report
                0x00000000000038dc                or1k_mtspr
                0x00000000000038f4                or1k_mfspr
                0x000000000000390c                or1k_rand
                0x0000000000003968                or1k_timer_init
                0x0000000000003a20                or1k_timer_set_period
                0x0000000000003a8c                or1k_timer_set_handler
                0x0000000000003ab4                or1k_timer_set_mode
                0x0000000000003adc                or1k_timer_enable
                0x0000000000003b2c                or1k_timer_disable
                0x0000000000003b60                or1k_timer_restore
                0x0000000000003b88                or1k_timer_pause
                0x0000000000003bbc                or1k_timer_reset
                0x0000000000003bfc                or1k_timer_get_ticks
                0x0000000000003c1c                or1k_timer_reset_ticks
 .text          0x0000000000003c48     0x1434 /opt/or1k-toolchain/lib/gcc/or1k-elf/4.9.1/../../../../or1k-elf/lib/libc.a(lib_a-vfiprintf.o)
                0x0000000000003d64                __sprint_r
                0x0000000000003da8                _vfiprintf_r
                0x0000000000004f40                vfiprintf
 .text          0x000000000000507c      0x1b8 /opt/or1k-toolchain/lib/gcc/or1k-elf/4.9.1/../../../../or1k-elf/lib/libc.a(lib_a-wsetup.o)
                0x000000000000507c                __swsetup_r
 .text          0x0000000000005234      0x1e8 /opt/or1k-toolchain/lib/gcc/or1k-elf/4.9.1/../../../../or1k-elf/lib/libc.a(lib_a-__call_atexit.o)
                0x0000000000005234                __call_exitprocs
 .text          0x000000000000541c      0x404 /opt/or1k-toolchain/lib/gcc/or1k-elf/4.9.1/../../../../or1k-elf/lib/libc.a(lib_a-fflush.o)
                0x000000000000541c                __sflush_r
                0x0000000000005738                _fflush_r
                0x00000000000057b0                fflush
 .text          0x0000000000005820      0x4d4 /opt/or1k-toolchain/lib/gcc/or1k-elf/4.9.1/../../../../or1k-elf/lib/libc.a(lib_a-findfp.o)
                0x0000000000005850                _cleanup_r
                0x0000000000005a20                __sfmoreglue
                0x0000000000005a98                __sfp
                0x0000000000005be0                _cleanup
                0x0000000000005c14                __sinit
                0x0000000000005c44                __sfp_lock_acquire
                0x0000000000005c58                __sfp_lock_release
                0x0000000000005c6c                __sinit_lock_acquire
                0x0000000000005c80                __sinit_lock_release
                0x0000000000005c94                __fp_lock_all
                0x0000000000005cc4                __fp_unlock_all
 .text          0x0000000000005cf4      0x22c /opt/or1k-toolchain/lib/gcc/or1k-elf/4.9.1/../../../../or1k-elf/lib/libc.a(lib_a-fputwc.o)
                0x0000000000005cf4                _fputwc_r
                0x0000000000005eac                fputwc
 .text          0x0000000000005f20      0x48c /opt/or1k-toolchain/lib/gcc/or1k-elf/4.9.1/../../../../or1k-elf/lib/libc.a(lib_a-freer.o)
                0x0000000000005f20                _malloc_trim_r
                0x000000000000606c                _free_r
 .text          0x00000000000063ac      0x59c /opt/or1k-toolchain/lib/gcc/or1k-elf/4.9.1/../../../../or1k-elf/lib/libc.a(lib_a-fvwrite.o)
                0x00000000000063ac                __sfvwrite_r
 .text          0x0000000000006948      0x1ac /opt/or1k-toolchain/lib/gcc/or1k-elf/4.9.1/../../../../or1k-elf/lib/libc.a(lib_a-fwalk.o)
                0x0000000000006948                _fwalk
                0x0000000000006a20                _fwalk_reent
 .text          0x0000000000006af4      0x18c /opt/or1k-toolchain/lib/gcc/or1k-elf/4.9.1/../../../../or1k-elf/lib/libc.a(lib_a-locale.o)
                0x0000000000006af4                _setlocale_r
                0x0000000000006b84                __locale_charset
                0x0000000000006ba0                __locale_mb_cur_max
                0x0000000000006bc0                __locale_msgcharset
                0x0000000000006bdc                __locale_cjk_lang
                0x0000000000006bf4                _localeconv_r
                0x0000000000006c10                setlocale
                0x0000000000006c58                localeconv
 .text          0x0000000000006c80      0x1dc /opt/or1k-toolchain/lib/gcc/or1k-elf/4.9.1/../../../../or1k-elf/lib/libc.a(lib_a-makebuf.o)
                0x0000000000006c80                __smakebuf_r
 .text          0x0000000000006e5c      0x988 /opt/or1k-toolchain/lib/gcc/or1k-elf/4.9.1/../../../../or1k-elf/lib/libc.a(lib_a-mallocr.o)
                0x0000000000006e5c                _malloc_r
 .text          0x00000000000077e4      0x154 /opt/or1k-toolchain/lib/gcc/or1k-elf/4.9.1/../../../../or1k-elf/lib/libc.a(lib_a-memchr.o)
                0x00000000000077e4                memchr
 .text          0x0000000000007938      0x15c /opt/or1k-toolchain/lib/gcc/or1k-elf/4.9.1/../../../../or1k-elf/lib/libc.a(lib_a-memcpy.o)
                0x0000000000007938                memcpy
 .text          0x0000000000007a94      0x1a4 /opt/or1k-toolchain/lib/gcc/or1k-elf/4.9.1/../../../../or1k-elf/lib/libc.a(lib_a-memmove.o)
                0x0000000000007a94                memmove
 .text          0x0000000000007c38      0x168 /opt/or1k-toolchain/lib/gcc/or1k-elf/4.9.1/../../../../or1k-elf/lib/libc.a(lib_a-memset.o)
                0x0000000000007c38                memset
 .text          0x0000000000007da0      0x110 /opt/or1k-toolchain/lib/gcc/or1k-elf/4.9.1/../../../../or1k-elf/lib/libc.a(lib_a-mlock.o)
                0x0000000000007da0                __malloc_lock
                0x0000000000007e40                __malloc_unlock
 .text          0x0000000000007eb0      0x5b8 /opt/or1k-toolchain/lib/gcc/or1k-elf/4.9.1/../../../../or1k-elf/lib/libc.a(lib_a-reallocr.o)
                0x0000000000007eb0                _realloc_r
 .text          0x0000000000008468      0x19c /opt/or1k-toolchain/lib/gcc/or1k-elf/4.9.1/../../../../or1k-elf/lib/libc.a(lib_a-stdio.o)
                0x0000000000008468                __sread
                0x00000000000084d0                __seofread
                0x00000000000084e8                __swrite
                0x0000000000008578                __sseek
                0x00000000000085e0                __sclose
 .text          0x0000000000008604      0x124 /opt/or1k-toolchain/lib/gcc/or1k-elf/4.9.1/../../../../or1k-elf/lib/libc.a(lib_a-strcmp.o)
                0x0000000000008604                strcmp
 .text          0x0000000000008728      0x108 /opt/or1k-toolchain/lib/gcc/or1k-elf/4.9.1/../../../../or1k-elf/lib/libc.a(lib_a-strlen.o)
                0x0000000000008728                strlen
 .text          0x0000000000008830      0x1e4 /opt/or1k-toolchain/lib/gcc/or1k-elf/4.9.1/../../../../or1k-elf/lib/libc.a(lib_a-wbuf.o)
                0x0000000000008830                __swbuf_r
                0x00000000000089cc                __swbuf
 .text          0x0000000000008a14      0x18c /opt/or1k-toolchain/lib/gcc/or1k-elf/4.9.1/../../../../or1k-elf/lib/libc.a(lib_a-wcrtomb.o)
                0x0000000000008a14                _wcrtomb_r
                0x0000000000008ad8                wcrtomb
 .text          0x0000000000008ba0       0xc8 /opt/or1k-toolchain/lib/gcc/or1k-elf/4.9.1/../../../../or1k-elf/lib/libc.a(lib_a-wctomb_r.o)
                0x0000000000008ba0                __ascii_wctomb
                0x0000000000008bec                _wctomb_r
 .text          0x0000000000008c68      0x194 /opt/or1k-toolchain/lib/gcc/or1k-elf/4.9.1/../../../../or1k-elf/lib/libc.a(lib_a-fclose.o)
                0x0000000000008c68                _fclose_r
                0x0000000000008dc4                fclose
 .text          0x0000000000008dfc       0x10 /opt/or1k-toolchain/lib/gcc/or1k-elf/4.9.1/../../../../or1k-elf/lib/libor1k.a(_exit.o)
                0x0000000000008dfc                _exit
 .text          0x0000000000008e0c       0x20 /opt/or1k-toolchain/lib/gcc/or1k-elf/4.9.1/../../../../or1k-elf/lib/libor1k.a(close.o)
                0x0000000000008e0c                _close_r
 .text          0x0000000000008e2c       0x6c /opt/or1k-toolchain/lib/gcc/or1k-elf/4.9.1/../../../../or1k-elf/lib/libor1k.a(fstat.o)
                0x0000000000008e2c                _fstat_r
 .text          0x0000000000008e98       0x68 /opt/or1k-toolchain/lib/gcc/or1k-elf/4.9.1/../../../../or1k-elf/lib/libor1k.a(isatty.o)
                0x0000000000008e98                _isatty_r
 .text          0x0000000000008f00       0x68 /opt/or1k-toolchain/lib/gcc/or1k-elf/4.9.1/../../../../or1k-elf/lib/libor1k.a(lseek.o)
                0x0000000000008f00                _lseek_r
 .text          0x0000000000008f68       0xd0 /opt/or1k-toolchain/lib/gcc/or1k-elf/4.9.1/../../../../or1k-elf/lib/libor1k.a(read.o)
                0x0000000000008f68                _read_r
 .text          0x0000000000009038       0x58 /opt/or1k-toolchain/lib/gcc/or1k-elf/4.9.1/../../../../or1k-elf/lib/libor1k.a(sbrk.o)
                0x0000000000009038                _sbrk_r
 .text          0x0000000000009090       0xd8 /opt/or1k-toolchain/lib/gcc/or1k-elf/4.9.1/../../../../or1k-elf/lib/libor1k.a(write.o)
                0x0000000000009090                _write_r
 .text          0x0000000000009168       0x34 /opt/or1k-toolchain/lib/gcc/or1k-elf/4.9.1/../../../../or1k-elf/lib/libboard-or1ksim.a(or1ksim.o)
                0x0000000000009180                _board_exit
                0x0000000000009194                _board_init
 .text          0x000000000000919c       0xfc /opt/or1k-toolchain/lib/gcc/or1k-elf/4.9.1/libgcc.a(__udivsi3.o)
                0x000000000000919c                __udivsi3_internal
                0x000000000000919c                __udivsi3
 .text          0x0000000000009298       0x20 /opt/or1k-toolchain/lib/gcc/or1k-elf/4.9.1/libgcc.a(__umodsi3.o)
                0x0000000000009298                __umodsi3
 .text          0x00000000000092b8       0x70 /opt/or1k-toolchain/lib/gcc/or1k-elf/4.9.1/crtend.o
 .text          0x0000000000009328        0x0 /opt/or1k-toolchain/lib/gcc/or1k-elf/4.9.1/crtn.o
 *(.gnu.warning)

.fini           0x0000000000009328       0x1c
 *(SORT(.fini))
 .fini          0x0000000000009328        0x8 /opt/or1k-toolchain/lib/gcc/or1k-elf/4.9.1/crti.o
                0x0000000000009328                _fini
 .fini          0x0000000000009330        0x8 /opt/or1k-toolchain/lib/gcc/or1k-elf/4.9.1/crtbegin.o
 .fini          0x0000000000009338        0xc /opt/or1k-toolchain/lib/gcc/or1k-elf/4.9.1/crtn.o
                0x0000000000009344                PROVIDE (__etext, .)
                0x0000000000009344                PROVIDE (_etext, .)
                0x0000000000009344                PROVIDE (etext, .)

.rodata         0x0000000000009344      0x360
 *(.rodata .rodata.* .gnu.linkonce.r.*)
 .rodata        0x0000000000009344       0x18 ./atlys.o
                0x0000000000009344                _board_mem_base
                0x0000000000009348                _board_mem_size
                0x000000000000934c                _board_clk_freq
                0x0000000000009350                _board_uart_base
                0x0000000000009354                _board_uart_baud
                0x0000000000009358                _board_uart_IRQ
 .rodata        0x000000000000935c      0x18b ./timer.o
 *fill*         0x00000000000094e7        0x1 
 .rodata        0x00000000000094e8        0x4 /opt/or1k-toolchain/lib/gcc/or1k-elf/4.9.1/../../../../or1k-elf/lib/libc.a(lib_a-impure.o)
                0x00000000000094e8                _global_impure_ptr
 .rodata.str1.1
                0x00000000000094ec        0x2 /opt/or1k-toolchain/lib/gcc/or1k-elf/4.9.1/../../../../or1k-elf/lib/libc.a(lib_a-impure.o)
 .rodata.str1.1
                0x0000000000000000        0x2 /opt/or1k-toolchain/lib/gcc/or1k-elf/4.9.1/../../../../or1k-elf/lib/libc.a(lib_a-or1k-impure.o)
 .rodata.str1.1
                0x00000000000094ee       0x29 /opt/or1k-toolchain/lib/gcc/or1k-elf/4.9.1/../../../../or1k-elf/lib/libc.a(lib_a-vfiprintf.o)
 *fill*         0x0000000000009517        0x1 
 .rodata        0x0000000000009518      0x184 /opt/or1k-toolchain/lib/gcc/or1k-elf/4.9.1/../../../../or1k-elf/lib/libc.a(lib_a-vfiprintf.o)
 .rodata.str1.1
                0x000000000000969c        0x8 /opt/or1k-toolchain/lib/gcc/or1k-elf/4.9.1/../../../../or1k-elf/lib/libc.a(lib_a-locale.o)
                                          0xb (size before relaxing)
                0x00000000000096a4                . = ALIGN (0x4)

.rodata1
 *(.rodata1)

.sdata2
 *(.sdata2 .sdata2.* .gnu.linkonce.s2.*)

.sbss2
 *(.sbss2 .sbss2.* .gnu.linkonce.sb2.*)

.eh_frame_hdr
 *(.eh_frame_hdr)

.eh_frame
 *(.eh_frame)

.gcc_except_table
 *(.gcc_except_table .gcc_except_table.*)

.exception_ranges
 *(.exception_ranges .exception_ranges*)
                0x00000000000096a4                . = ALIGN (0x4)
                0x00000000000096a4                __data_load = .

.eh_frame       0x0000000020000000        0x4 load address 0x00000000000096a4
                0x0000000020000000                __data_start = DEFINED (__data_start)?__data_start:.
 *(.eh_frame)
 .eh_frame      0x0000000020000000        0x0 /opt/or1k-toolchain/lib/gcc/or1k-elf/4.9.1/crtbegin.o
 .eh_frame      0x0000000020000000        0x4 /opt/or1k-toolchain/lib/gcc/or1k-elf/4.9.1/crtend.o

.gcc_except_table
                0x0000000020000004                __data_start = DEFINED (__data_start)?__data_start:.
 *(.gcc_except_table .gcc_except_table.*)

.exception_ranges
                0x0000000020000004                __data_start = DEFINED (__data_start)?__data_start:.
 *(.exception_ranges .exception_ranges*)

.tdata          0x0000000020000004        0x0 load address 0x00000000000096a8
                0x0000000020000004                __data_start = DEFINED (__data_start)?__data_start:.
 *(.tdata .tdata.* .gnu.linkonce.td.*)

.tbss
 *(.tbss .tbss.* .gnu.linkonce.tb.*)
 *(.tcommon)

.preinit_array  0x0000000020000004        0x0 load address 0x00000000000096a8
                0x0000000020000004                PROVIDE (__preinit_array_start, .)
 *(.preinit_array)
                0x0000000020000004                PROVIDE (__preinit_array_end, .)

.init_array     0x0000000020000004        0x0 load address 0x00000000000096a8
                0x0000000020000004                PROVIDE (__init_array_start, .)
 *(SORT(.init_array.*))
 *(.init_array)
                0x0000000020000004                PROVIDE (__init_array_end, .)

.fini_array     0x0000000020000004        0x0 load address 0x00000000000096a8
                0x0000000020000004                PROVIDE (__fini_array_start, .)
 *(SORT(.fini_array.*))
 *(.fini_array)
                0x0000000020000004                PROVIDE (__fini_array_end, .)

.ctors          0x0000000020000004        0x8 load address 0x00000000000096a8
 *crtbegin.o(.ctors)
 .ctors         0x0000000020000004        0x4 /opt/or1k-toolchain/lib/gcc/or1k-elf/4.9.1/crtbegin.o
 *crtbegin?.o(.ctors)
 *(EXCLUDE_FILE(*crtend?.o *crtend.o) .ctors)
 *(SORT(.ctors.*))
 *(.ctors)
 .ctors         0x0000000020000008        0x4 /opt/or1k-toolchain/lib/gcc/or1k-elf/4.9.1/crtend.o

.dtors          0x000000002000000c        0x8 load address 0x00000000000096b0
 *crtbegin.o(.dtors)
 .dtors         0x000000002000000c        0x4 /opt/or1k-toolchain/lib/gcc/or1k-elf/4.9.1/crtbegin.o
 *crtbegin?.o(.dtors)
 *(EXCLUDE_FILE(*crtend?.o *crtend.o) .dtors)
 *(SORT(.dtors.*))
 *(.dtors)
 .dtors         0x0000000020000010        0x4 /opt/or1k-toolchain/lib/gcc/or1k-elf/4.9.1/crtend.o
                0x0000000020000010                __DTOR_END__

.jcr            0x0000000020000014        0x4 load address 0x00000000000096b8
 *(.jcr)
 .jcr           0x0000000020000014        0x0 /opt/or1k-toolchain/lib/gcc/or1k-elf/4.9.1/crtbegin.o
 .jcr           0x0000000020000014        0x4 /opt/or1k-toolchain/lib/gcc/or1k-elf/4.9.1/crtend.o

.data.rel.ro
 *(.data.rel.ro.local* .gnu.linkonce.d.rel.ro.local.*)
 *(.data.rel.ro .data.rel.ro.* .gnu.linkonce.d.rel.ro.*)

.dynamic
 *(.dynamic)

.data           0x0000000020000018      0xe78 load address 0x00000000000096bc
 *(.data .data.* .gnu.linkonce.d.*)
 .data          0x0000000020000018       0x18 /opt/or1k-toolchain/lib/gcc/or1k-elf/4.9.1/../../../../or1k-elf/lib/crt0.o
                0x0000000020000018                stack_top
                0x000000002000001c                stack_bottom
                0x0000000020000020                stack_size
                0x0000000020000024                exception_stack_top
                0x0000000020000028                exception_stack_bottom
                0x000000002000002c                exception_stack_size
 .data          0x0000000020000030        0x0 /opt/or1k-toolchain/lib/gcc/or1k-elf/4.9.1/crti.o
 .data          0x0000000020000030        0x4 /opt/or1k-toolchain/lib/gcc/or1k-elf/4.9.1/crtbegin.o
                0x0000000020000030                __dso_handle
 .data          0x0000000020000034        0x0 ./atlys.o
 .data          0x0000000020000034        0x0 ./debug.o
 .data          0x0000000020000034        0x0 ./init.o
 .data          0x0000000020000034        0x0 ./main.o
 .data          0x0000000020000034        0x0 ./timer.o
 .data          0x0000000020000034        0x0 /opt/or1k-toolchain/lib/gcc/or1k-elf/4.9.1/../../../../or1k-elf/lib/libc.a(lib_a-atexit.o)
 .data          0x0000000020000034        0x0 /opt/or1k-toolchain/lib/gcc/or1k-elf/4.9.1/../../../../or1k-elf/lib/libc.a(lib_a-__atexit.o)
 .data          0x0000000020000034        0x0 /opt/or1k-toolchain/lib/gcc/or1k-elf/4.9.1/../../../../or1k-elf/lib/libc.a(lib_a-exit.o)
 .data          0x0000000020000034      0x428 /opt/or1k-toolchain/lib/gcc/or1k-elf/4.9.1/../../../../or1k-elf/lib/libc.a(lib_a-impure.o)
                0x0000000020000034                _impure_ptr
 .data          0x000000002000045c        0x0 /opt/or1k-toolchain/lib/gcc/or1k-elf/4.9.1/../../../../or1k-elf/lib/libc.a(lib_a-iprintf.o)
 .data          0x000000002000045c      0x428 /opt/or1k-toolchain/lib/gcc/or1k-elf/4.9.1/../../../../or1k-elf/lib/libc.a(lib_a-or1k-impure.o)
                0x000000002000045c                _exception_impure_ptr
 .data          0x0000000020000884      0x174 /opt/or1k-toolchain/lib/gcc/or1k-elf/4.9.1/../../../../or1k-elf/lib/libc.a(lib_a-or1k-support-asm.o)
                0x0000000020000884                or1k_interrupt_handler_table
                0x0000000020000904                or1k_interrupt_handler_data_ptr_table
                0x0000000020000984                or1k_exception_handler_table
 .data          0x00000000200009f8        0x4 /opt/or1k-toolchain/lib/gcc/or1k-elf/4.9.1/../../../../or1k-elf/lib/libc.a(lib_a-or1k-support.o)
 .data          0x00000000200009fc        0x0 /opt/or1k-toolchain/lib/gcc/or1k-elf/4.9.1/../../../../or1k-elf/lib/libc.a(lib_a-vfiprintf.o)
 .data          0x00000000200009fc        0x0 /opt/or1k-toolchain/lib/gcc/or1k-elf/4.9.1/../../../../or1k-elf/lib/libc.a(lib_a-wsetup.o)
 .data          0x00000000200009fc        0x0 /opt/or1k-toolchain/lib/gcc/or1k-elf/4.9.1/../../../../or1k-elf/lib/libc.a(lib_a-__call_atexit.o)
 .data          0x00000000200009fc        0x0 /opt/or1k-toolchain/lib/gcc/or1k-elf/4.9.1/../../../../or1k-elf/lib/libc.a(lib_a-fflush.o)
 .data          0x00000000200009fc        0x0 /opt/or1k-toolchain/lib/gcc/or1k-elf/4.9.1/../../../../or1k-elf/lib/libc.a(lib_a-findfp.o)
 .data          0x00000000200009fc        0x0 /opt/or1k-toolchain/lib/gcc/or1k-elf/4.9.1/../../../../or1k-elf/lib/libc.a(lib_a-fputwc.o)
 .data          0x00000000200009fc        0x0 /opt/or1k-toolchain/lib/gcc/or1k-elf/4.9.1/../../../../or1k-elf/lib/libc.a(lib_a-freer.o)
 .data          0x00000000200009fc        0x0 /opt/or1k-toolchain/lib/gcc/or1k-elf/4.9.1/../../../../or1k-elf/lib/libc.a(lib_a-fvwrite.o)
 .data          0x00000000200009fc        0x0 /opt/or1k-toolchain/lib/gcc/or1k-elf/4.9.1/../../../../or1k-elf/lib/libc.a(lib_a-fwalk.o)
 .data          0x00000000200009fc       0x7c /opt/or1k-toolchain/lib/gcc/or1k-elf/4.9.1/../../../../or1k-elf/lib/libc.a(lib_a-locale.o)
                0x0000000020000a74                __mb_cur_max
 .data          0x0000000020000a78        0x0 /opt/or1k-toolchain/lib/gcc/or1k-elf/4.9.1/../../../../or1k-elf/lib/libc.a(lib_a-makebuf.o)
 .data          0x0000000020000a78      0x410 /opt/or1k-toolchain/lib/gcc/or1k-elf/4.9.1/../../../../or1k-elf/lib/libc.a(lib_a-mallocr.o)
                0x0000000020000a78                __malloc_sbrk_base
                0x0000000020000a7c                __malloc_trim_threshold
                0x0000000020000a80                __malloc_av_
 .data          0x0000000020000e88        0x0 /opt/or1k-toolchain/lib/gcc/or1k-elf/4.9.1/../../../../or1k-elf/lib/libc.a(lib_a-memchr.o)
 .data          0x0000000020000e88        0x0 /opt/or1k-toolchain/lib/gcc/or1k-elf/4.9.1/../../../../or1k-elf/lib/libc.a(lib_a-memcpy.o)
 .data          0x0000000020000e88        0x0 /opt/or1k-toolchain/lib/gcc/or1k-elf/4.9.1/../../../../or1k-elf/lib/libc.a(lib_a-memmove.o)
 .data          0x0000000020000e88        0x0 /opt/or1k-toolchain/lib/gcc/or1k-elf/4.9.1/../../../../or1k-elf/lib/libc.a(lib_a-memset.o)
 .data          0x0000000020000e88        0x0 /opt/or1k-toolchain/lib/gcc/or1k-elf/4.9.1/../../../../or1k-elf/lib/libc.a(lib_a-mlock.o)
 .data          0x0000000020000e88        0x0 /opt/or1k-toolchain/lib/gcc/or1k-elf/4.9.1/../../../../or1k-elf/lib/libc.a(lib_a-reallocr.o)
 .data          0x0000000020000e88        0x0 /opt/or1k-toolchain/lib/gcc/or1k-elf/4.9.1/../../../../or1k-elf/lib/libc.a(lib_a-stdio.o)
 .data          0x0000000020000e88        0x0 /opt/or1k-toolchain/lib/gcc/or1k-elf/4.9.1/../../../../or1k-elf/lib/libc.a(lib_a-strcmp.o)
 .data          0x0000000020000e88        0x0 /opt/or1k-toolchain/lib/gcc/or1k-elf/4.9.1/../../../../or1k-elf/lib/libc.a(lib_a-strlen.o)
 .data          0x0000000020000e88        0x0 /opt/or1k-toolchain/lib/gcc/or1k-elf/4.9.1/../../../../or1k-elf/lib/libc.a(lib_a-wbuf.o)
 .data          0x0000000020000e88        0x0 /opt/or1k-toolchain/lib/gcc/or1k-elf/4.9.1/../../../../or1k-elf/lib/libc.a(lib_a-wcrtomb.o)
 .data          0x0000000020000e88        0x4 /opt/or1k-toolchain/lib/gcc/or1k-elf/4.9.1/../../../../or1k-elf/lib/libc.a(lib_a-wctomb_r.o)
                0x0000000020000e88                __wctomb
 .data          0x0000000020000e8c        0x0 /opt/or1k-toolchain/lib/gcc/or1k-elf/4.9.1/../../../../or1k-elf/lib/libc.a(lib_a-fclose.o)
 .data          0x0000000020000e8c        0x0 /opt/or1k-toolchain/lib/gcc/or1k-elf/4.9.1/../../../../or1k-elf/lib/libor1k.a(_exit.o)
 .data          0x0000000020000e8c        0x0 /opt/or1k-toolchain/lib/gcc/or1k-elf/4.9.1/../../../../or1k-elf/lib/libor1k.a(close.o)
 .data          0x0000000020000e8c        0x0 /opt/or1k-toolchain/lib/gcc/or1k-elf/4.9.1/../../../../or1k-elf/lib/libor1k.a(fstat.o)
 .data          0x0000000020000e8c        0x0 /opt/or1k-toolchain/lib/gcc/or1k-elf/4.9.1/../../../../or1k-elf/lib/libor1k.a(isatty.o)
 .data          0x0000000020000e8c        0x0 /opt/or1k-toolchain/lib/gcc/or1k-elf/4.9.1/../../../../or1k-elf/lib/libor1k.a(lseek.o)
 .data          0x0000000020000e8c        0x0 /opt/or1k-toolchain/lib/gcc/or1k-elf/4.9.1/../../../../or1k-elf/lib/libor1k.a(read.o)
 .data          0x0000000020000e8c        0x4 /opt/or1k-toolchain/lib/gcc/or1k-elf/4.9.1/../../../../or1k-elf/lib/libor1k.a(sbrk.o)
 .data          0x0000000020000e90        0x0 /opt/or1k-toolchain/lib/gcc/or1k-elf/4.9.1/../../../../or1k-elf/lib/libor1k.a(write.o)
 .data          0x0000000020000e90        0x0 /opt/or1k-toolchain/lib/gcc/or1k-elf/4.9.1/../../../../or1k-elf/lib/libboard-or1ksim.a(or1ksim.o)
 .data          0x0000000020000e90        0x0 /opt/or1k-toolchain/lib/gcc/or1k-elf/4.9.1/libgcc.a(__udivsi3.o)
 .data          0x0000000020000e90        0x0 /opt/or1k-toolchain/lib/gcc/or1k-elf/4.9.1/libgcc.a(__umodsi3.o)
 .data          0x0000000020000e90        0x0 /opt/or1k-toolchain/lib/gcc/or1k-elf/4.9.1/crtend.o
 .data          0x0000000020000e90        0x0 /opt/or1k-toolchain/lib/gcc/or1k-elf/4.9.1/crtn.o

.tm_clone_table
                0x0000000020000e90        0x0 load address 0x000000000000a534
 .tm_clone_table
                0x0000000020000e90        0x0 /opt/or1k-toolchain/lib/gcc/or1k-elf/4.9.1/crtbegin.o
 .tm_clone_table
                0x0000000020000e90        0x0 /opt/or1k-toolchain/lib/gcc/or1k-elf/4.9.1/crtend.o

.data1
 *(.data1)

.got
 *(.got.plt)
 *(.igot.plt)
 *(.got)
 *(.igot)

.sdata
 *(.sdata .sdata.* .gnu.linkonce.s.*)

.programmer
 *(.programmer)
                0x0000000020000e90                _edata = .
                0x0000000020000e90                PROVIDE (edata, .)
                0x0000000020000e90                . = ALIGN (0x4)

.noinit
 *(.noinit)
                0x0000000020000e90                . = ALIGN (0x4)
                0x0000000020000e90                __bss_start = .

.sbss
 *(.dynsbss)
 *(.sbss .sbss.* .gnu.linkonce.sb.*)
 *(.scommon)

.bss            0x0000000020000e90       0xd0 load address 0x000000000000a534
 *(.dynbss)
 *(.bss .bss.* .gnu.linkonce.b.*)
 .bss           0x0000000020000e90        0x0 /opt/or1k-toolchain/lib/gcc/or1k-elf/4.9.1/../../../../or1k-elf/lib/crt0.o
 .bss           0x0000000020000e90        0x0 /opt/or1k-toolchain/lib/gcc/or1k-elf/4.9.1/crti.o
 .bss           0x0000000020000e90       0x20 /opt/or1k-toolchain/lib/gcc/or1k-elf/4.9.1/crtbegin.o
 .bss           0x0000000020000eb0        0x0 ./atlys.o
 .bss           0x0000000020000eb0        0x8 ./debug.o
 .bss           0x0000000020000eb8        0x0 ./init.o
 .bss           0x0000000020000eb8        0x0 ./main.o
 .bss           0x0000000020000eb8       0x40 ./timer.o
 .bss           0x0000000020000ef8        0x0 /opt/or1k-toolchain/lib/gcc/or1k-elf/4.9.1/../../../../or1k-elf/lib/libc.a(lib_a-atexit.o)
 .bss           0x0000000020000ef8        0x0 /opt/or1k-toolchain/lib/gcc/or1k-elf/4.9.1/../../../../or1k-elf/lib/libc.a(lib_a-__atexit.o)
 .bss           0x0000000020000ef8        0x0 /opt/or1k-toolchain/lib/gcc/or1k-elf/4.9.1/../../../../or1k-elf/lib/libc.a(lib_a-exit.o)
 .bss           0x0000000020000ef8        0x0 /opt/or1k-toolchain/lib/gcc/or1k-elf/4.9.1/../../../../or1k-elf/lib/libc.a(lib_a-impure.o)
 .bss           0x0000000020000ef8        0x0 /opt/or1k-toolchain/lib/gcc/or1k-elf/4.9.1/../../../../or1k-elf/lib/libc.a(lib_a-iprintf.o)
 .bss           0x0000000020000ef8        0x0 /opt/or1k-toolchain/lib/gcc/or1k-elf/4.9.1/../../../../or1k-elf/lib/libc.a(lib_a-or1k-impure.o)
 .bss           0x0000000020000ef8        0x0 /opt/or1k-toolchain/lib/gcc/or1k-elf/4.9.1/../../../../or1k-elf/lib/libc.a(lib_a-or1k-support-asm.o)
 .bss           0x0000000020000ef8        0x4 /opt/or1k-toolchain/lib/gcc/or1k-elf/4.9.1/../../../../or1k-elf/lib/libc.a(lib_a-or1k-support.o)
 .bss           0x0000000020000efc        0x0 /opt/or1k-toolchain/lib/gcc/or1k-elf/4.9.1/../../../../or1k-elf/lib/libc.a(lib_a-vfiprintf.o)
 .bss           0x0000000020000efc        0x0 /opt/or1k-toolchain/lib/gcc/or1k-elf/4.9.1/../../../../or1k-elf/lib/libc.a(lib_a-wsetup.o)
 .bss           0x0000000020000efc        0x0 /opt/or1k-toolchain/lib/gcc/or1k-elf/4.9.1/../../../../or1k-elf/lib/libc.a(lib_a-__call_atexit.o)
 .bss           0x0000000020000efc        0x0 /opt/or1k-toolchain/lib/gcc/or1k-elf/4.9.1/../../../../or1k-elf/lib/libc.a(lib_a-fflush.o)
 .bss           0x0000000020000efc        0x0 /opt/or1k-toolchain/lib/gcc/or1k-elf/4.9.1/../../../../or1k-elf/lib/libc.a(lib_a-findfp.o)
 .bss           0x0000000020000efc        0x0 /opt/or1k-toolchain/lib/gcc/or1k-elf/4.9.1/../../../../or1k-elf/lib/libc.a(lib_a-fputwc.o)
 .bss           0x0000000020000efc        0x0 /opt/or1k-toolchain/lib/gcc/or1k-elf/4.9.1/../../../../or1k-elf/lib/libc.a(lib_a-freer.o)
 .bss           0x0000000020000efc        0x0 /opt/or1k-toolchain/lib/gcc/or1k-elf/4.9.1/../../../../or1k-elf/lib/libc.a(lib_a-fvwrite.o)
 .bss           0x0000000020000efc        0x0 /opt/or1k-toolchain/lib/gcc/or1k-elf/4.9.1/../../../../or1k-elf/lib/libc.a(lib_a-fwalk.o)
 .bss           0x0000000020000efc        0xc /opt/or1k-toolchain/lib/gcc/or1k-elf/4.9.1/../../../../or1k-elf/lib/libc.a(lib_a-locale.o)
                0x0000000020000efc                _PathLocale
                0x0000000020000f00                __mlocale_changed
                0x0000000020000f04                __nlocale_changed
 .bss           0x0000000020000f08        0x0 /opt/or1k-toolchain/lib/gcc/or1k-elf/4.9.1/../../../../or1k-elf/lib/libc.a(lib_a-makebuf.o)
 .bss           0x0000000020000f08       0x34 /opt/or1k-toolchain/lib/gcc/or1k-elf/4.9.1/../../../../or1k-elf/lib/libc.a(lib_a-mallocr.o)
                0x0000000020000f08                __malloc_current_mallinfo
                0x0000000020000f30                __malloc_max_total_mem
                0x0000000020000f34                __malloc_max_sbrked_mem
                0x0000000020000f38                __malloc_top_pad
 .bss           0x0000000020000f3c        0x0 /opt/or1k-toolchain/lib/gcc/or1k-elf/4.9.1/../../../../or1k-elf/lib/libc.a(lib_a-memchr.o)
 .bss           0x0000000020000f3c        0x0 /opt/or1k-toolchain/lib/gcc/or1k-elf/4.9.1/../../../../or1k-elf/lib/libc.a(lib_a-memcpy.o)
 .bss           0x0000000020000f3c        0x0 /opt/or1k-toolchain/lib/gcc/or1k-elf/4.9.1/../../../../or1k-elf/lib/libc.a(lib_a-memmove.o)
 .bss           0x0000000020000f3c        0x0 /opt/or1k-toolchain/lib/gcc/or1k-elf/4.9.1/../../../../or1k-elf/lib/libc.a(lib_a-memset.o)
 .bss           0x0000000020000f3c        0x0 /opt/or1k-toolchain/lib/gcc/or1k-elf/4.9.1/../../../../or1k-elf/lib/libc.a(lib_a-mlock.o)
 .bss           0x0000000020000f3c        0x0 /opt/or1k-toolchain/lib/gcc/or1k-elf/4.9.1/../../../../or1k-elf/lib/libc.a(lib_a-reallocr.o)
 .bss           0x0000000020000f3c        0x0 /opt/or1k-toolchain/lib/gcc/or1k-elf/4.9.1/../../../../or1k-elf/lib/libc.a(lib_a-stdio.o)
 .bss           0x0000000020000f3c        0x0 /opt/or1k-toolchain/lib/gcc/or1k-elf/4.9.1/../../../../or1k-elf/lib/libc.a(lib_a-strcmp.o)
 .bss           0x0000000020000f3c        0x0 /opt/or1k-toolchain/lib/gcc/or1k-elf/4.9.1/../../../../or1k-elf/lib/libc.a(lib_a-strlen.o)
 .bss           0x0000000020000f3c        0x0 /opt/or1k-toolchain/lib/gcc/or1k-elf/4.9.1/../../../../or1k-elf/lib/libc.a(lib_a-wbuf.o)
 .bss           0x0000000020000f3c        0x0 /opt/or1k-toolchain/lib/gcc/or1k-elf/4.9.1/../../../../or1k-elf/lib/libc.a(lib_a-wcrtomb.o)
 .bss           0x0000000020000f3c        0x0 /opt/or1k-toolchain/lib/gcc/or1k-elf/4.9.1/../../../../or1k-elf/lib/libc.a(lib_a-wctomb_r.o)
 .bss           0x0000000020000f3c        0x0 /opt/or1k-toolchain/lib/gcc/or1k-elf/4.9.1/../../../../or1k-elf/lib/libc.a(lib_a-fclose.o)
 .bss           0x0000000020000f3c        0x0 /opt/or1k-toolchain/lib/gcc/or1k-elf/4.9.1/../../../../or1k-elf/lib/libor1k.a(_exit.o)
 .bss           0x0000000020000f3c        0x0 /opt/or1k-toolchain/lib/gcc/or1k-elf/4.9.1/../../../../or1k-elf/lib/libor1k.a(close.o)
 .bss           0x0000000020000f3c        0x0 /opt/or1k-toolchain/lib/gcc/or1k-elf/4.9.1/../../../../or1k-elf/lib/libor1k.a(fstat.o)
 .bss           0x0000000020000f3c        0x0 /opt/or1k-toolchain/lib/gcc/or1k-elf/4.9.1/../../../../or1k-elf/lib/libor1k.a(isatty.o)
 .bss           0x0000000020000f3c        0x0 /opt/or1k-toolchain/lib/gcc/or1k-elf/4.9.1/../../../../or1k-elf/lib/libor1k.a(lseek.o)
 .bss           0x0000000020000f3c        0x0 /opt/or1k-toolchain/lib/gcc/or1k-elf/4.9.1/../../../../or1k-elf/lib/libor1k.a(read.o)
 .bss           0x0000000020000f3c        0x0 /opt/or1k-toolchain/lib/gcc/or1k-elf/4.9.1/../../../../or1k-elf/lib/libor1k.a(sbrk.o)
 .bss           0x0000000020000f3c        0x0 /opt/or1k-toolchain/lib/gcc/or1k-elf/4.9.1/../../../../or1k-elf/lib/libor1k.a(write.o)
 .bss           0x0000000020000f3c        0x0 /opt/or1k-toolchain/lib/gcc/or1k-elf/4.9.1/../../../../or1k-elf/lib/libboard-or1ksim.a(or1ksim.o)
 .bss           0x0000000020000f3c        0x0 /opt/or1k-toolchain/lib/gcc/or1k-elf/4.9.1/libgcc.a(__udivsi3.o)
 .bss           0x0000000020000f3c        0x0 /opt/or1k-toolchain/lib/gcc/or1k-elf/4.9.1/libgcc.a(__umodsi3.o)
 .bss           0x0000000020000f3c        0x0 /opt/or1k-toolchain/lib/gcc/or1k-elf/4.9.1/crtend.o
 .bss           0x0000000020000f3c        0x0 /opt/or1k-toolchain/lib/gcc/or1k-elf/4.9.1/crtn.o
 *(COMMON)
 COMMON         0x0000000020000f3c        0x4 ./main.o
                0x0000000020000f3c                dwTest
 COMMON         0x0000000020000f40        0x4 /opt/or1k-toolchain/lib/gcc/or1k-elf/4.9.1/../../../../or1k-elf/lib/libc.a(lib_a-or1k-impure.o)
                0x0000000020000f40                _current_impure_ptr
 COMMON         0x0000000020000f44        0xc /opt/or1k-toolchain/lib/gcc/or1k-elf/4.9.1/../../../../or1k-elf/lib/libc.a(lib_a-or1k-support.o)
                0x0000000020000f44                or1k_timer_mode
                0x0000000020000f48                or1k_timer_ticks
                0x0000000020000f4c                or1k_timer_period
 COMMON         0x0000000020000f50       0x10 /opt/or1k-toolchain/lib/gcc/or1k-elf/4.9.1/../../../../or1k-elf/lib/libc.a(lib_a-mlock.o)
                0x0000000020000f50                _malloc_lock_restore_interrupts
                0x0000000020000f54                _malloc_lock_cnt
                0x0000000020000f58                _malloc_lock_own
                0x0000000020000f5c                _malloc_lock_restore_timer
                0x0000000020000f60                . = ALIGN ((. != 0x0)?0x4:0x1)
                0x0000000020000f60                . = ALIGN (0x4)
                0x0000000020000f60                . = SEGMENT_START ("ldata-segment", .)
                0x0000000020000f60                . = ALIGN (0x4)
                0x0000000020000f60                _end = .
                0x0000000020000f60                PROVIDE (end, .)

.stab
 *(.stab)

.stabstr
 *(.stabstr)

.stab.excl
 *(.stab.excl)

.stab.exclstr
 *(.stab.exclstr)

.stab.index
 *(.stab.index)

.stab.indexstr
 *(.stab.indexstr)

.comment        0x0000000000000000       0x11
 *(.comment)
 .comment       0x0000000000000000       0x11 /opt/or1k-toolchain/lib/gcc/or1k-elf/4.9.1/crtbegin.o
                                         0x12 (size before relaxing)
 .comment       0x0000000000000000       0x12 ./atlys.o
 .comment       0x0000000000000000       0x12 ./debug.o
 .comment       0x0000000000000000       0x12 ./main.o
 .comment       0x0000000000000000       0x12 ./timer.o
 .comment       0x0000000000000000       0x12 /opt/or1k-toolchain/lib/gcc/or1k-elf/4.9.1/../../../../or1k-elf/lib/libc.a(lib_a-atexit.o)
 .comment       0x0000000000000000       0x12 /opt/or1k-toolchain/lib/gcc/or1k-elf/4.9.1/../../../../or1k-elf/lib/libc.a(lib_a-__atexit.o)
 .comment       0x0000000000000000       0x12 /opt/or1k-toolchain/lib/gcc/or1k-elf/4.9.1/../../../../or1k-elf/lib/libc.a(lib_a-exit.o)
 .comment       0x0000000000000000       0x12 /opt/or1k-toolchain/lib/gcc/or1k-elf/4.9.1/../../../../or1k-elf/lib/libc.a(lib_a-impure.o)
 .comment       0x0000000000000000       0x12 /opt/or1k-toolchain/lib/gcc/or1k-elf/4.9.1/../../../../or1k-elf/lib/libc.a(lib_a-iprintf.o)
 .comment       0x0000000000000000       0x12 /opt/or1k-toolchain/lib/gcc/or1k-elf/4.9.1/../../../../or1k-elf/lib/libc.a(lib_a-or1k-impure.o)
 .comment       0x0000000000000000       0x12 /opt/or1k-toolchain/lib/gcc/or1k-elf/4.9.1/../../../../or1k-elf/lib/libc.a(lib_a-or1k-support.o)
 .comment       0x0000000000000000       0x12 /opt/or1k-toolchain/lib/gcc/or1k-elf/4.9.1/../../../../or1k-elf/lib/libc.a(lib_a-vfiprintf.o)
 .comment       0x0000000000000000       0x12 /opt/or1k-toolchain/lib/gcc/or1k-elf/4.9.1/../../../../or1k-elf/lib/libc.a(lib_a-wsetup.o)
 .comment       0x0000000000000000       0x12 /opt/or1k-toolchain/lib/gcc/or1k-elf/4.9.1/../../../../or1k-elf/lib/libc.a(lib_a-__call_atexit.o)
 .comment       0x0000000000000000       0x12 /opt/or1k-toolchain/lib/gcc/or1k-elf/4.9.1/../../../../or1k-elf/lib/libc.a(lib_a-fflush.o)
 .comment       0x0000000000000000       0x12 /opt/or1k-toolchain/lib/gcc/or1k-elf/4.9.1/../../../../or1k-elf/lib/libc.a(lib_a-findfp.o)
 .comment       0x0000000000000000       0x12 /opt/or1k-toolchain/lib/gcc/or1k-elf/4.9.1/../../../../or1k-elf/lib/libc.a(lib_a-fputwc.o)
 .comment       0x0000000000000000       0x12 /opt/or1k-toolchain/lib/gcc/or1k-elf/4.9.1/../../../../or1k-elf/lib/libc.a(lib_a-freer.o)
 .comment       0x0000000000000000       0x12 /opt/or1k-toolchain/lib/gcc/or1k-elf/4.9.1/../../../../or1k-elf/lib/libc.a(lib_a-fvwrite.o)
 .comment       0x0000000000000000       0x12 /opt/or1k-toolchain/lib/gcc/or1k-elf/4.9.1/../../../../or1k-elf/lib/libc.a(lib_a-fwalk.o)
 .comment       0x0000000000000000       0x12 /opt/or1k-toolchain/lib/gcc/or1k-elf/4.9.1/../../../../or1k-elf/lib/libc.a(lib_a-locale.o)
 .comment       0x0000000000000000       0x12 /opt/or1k-toolchain/lib/gcc/or1k-elf/4.9.1/../../../../or1k-elf/lib/libc.a(lib_a-makebuf.o)
 .comment       0x0000000000000000       0x12 /opt/or1k-toolchain/lib/gcc/or1k-elf/4.9.1/../../../../or1k-elf/lib/libc.a(lib_a-mallocr.o)
 .comment       0x0000000000000000       0x12 /opt/or1k-toolchain/lib/gcc/or1k-elf/4.9.1/../../../../or1k-elf/lib/libc.a(lib_a-memchr.o)
 .comment       0x0000000000000000       0x12 /opt/or1k-toolchain/lib/gcc/or1k-elf/4.9.1/../../../../or1k-elf/lib/libc.a(lib_a-memcpy.o)
 .comment       0x0000000000000000       0x12 /opt/or1k-toolchain/lib/gcc/or1k-elf/4.9.1/../../../../or1k-elf/lib/libc.a(lib_a-memmove.o)
 .comment       0x0000000000000000       0x12 /opt/or1k-toolchain/lib/gcc/or1k-elf/4.9.1/../../../../or1k-elf/lib/libc.a(lib_a-memset.o)
 .comment       0x0000000000000000       0x12 /opt/or1k-toolchain/lib/gcc/or1k-elf/4.9.1/../../../../or1k-elf/lib/libc.a(lib_a-mlock.o)
 .comment       0x0000000000000000       0x12 /opt/or1k-toolchain/lib/gcc/or1k-elf/4.9.1/../../../../or1k-elf/lib/libc.a(lib_a-reallocr.o)
 .comment       0x0000000000000000       0x12 /opt/or1k-toolchain/lib/gcc/or1k-elf/4.9.1/../../../../or1k-elf/lib/libc.a(lib_a-stdio.o)
 .comment       0x0000000000000000       0x12 /opt/or1k-toolchain/lib/gcc/or1k-elf/4.9.1/../../../../or1k-elf/lib/libc.a(lib_a-strcmp.o)
 .comment       0x0000000000000000       0x12 /opt/or1k-toolchain/lib/gcc/or1k-elf/4.9.1/../../../../or1k-elf/lib/libc.a(lib_a-strlen.o)
 .comment       0x0000000000000000       0x12 /opt/or1k-toolchain/lib/gcc/or1k-elf/4.9.1/../../../../or1k-elf/lib/libc.a(lib_a-wbuf.o)
 .comment       0x0000000000000000       0x12 /opt/or1k-toolchain/lib/gcc/or1k-elf/4.9.1/../../../../or1k-elf/lib/libc.a(lib_a-wcrtomb.o)
 .comment       0x0000000000000000       0x12 /opt/or1k-toolchain/lib/gcc/or1k-elf/4.9.1/../../../../or1k-elf/lib/libc.a(lib_a-wctomb_r.o)
 .comment       0x0000000000000000       0x12 /opt/or1k-toolchain/lib/gcc/or1k-elf/4.9.1/../../../../or1k-elf/lib/libc.a(lib_a-fclose.o)
 .comment       0x0000000000000000       0x12 /opt/or1k-toolchain/lib/gcc/or1k-elf/4.9.1/../../../../or1k-elf/lib/libor1k.a(_exit.o)
 .comment       0x0000000000000000       0x12 /opt/or1k-toolchain/lib/gcc/or1k-elf/4.9.1/../../../../or1k-elf/lib/libor1k.a(close.o)
 .comment       0x0000000000000000       0x12 /opt/or1k-toolchain/lib/gcc/or1k-elf/4.9.1/../../../../or1k-elf/lib/libor1k.a(fstat.o)
 .comment       0x0000000000000000       0x12 /opt/or1k-toolchain/lib/gcc/or1k-elf/4.9.1/../../../../or1k-elf/lib/libor1k.a(isatty.o)
 .comment       0x0000000000000000       0x12 /opt/or1k-toolchain/lib/gcc/or1k-elf/4.9.1/../../../../or1k-elf/lib/libor1k.a(lseek.o)
 .comment       0x0000000000000000       0x12 /opt/or1k-toolchain/lib/gcc/or1k-elf/4.9.1/../../../../or1k-elf/lib/libor1k.a(read.o)
 .comment       0x0000000000000000       0x12 /opt/or1k-toolchain/lib/gcc/or1k-elf/4.9.1/../../../../or1k-elf/lib/libor1k.a(sbrk.o)
 .comment       0x0000000000000000       0x12 /opt/or1k-toolchain/lib/gcc/or1k-elf/4.9.1/../../../../or1k-elf/lib/libor1k.a(write.o)
 .comment       0x0000000000000000       0x12 /opt/or1k-toolchain/lib/gcc/or1k-elf/4.9.1/crtend.o

.debug
 *(.debug)

.line
 *(.line)

.debug_srcinfo
 *(.debug_srcinfo)

.debug_sfnames
 *(.debug_sfnames)

.debug_aranges  0x0000000000000000      0x570
 *(.debug_aranges)
 .debug_aranges
                0x0000000000000000       0x18 ./atlys.o
 .debug_aranges
                0x0000000000000018       0x20 ./debug.o
 .debug_aranges
                0x0000000000000038       0x20 ./main.o
 .debug_aranges
                0x0000000000000058       0x20 ./timer.o
 .debug_aranges
                0x0000000000000078       0x20 /opt/or1k-toolchain/lib/gcc/or1k-elf/4.9.1/../../../../or1k-elf/lib/libc.a(lib_a-atexit.o)
 .debug_aranges
                0x0000000000000098       0x20 /opt/or1k-toolchain/lib/gcc/or1k-elf/4.9.1/../../../../or1k-elf/lib/libc.a(lib_a-__atexit.o)
 .debug_aranges
                0x00000000000000b8       0x20 /opt/or1k-toolchain/lib/gcc/or1k-elf/4.9.1/../../../../or1k-elf/lib/libc.a(lib_a-exit.o)
 .debug_aranges
                0x00000000000000d8       0x18 /opt/or1k-toolchain/lib/gcc/or1k-elf/4.9.1/../../../../or1k-elf/lib/libc.a(lib_a-impure.o)
 .debug_aranges
                0x00000000000000f0       0x20 /opt/or1k-toolchain/lib/gcc/or1k-elf/4.9.1/../../../../or1k-elf/lib/libc.a(lib_a-iprintf.o)
 .debug_aranges
                0x0000000000000110       0x20 /opt/or1k-toolchain/lib/gcc/or1k-elf/4.9.1/../../../../or1k-elf/lib/libc.a(lib_a-or1k-impure.o)
 .debug_aranges
                0x0000000000000130       0x20 /opt/or1k-toolchain/lib/gcc/or1k-elf/4.9.1/../../../../or1k-elf/lib/libc.a(lib_a-or1k-support.o)
 .debug_aranges
                0x0000000000000150       0x20 /opt/or1k-toolchain/lib/gcc/or1k-elf/4.9.1/../../../../or1k-elf/lib/libc.a(lib_a-vfiprintf.o)
 .debug_aranges
                0x0000000000000170       0x20 /opt/or1k-toolchain/lib/gcc/or1k-elf/4.9.1/../../../../or1k-elf/lib/libc.a(lib_a-wsetup.o)
 .debug_aranges
                0x0000000000000190       0x20 /opt/or1k-toolchain/lib/gcc/or1k-elf/4.9.1/../../../../or1k-elf/lib/libc.a(lib_a-__call_atexit.o)
 .debug_aranges
                0x00000000000001b0       0x20 /opt/or1k-toolchain/lib/gcc/or1k-elf/4.9.1/../../../../or1k-elf/lib/libc.a(lib_a-fflush.o)
 .debug_aranges
                0x00000000000001d0       0x20 /opt/or1k-toolchain/lib/gcc/or1k-elf/4.9.1/../../../../or1k-elf/lib/libc.a(lib_a-findfp.o)
 .debug_aranges
                0x00000000000001f0       0x20 /opt/or1k-toolchain/lib/gcc/or1k-elf/4.9.1/../../../../or1k-elf/lib/libc.a(lib_a-fputwc.o)
 .debug_aranges
                0x0000000000000210       0x20 /opt/or1k-toolchain/lib/gcc/or1k-elf/4.9.1/../../../../or1k-elf/lib/libc.a(lib_a-freer.o)
 .debug_aranges
                0x0000000000000230       0x20 /opt/or1k-toolchain/lib/gcc/or1k-elf/4.9.1/../../../../or1k-elf/lib/libc.a(lib_a-fvwrite.o)
 .debug_aranges
                0x0000000000000250       0x20 /opt/or1k-toolchain/lib/gcc/or1k-elf/4.9.1/../../../../or1k-elf/lib/libc.a(lib_a-fwalk.o)
 .debug_aranges
                0x0000000000000270       0x20 /opt/or1k-toolchain/lib/gcc/or1k-elf/4.9.1/../../../../or1k-elf/lib/libc.a(lib_a-locale.o)
 .debug_aranges
                0x0000000000000290       0x20 /opt/or1k-toolchain/lib/gcc/or1k-elf/4.9.1/../../../../or1k-elf/lib/libc.a(lib_a-makebuf.o)
 .debug_aranges
                0x00000000000002b0       0x20 /opt/or1k-toolchain/lib/gcc/or1k-elf/4.9.1/../../../../or1k-elf/lib/libc.a(lib_a-mallocr.o)
 .debug_aranges
                0x00000000000002d0       0x20 /opt/or1k-toolchain/lib/gcc/or1k-elf/4.9.1/../../../../or1k-elf/lib/libc.a(lib_a-memchr.o)
 .debug_aranges
                0x00000000000002f0       0x20 /opt/or1k-toolchain/lib/gcc/or1k-elf/4.9.1/../../../../or1k-elf/lib/libc.a(lib_a-memcpy.o)
 .debug_aranges
                0x0000000000000310       0x20 /opt/or1k-toolchain/lib/gcc/or1k-elf/4.9.1/../../../../or1k-elf/lib/libc.a(lib_a-memmove.o)
 .debug_aranges
                0x0000000000000330       0x20 /opt/or1k-toolchain/lib/gcc/or1k-elf/4.9.1/../../../../or1k-elf/lib/libc.a(lib_a-memset.o)
 .debug_aranges
                0x0000000000000350       0x20 /opt/or1k-toolchain/lib/gcc/or1k-elf/4.9.1/../../../../or1k-elf/lib/libc.a(lib_a-mlock.o)
 .debug_aranges
                0x0000000000000370       0x20 /opt/or1k-toolchain/lib/gcc/or1k-elf/4.9.1/../../../../or1k-elf/lib/libc.a(lib_a-reallocr.o)
 .debug_aranges
                0x0000000000000390       0x20 /opt/or1k-toolchain/lib/gcc/or1k-elf/4.9.1/../../../../or1k-elf/lib/libc.a(lib_a-stdio.o)
 .debug_aranges
                0x00000000000003b0       0x20 /opt/or1k-toolchain/lib/gcc/or1k-elf/4.9.1/../../../../or1k-elf/lib/libc.a(lib_a-strcmp.o)
 .debug_aranges
                0x00000000000003d0       0x20 /opt/or1k-toolchain/lib/gcc/or1k-elf/4.9.1/../../../../or1k-elf/lib/libc.a(lib_a-strlen.o)
 .debug_aranges
                0x00000000000003f0       0x20 /opt/or1k-toolchain/lib/gcc/or1k-elf/4.9.1/../../../../or1k-elf/lib/libc.a(lib_a-wbuf.o)
 .debug_aranges
                0x0000000000000410       0x20 /opt/or1k-toolchain/lib/gcc/or1k-elf/4.9.1/../../../../or1k-elf/lib/libc.a(lib_a-wcrtomb.o)
 .debug_aranges
                0x0000000000000430       0x20 /opt/or1k-toolchain/lib/gcc/or1k-elf/4.9.1/../../../../or1k-elf/lib/libc.a(lib_a-wctomb_r.o)
 .debug_aranges
                0x0000000000000450       0x20 /opt/or1k-toolchain/lib/gcc/or1k-elf/4.9.1/../../../../or1k-elf/lib/libc.a(lib_a-fclose.o)
 .debug_aranges
                0x0000000000000470       0x20 /opt/or1k-toolchain/lib/gcc/or1k-elf/4.9.1/../../../../or1k-elf/lib/libor1k.a(_exit.o)
 .debug_aranges
                0x0000000000000490       0x20 /opt/or1k-toolchain/lib/gcc/or1k-elf/4.9.1/../../../../or1k-elf/lib/libor1k.a(close.o)
 .debug_aranges
                0x00000000000004b0       0x20 /opt/or1k-toolchain/lib/gcc/or1k-elf/4.9.1/../../../../or1k-elf/lib/libor1k.a(fstat.o)
 .debug_aranges
                0x00000000000004d0       0x20 /opt/or1k-toolchain/lib/gcc/or1k-elf/4.9.1/../../../../or1k-elf/lib/libor1k.a(isatty.o)
 .debug_aranges
                0x00000000000004f0       0x20 /opt/or1k-toolchain/lib/gcc/or1k-elf/4.9.1/../../../../or1k-elf/lib/libor1k.a(lseek.o)
 .debug_aranges
                0x0000000000000510       0x20 /opt/or1k-toolchain/lib/gcc/or1k-elf/4.9.1/../../../../or1k-elf/lib/libor1k.a(read.o)
 .debug_aranges
                0x0000000000000530       0x20 /opt/or1k-toolchain/lib/gcc/or1k-elf/4.9.1/../../../../or1k-elf/lib/libor1k.a(sbrk.o)
 .debug_aranges
                0x0000000000000550       0x20 /opt/or1k-toolchain/lib/gcc/or1k-elf/4.9.1/../../../../or1k-elf/lib/libor1k.a(write.o)

.debug_pubnames
 *(.debug_pubnames)

.debug_info     0x0000000000000000    0x15db7
 *(.debug_info .gnu.linkonce.wi.*)
 .debug_info    0x0000000000000000       0x94 ./atlys.o
 .debug_info    0x0000000000000094      0x118 ./debug.o
 .debug_info    0x00000000000001ac       0x80 ./main.o
 .debug_info    0x000000000000022c      0x2f0 ./timer.o
 .debug_info    0x000000000000051c      0x10a /opt/or1k-toolchain/lib/gcc/or1k-elf/4.9.1/../../../../or1k-elf/lib/libc.a(lib_a-atexit.o)
 .debug_info    0x0000000000000626      0x934 /opt/or1k-toolchain/lib/gcc/or1k-elf/4.9.1/../../../../or1k-elf/lib/libc.a(lib_a-__atexit.o)
 .debug_info    0x0000000000000f5a      0x8e4 /opt/or1k-toolchain/lib/gcc/or1k-elf/4.9.1/../../../../or1k-elf/lib/libc.a(lib_a-exit.o)
 .debug_info    0x000000000000183e      0x894 /opt/or1k-toolchain/lib/gcc/or1k-elf/4.9.1/../../../../or1k-elf/lib/libc.a(lib_a-impure.o)
 .debug_info    0x00000000000020d2      0x9a6 /opt/or1k-toolchain/lib/gcc/or1k-elf/4.9.1/../../../../or1k-elf/lib/libc.a(lib_a-iprintf.o)
 .debug_info    0x0000000000002a78      0x938 /opt/or1k-toolchain/lib/gcc/or1k-elf/4.9.1/../../../../or1k-elf/lib/libc.a(lib_a-or1k-impure.o)
 .debug_info    0x00000000000033b0      0x824 /opt/or1k-toolchain/lib/gcc/or1k-elf/4.9.1/../../../../or1k-elf/lib/libc.a(lib_a-or1k-support.o)
 .debug_info    0x0000000000003bd4     0x1571 /opt/or1k-toolchain/lib/gcc/or1k-elf/4.9.1/../../../../or1k-elf/lib/libc.a(lib_a-vfiprintf.o)
 .debug_info    0x0000000000005145      0x944 /opt/or1k-toolchain/lib/gcc/or1k-elf/4.9.1/../../../../or1k-elf/lib/libc.a(lib_a-wsetup.o)
 .debug_info    0x0000000000005a89      0x959 /opt/or1k-toolchain/lib/gcc/or1k-elf/4.9.1/../../../../or1k-elf/lib/libc.a(lib_a-__call_atexit.o)
 .debug_info    0x00000000000063e2      0xab6 /opt/or1k-toolchain/lib/gcc/or1k-elf/4.9.1/../../../../or1k-elf/lib/libc.a(lib_a-fflush.o)
 .debug_info    0x0000000000006e98      0xd7f /opt/or1k-toolchain/lib/gcc/or1k-elf/4.9.1/../../../../or1k-elf/lib/libc.a(lib_a-findfp.o)
 .debug_info    0x0000000000007c17      0xad6 /opt/or1k-toolchain/lib/gcc/or1k-elf/4.9.1/../../../../or1k-elf/lib/libc.a(lib_a-fputwc.o)
 .debug_info    0x00000000000086ed      0xc06 /opt/or1k-toolchain/lib/gcc/or1k-elf/4.9.1/../../../../or1k-elf/lib/libc.a(lib_a-freer.o)
 .debug_info    0x00000000000092f3      0xc3d /opt/or1k-toolchain/lib/gcc/or1k-elf/4.9.1/../../../../or1k-elf/lib/libc.a(lib_a-fvwrite.o)
 .debug_info    0x0000000000009f30      0x99e /opt/or1k-toolchain/lib/gcc/or1k-elf/4.9.1/../../../../or1k-elf/lib/libc.a(lib_a-fwalk.o)
 .debug_info    0x000000000000a8ce      0xc37 /opt/or1k-toolchain/lib/gcc/or1k-elf/4.9.1/../../../../or1k-elf/lib/libc.a(lib_a-locale.o)
 .debug_info    0x000000000000b505      0xae5 /opt/or1k-toolchain/lib/gcc/or1k-elf/4.9.1/../../../../or1k-elf/lib/libc.a(lib_a-makebuf.o)
 .debug_info    0x000000000000bfea      0xd6c /opt/or1k-toolchain/lib/gcc/or1k-elf/4.9.1/../../../../or1k-elf/lib/libc.a(lib_a-mallocr.o)
 .debug_info    0x000000000000cd56      0x12b /opt/or1k-toolchain/lib/gcc/or1k-elf/4.9.1/../../../../or1k-elf/lib/libc.a(lib_a-memchr.o)
 .debug_info    0x000000000000ce81      0x131 /opt/or1k-toolchain/lib/gcc/or1k-elf/4.9.1/../../../../or1k-elf/lib/libc.a(lib_a-memcpy.o)
 .debug_info    0x000000000000cfb2      0x131 /opt/or1k-toolchain/lib/gcc/or1k-elf/4.9.1/../../../../or1k-elf/lib/libc.a(lib_a-memmove.o)
 .debug_info    0x000000000000d0e3      0x117 /opt/or1k-toolchain/lib/gcc/or1k-elf/4.9.1/../../../../or1k-elf/lib/libc.a(lib_a-memset.o)
 .debug_info    0x000000000000d1fa      0x993 /opt/or1k-toolchain/lib/gcc/or1k-elf/4.9.1/../../../../or1k-elf/lib/libc.a(lib_a-mlock.o)
 .debug_info    0x000000000000db8d      0xc6d /opt/or1k-toolchain/lib/gcc/or1k-elf/4.9.1/../../../../or1k-elf/lib/libc.a(lib_a-reallocr.o)
 .debug_info    0x000000000000e7fa      0xb7c /opt/or1k-toolchain/lib/gcc/or1k-elf/4.9.1/../../../../or1k-elf/lib/libc.a(lib_a-stdio.o)
 .debug_info    0x000000000000f376       0xdd /opt/or1k-toolchain/lib/gcc/or1k-elf/4.9.1/../../../../or1k-elf/lib/libc.a(lib_a-strcmp.o)
 .debug_info    0x000000000000f453       0xdb /opt/or1k-toolchain/lib/gcc/or1k-elf/4.9.1/../../../../or1k-elf/lib/libc.a(lib_a-strlen.o)
 .debug_info    0x000000000000f52e      0x9d7 /opt/or1k-toolchain/lib/gcc/or1k-elf/4.9.1/../../../../or1k-elf/lib/libc.a(lib_a-wbuf.o)
 .debug_info    0x000000000000ff05      0xa7c /opt/or1k-toolchain/lib/gcc/or1k-elf/4.9.1/../../../../or1k-elf/lib/libc.a(lib_a-wcrtomb.o)
 .debug_info    0x0000000000010981      0x9b1 /opt/or1k-toolchain/lib/gcc/or1k-elf/4.9.1/../../../../or1k-elf/lib/libc.a(lib_a-wctomb_r.o)
 .debug_info    0x0000000000011332      0xa31 /opt/or1k-toolchain/lib/gcc/or1k-elf/4.9.1/../../../../or1k-elf/lib/libc.a(lib_a-fclose.o)
 .debug_info    0x0000000000011d63       0x96 /opt/or1k-toolchain/lib/gcc/or1k-elf/4.9.1/../../../../or1k-elf/lib/libor1k.a(_exit.o)
 .debug_info    0x0000000000011df9      0x894 /opt/or1k-toolchain/lib/gcc/or1k-elf/4.9.1/../../../../or1k-elf/lib/libor1k.a(close.o)
 .debug_info    0x000000000001268d      0xa19 /opt/or1k-toolchain/lib/gcc/or1k-elf/4.9.1/../../../../or1k-elf/lib/libor1k.a(fstat.o)
 .debug_info    0x00000000000130a6      0x8a3 /opt/or1k-toolchain/lib/gcc/or1k-elf/4.9.1/../../../../or1k-elf/lib/libor1k.a(isatty.o)
 .debug_info    0x0000000000013949      0x8c1 /opt/or1k-toolchain/lib/gcc/or1k-elf/4.9.1/../../../../or1k-elf/lib/libor1k.a(lseek.o)
 .debug_info    0x000000000001420a      0x935 /opt/or1k-toolchain/lib/gcc/or1k-elf/4.9.1/../../../../or1k-elf/lib/libor1k.a(read.o)
 .debug_info    0x0000000000014b3f      0x8f9 /opt/or1k-toolchain/lib/gcc/or1k-elf/4.9.1/../../../../or1k-elf/lib/libor1k.a(sbrk.o)
 .debug_info    0x0000000000015438      0x97f /opt/or1k-toolchain/lib/gcc/or1k-elf/4.9.1/../../../../or1k-elf/lib/libor1k.a(write.o)

.debug_abbrev   0x0000000000000000     0x4ea7
 *(.debug_abbrev)
 .debug_abbrev  0x0000000000000000       0x36 ./atlys.o
 .debug_abbrev  0x0000000000000036       0x93 ./debug.o
 .debug_abbrev  0x00000000000000c9       0x80 ./main.o
 .debug_abbrev  0x0000000000000149      0x13d ./timer.o
 .debug_abbrev  0x0000000000000286       0xb5 /opt/or1k-toolchain/lib/gcc/or1k-elf/4.9.1/../../../../or1k-elf/lib/libc.a(lib_a-atexit.o)
 .debug_abbrev  0x000000000000033b      0x20f /opt/or1k-toolchain/lib/gcc/or1k-elf/4.9.1/../../../../or1k-elf/lib/libc.a(lib_a-__atexit.o)
 .debug_abbrev  0x000000000000054a      0x1e6 /opt/or1k-toolchain/lib/gcc/or1k-elf/4.9.1/../../../../or1k-elf/lib/libc.a(lib_a-exit.o)
 .debug_abbrev  0x0000000000000730      0x180 /opt/or1k-toolchain/lib/gcc/or1k-elf/4.9.1/../../../../or1k-elf/lib/libc.a(lib_a-impure.o)
 .debug_abbrev  0x00000000000008b0      0x221 /opt/or1k-toolchain/lib/gcc/or1k-elf/4.9.1/../../../../or1k-elf/lib/libc.a(lib_a-iprintf.o)
 .debug_abbrev  0x0000000000000ad1      0x219 /opt/or1k-toolchain/lib/gcc/or1k-elf/4.9.1/../../../../or1k-elf/lib/libc.a(lib_a-or1k-impure.o)
 .debug_abbrev  0x0000000000000cea      0x2ea /opt/or1k-toolchain/lib/gcc/or1k-elf/4.9.1/../../../../or1k-elf/lib/libc.a(lib_a-or1k-support.o)
 .debug_abbrev  0x0000000000000fd4      0x3a5 /opt/or1k-toolchain/lib/gcc/or1k-elf/4.9.1/../../../../or1k-elf/lib/libc.a(lib_a-vfiprintf.o)
 .debug_abbrev  0x0000000000001379      0x20d /opt/or1k-toolchain/lib/gcc/or1k-elf/4.9.1/../../../../or1k-elf/lib/libc.a(lib_a-wsetup.o)
 .debug_abbrev  0x0000000000001586      0x21f /opt/or1k-toolchain/lib/gcc/or1k-elf/4.9.1/../../../../or1k-elf/lib/libc.a(lib_a-__call_atexit.o)
 .debug_abbrev  0x00000000000017a5      0x282 /opt/or1k-toolchain/lib/gcc/or1k-elf/4.9.1/../../../../or1k-elf/lib/libc.a(lib_a-fflush.o)
 .debug_abbrev  0x0000000000001a27      0x34b /opt/or1k-toolchain/lib/gcc/or1k-elf/4.9.1/../../../../or1k-elf/lib/libc.a(lib_a-findfp.o)
 .debug_abbrev  0x0000000000001d72      0x299 /opt/or1k-toolchain/lib/gcc/or1k-elf/4.9.1/../../../../or1k-elf/lib/libc.a(lib_a-fputwc.o)
 .debug_abbrev  0x000000000000200b      0x26b /opt/or1k-toolchain/lib/gcc/or1k-elf/4.9.1/../../../../or1k-elf/lib/libc.a(lib_a-freer.o)
 .debug_abbrev  0x0000000000002276      0x252 /opt/or1k-toolchain/lib/gcc/or1k-elf/4.9.1/../../../../or1k-elf/lib/libc.a(lib_a-fvwrite.o)
 .debug_abbrev  0x00000000000024c8      0x1c2 /opt/or1k-toolchain/lib/gcc/or1k-elf/4.9.1/../../../../or1k-elf/lib/libc.a(lib_a-fwalk.o)
 .debug_abbrev  0x000000000000268a      0x2b4 /opt/or1k-toolchain/lib/gcc/or1k-elf/4.9.1/../../../../or1k-elf/lib/libc.a(lib_a-locale.o)
 .debug_abbrev  0x000000000000293e      0x206 /opt/or1k-toolchain/lib/gcc/or1k-elf/4.9.1/../../../../or1k-elf/lib/libc.a(lib_a-makebuf.o)
 .debug_abbrev  0x0000000000002b44      0x2b4 /opt/or1k-toolchain/lib/gcc/or1k-elf/4.9.1/../../../../or1k-elf/lib/libc.a(lib_a-mallocr.o)
 .debug_abbrev  0x0000000000002df8       0xab /opt/or1k-toolchain/lib/gcc/or1k-elf/4.9.1/../../../../or1k-elf/lib/libc.a(lib_a-memchr.o)
 .debug_abbrev  0x0000000000002ea3       0xab /opt/or1k-toolchain/lib/gcc/or1k-elf/4.9.1/../../../../or1k-elf/lib/libc.a(lib_a-memcpy.o)
 .debug_abbrev  0x0000000000002f4e       0xab /opt/or1k-toolchain/lib/gcc/or1k-elf/4.9.1/../../../../or1k-elf/lib/libc.a(lib_a-memmove.o)
 .debug_abbrev  0x0000000000002ff9       0x9f /opt/or1k-toolchain/lib/gcc/or1k-elf/4.9.1/../../../../or1k-elf/lib/libc.a(lib_a-memset.o)
 .debug_abbrev  0x0000000000003098      0x227 /opt/or1k-toolchain/lib/gcc/or1k-elf/4.9.1/../../../../or1k-elf/lib/libc.a(lib_a-mlock.o)
 .debug_abbrev  0x00000000000032bf      0x250 /opt/or1k-toolchain/lib/gcc/or1k-elf/4.9.1/../../../../or1k-elf/lib/libc.a(lib_a-reallocr.o)
[...]
 .debug_frame   0x0000000000000ee8       0x28 /opt/or1k-toolchain/lib/gcc/or1k-elf/4.9.1/../../../../or1k-elf/lib/libor1k.a(close.o)
 .debug_frame   0x0000000000000f10       0x28 /opt/or1k-toolchain/lib/gcc/or1k-elf/4.9.1/../../../../or1k-elf/lib/libor1k.a(fstat.o)
 .debug_frame   0x0000000000000f38       0x28 /opt/or1k-toolchain/lib/gcc/or1k-elf/4.9.1/../../../../or1k-elf/lib/libor1k.a(isatty.o)
 .debug_frame   0x0000000000000f60       0x28 /opt/or1k-toolchain/lib/gcc/or1k-elf/4.9.1/../../../../or1k-elf/lib/libor1k.a(lseek.o)
 .debug_frame   0x0000000000000f88       0x30 /opt/or1k-toolchain/lib/gcc/or1k-elf/4.9.1/../../../../or1k-elf/lib/libor1k.a(read.o)
 .debug_frame   0x0000000000000fb8       0x28 /opt/or1k-toolchain/lib/gcc/or1k-elf/4.9.1/../../../../or1k-elf/lib/libor1k.a(sbrk.o)
 .debug_frame   0x0000000000000fe0       0x30 /opt/or1k-toolchain/lib/gcc/or1k-elf/4.9.1/../../../../or1k-elf/lib/libor1k.a(write.o)
 .debug_frame   0x0000000000001010       0x58 /opt/or1k-toolchain/lib/gcc/or1k-elf/4.9.1/crtend.o

.debug_str      0x0000000000000000     0x8d23
 *(.debug_str)
 .debug_str     0x0000000000000000     0x1c0d ./atlys.o
                                       0x1c1f (size before relaxing)
 .debug_str     0x0000000000001c0d     0x23e6 ./debug.o
                                       0x407e (size before relaxing)
 .debug_str     0x0000000000003ff3       0x1c ./main.o
                                       0x1c04 (size before relaxing)
 .debug_str     0x000000000000400f     0x333a ./timer.o
                                       0x7406 (size before relaxing)
 .debug_str     0x0000000000007349       0xdd /opt/or1k-toolchain/lib/gcc/or1k-elf/4.9.1/../../../../or1k-elf/lib/libc.a(lib_a-atexit.o)
                                        0x176 (size before relaxing)
 .debug_str     0x0000000000007426      0x397 /opt/or1k-toolchain/lib/gcc/or1k-elf/4.9.1/../../../../or1k-elf/lib/libc.a(lib_a-__atexit.o)
                                        0x552 (size before relaxing)
 .debug_str     0x00000000000077bd       0x4e /opt/or1k-toolchain/lib/gcc/or1k-elf/4.9.1/../../../../or1k-elf/lib/libc.a(lib_a-exit.o)
                                        0x513 (size before relaxing)
 .debug_str     0x000000000000780b       0x6e /opt/or1k-toolchain/lib/gcc/or1k-elf/4.9.1/../../../../or1k-elf/lib/libc.a(lib_a-impure.o)
                                        0x50a (size before relaxing)
 .debug_str     0x0000000000007879       0xa4 /opt/or1k-toolchain/lib/gcc/or1k-elf/4.9.1/../../../../or1k-elf/lib/libc.a(lib_a-iprintf.o)
                                        0x539 (size before relaxing)
 .debug_str     0x000000000000791d       0xda /opt/or1k-toolchain/lib/gcc/or1k-elf/4.9.1/../../../../or1k-elf/lib/libc.a(lib_a-or1k-impure.o)
                                        0x562 (size before relaxing)
 .debug_str     0x00000000000079f7      0x222 /opt/or1k-toolchain/lib/gcc/or1k-elf/4.9.1/../../../../or1k-elf/lib/libc.a(lib_a-or1k-support.o)
                                        0x35a (size before relaxing)
 .debug_str     0x0000000000007c19      0x1c3 /opt/or1k-toolchain/lib/gcc/or1k-elf/4.9.1/../../../../or1k-elf/lib/libc.a(lib_a-vfiprintf.o)
                                        0x6d4 (size before relaxing)
 .debug_str     0x0000000000007ddc       0x48 /opt/or1k-toolchain/lib/gcc/or1k-elf/4.9.1/../../../../or1k-elf/lib/libc.a(lib_a-wsetup.o)
                                        0x528 (size before relaxing)
 .debug_str     0x0000000000007e24       0x5c /opt/or1k-toolchain/lib/gcc/or1k-elf/4.9.1/../../../../or1k-elf/lib/libc.a(lib_a-__call_atexit.o)
                                        0x537 (size before relaxing)
 .debug_str     0x0000000000007e80       0x63 /opt/or1k-toolchain/lib/gcc/or1k-elf/4.9.1/../../../../or1k-elf/lib/libc.a(lib_a-fflush.o)
                                        0x563 (size before relaxing)
 .debug_str     0x0000000000007ee3      0x113 /opt/or1k-toolchain/lib/gcc/or1k-elf/4.9.1/../../../../or1k-elf/lib/libc.a(lib_a-findfp.o)
                                        0x616 (size before relaxing)
 .debug_str     0x0000000000007ff6       0x65 /opt/or1k-toolchain/lib/gcc/or1k-elf/4.9.1/../../../../or1k-elf/lib/libc.a(lib_a-fputwc.o)
                                        0x569 (size before relaxing)
 .debug_str     0x000000000000805b      0x172 /opt/or1k-toolchain/lib/gcc/or1k-elf/4.9.1/../../../../or1k-elf/lib/libc.a(lib_a-freer.o)
                                        0x663 (size before relaxing)
 .debug_str     0x00000000000081cd       0x6c /opt/or1k-toolchain/lib/gcc/or1k-elf/4.9.1/../../../../or1k-elf/lib/libc.a(lib_a-fvwrite.o)
                                        0x59c (size before relaxing)
 .debug_str     0x0000000000008239       0x41 /opt/or1k-toolchain/lib/gcc/or1k-elf/4.9.1/../../../../or1k-elf/lib/libc.a(lib_a-fwalk.o)
                                        0x50f (size before relaxing)
 .debug_str     0x000000000000827a      0x23e /opt/or1k-toolchain/lib/gcc/or1k-elf/4.9.1/../../../../or1k-elf/lib/libc.a(lib_a-locale.o)
                                        0x766 (size before relaxing)
 .debug_str     0x00000000000084b8      0x120 /opt/or1k-toolchain/lib/gcc/or1k-elf/4.9.1/../../../../or1k-elf/lib/libc.a(lib_a-makebuf.o)
                                        0x60c (size before relaxing)
 .debug_str     0x00000000000085d8       0xdf /opt/or1k-toolchain/lib/gcc/or1k-elf/4.9.1/../../../../or1k-elf/lib/libc.a(lib_a-mallocr.o)
                                        0x719 (size before relaxing)
 .debug_str     0x00000000000086b7       0x8a /opt/or1k-toolchain/lib/gcc/or1k-elf/4.9.1/../../../../or1k-elf/lib/libc.a(lib_a-memchr.o)
                                        0x153 (size before relaxing)
 .debug_str     0x0000000000008741       0x5b /opt/or1k-toolchain/lib/gcc/or1k-elf/4.9.1/../../../../or1k-elf/lib/libc.a(lib_a-memcpy.o)
                                        0x160 (size before relaxing)
 .debug_str     0x000000000000879c       0x3e /opt/or1k-toolchain/lib/gcc/or1k-elf/4.9.1/../../../../or1k-elf/lib/libc.a(lib_a-memmove.o)
                                        0x16c (size before relaxing)
 .debug_str     0x00000000000087da       0x48 /opt/or1k-toolchain/lib/gcc/or1k-elf/4.9.1/../../../../or1k-elf/lib/libc.a(lib_a-memset.o)
                                        0x14d (size before relaxing)
 .debug_str     0x0000000000008822       0xbf /opt/or1k-toolchain/lib/gcc/or1k-elf/4.9.1/../../../../or1k-elf/lib/libc.a(lib_a-mlock.o)
                                        0x5ef (size before relaxing)
 .debug_str     0x00000000000088e1       0x4e /opt/or1k-toolchain/lib/gcc/or1k-elf/4.9.1/../../../../or1k-elf/lib/libc.a(lib_a-reallocr.o)
                                        0x5eb (size before relaxing)
 .debug_str     0x000000000000892f       0x92 /opt/or1k-toolchain/lib/gcc/or1k-elf/4.9.1/../../../../or1k-elf/lib/libc.a(lib_a-stdio.o)
                                        0x55d (size before relaxing)
 .debug_str     0x00000000000089c1       0x34 /opt/or1k-toolchain/lib/gcc/or1k-elf/4.9.1/../../../../or1k-elf/lib/libc.a(lib_a-strcmp.o)
                                        0x132 (size before relaxing)
 .debug_str     0x00000000000089f5       0x34 /opt/or1k-toolchain/lib/gcc/or1k-elf/4.9.1/../../../../or1k-elf/lib/libc.a(lib_a-strlen.o)
                                        0x14c (size before relaxing)
 .debug_str     0x0000000000008a29       0x39 /opt/or1k-toolchain/lib/gcc/or1k-elf/4.9.1/../../../../or1k-elf/lib/libc.a(lib_a-wbuf.o)
                                        0x52d (size before relaxing)
 .debug_str     0x0000000000008a62       0x4d /opt/or1k-toolchain/lib/gcc/or1k-elf/4.9.1/../../../../or1k-elf/lib/libc.a(lib_a-wcrtomb.o)
                                        0x540 (size before relaxing)
 .debug_str     0x0000000000008aaf       0x56 /opt/or1k-toolchain/lib/gcc/or1k-elf/4.9.1/../../../../or1k-elf/lib/libc.a(lib_a-wctomb_r.o)
                                        0x54a (size before relaxing)
 .debug_str     0x0000000000008b05       0x44 /opt/or1k-toolchain/lib/gcc/or1k-elf/4.9.1/../../../../or1k-elf/lib/libc.a(lib_a-fclose.o)
                                        0x555 (size before relaxing)
 .debug_str     0x0000000000008b49       0x89 /opt/or1k-toolchain/lib/gcc/or1k-elf/4.9.1/../../../../or1k-elf/lib/libor1k.a(_exit.o)
                                        0x113 (size before relaxing)
 .debug_str     0x0000000000008bd2       0x2b /opt/or1k-toolchain/lib/gcc/or1k-elf/4.9.1/../../../../or1k-elf/lib/libor1k.a(close.o)
                                        0x4e5 (size before relaxing)
 .debug_str     0x0000000000008bfd       0x2b /opt/or1k-toolchain/lib/gcc/or1k-elf/4.9.1/../../../../or1k-elf/lib/libor1k.a(fstat.o)
                                        0x5dc (size before relaxing)
 .debug_str     0x0000000000008c28       0x2c /opt/or1k-toolchain/lib/gcc/or1k-elf/4.9.1/../../../../or1k-elf/lib/libor1k.a(isatty.o)
                                        0x4f8 (size before relaxing)
 .debug_str     0x0000000000008c54       0x2b /opt/or1k-toolchain/lib/gcc/or1k-elf/4.9.1/../../../../or1k-elf/lib/libor1k.a(lseek.o)
                                        0x504 (size before relaxing)
 .debug_str     0x0000000000008c7f       0x2a /opt/or1k-toolchain/lib/gcc/or1k-elf/4.9.1/../../../../or1k-elf/lib/libor1k.a(read.o)
                                        0x518 (size before relaxing)
 .debug_str     0x0000000000008ca9       0x47 /opt/or1k-toolchain/lib/gcc/or1k-elf/4.9.1/../../../../or1k-elf/lib/libor1k.a(sbrk.o)
                                        0x50a (size before relaxing)
 .debug_str     0x0000000000008cf0       0x33 /opt/or1k-toolchain/lib/gcc/or1k-elf/4.9.1/../../../../or1k-elf/lib/libor1k.a(write.o)
                                        0x521 (size before relaxing)

.debug_loc      0x0000000000000000     0x6f93
 *(.debug_loc)
 .debug_loc     0x0000000000000000       0x2c /opt/or1k-toolchain/lib/gcc/or1k-elf/4.9.1/../../../../or1k-elf/lib/libc.a(lib_a-atexit.o)
 .debug_loc     0x000000000000002c      0x168 /opt/or1k-toolchain/lib/gcc/or1k-elf/4.9.1/../../../../or1k-elf/lib/libc.a(lib_a-__atexit.o)
 .debug_loc     0x0000000000000194       0x1e /opt/or1k-toolchain/lib/gcc/or1k-elf/4.9.1/../../../../or1k-elf/lib/libc.a(lib_a-exit.o)
 .debug_loc     0x00000000000001b2       0xfd /opt/or1k-toolchain/lib/gcc/or1k-elf/4.9.1/../../../../or1k-elf/lib/libc.a(lib_a-iprintf.o)
 .debug_loc     0x00000000000002af      0x3c5 /opt/or1k-toolchain/lib/gcc/or1k-elf/4.9.1/../../../../or1k-elf/lib/libc.a(lib_a-or1k-support.o)
 .debug_loc     0x0000000000000674     0x1f3f /opt/or1k-toolchain/lib/gcc/or1k-elf/4.9.1/../../../../or1k-elf/lib/libc.a(lib_a-vfiprintf.o)
 .debug_loc     0x00000000000025b3       0x8c /opt/or1k-toolchain/lib/gcc/or1k-elf/4.9.1/../../../../or1k-elf/lib/libc.a(lib_a-wsetup.o)
 .debug_loc     0x000000000000263f      0x1b6 /opt/or1k-toolchain/lib/gcc/or1k-elf/4.9.1/../../../../or1k-elf/lib/libc.a(lib_a-__call_atexit.o)
 .debug_loc     0x00000000000027f5      0x307 /opt/or1k-toolchain/lib/gcc/or1k-elf/4.9.1/../../../../or1k-elf/lib/libc.a(lib_a-fflush.o)
 .debug_loc     0x0000000000002afc      0x208 /opt/or1k-toolchain/lib/gcc/or1k-elf/4.9.1/../../../../or1k-elf/lib/libc.a(lib_a-findfp.o)
 .debug_loc     0x0000000000002d04      0x257 /opt/or1k-toolchain/lib/gcc/or1k-elf/4.9.1/../../../../or1k-elf/lib/libc.a(lib_a-fputwc.o)
 .debug_loc     0x0000000000002f5b      0x504 /opt/or1k-toolchain/lib/gcc/or1k-elf/4.9.1/../../../../or1k-elf/lib/libc.a(lib_a-freer.o)
 .debug_loc     0x000000000000345f      0x60f /opt/or1k-toolchain/lib/gcc/or1k-elf/4.9.1/../../../../or1k-elf/lib/libc.a(lib_a-fvwrite.o)
 .debug_loc     0x0000000000003a6e      0x22b /opt/or1k-toolchain/lib/gcc/or1k-elf/4.9.1/../../../../or1k-elf/lib/libc.a(lib_a-fwalk.o)
 .debug_loc     0x0000000000003c99       0xd1 /opt/or1k-toolchain/lib/gcc/or1k-elf/4.9.1/../../../../or1k-elf/lib/libc.a(lib_a-locale.o)
 .debug_loc     0x0000000000003d6a      0x128 /opt/or1k-toolchain/lib/gcc/or1k-elf/4.9.1/../../../../or1k-elf/lib/libc.a(lib_a-makebuf.o)
 .debug_loc     0x0000000000003e92      0xbc1 /opt/or1k-toolchain/lib/gcc/or1k-elf/4.9.1/../../../../or1k-elf/lib/libc.a(lib_a-mallocr.o)
 .debug_loc     0x0000000000004a53      0x187 /opt/or1k-toolchain/lib/gcc/or1k-elf/4.9.1/../../../../or1k-elf/lib/libc.a(lib_a-memchr.o)
 .debug_loc     0x0000000000004bda      0x234 /opt/or1k-toolchain/lib/gcc/or1k-elf/4.9.1/../../../../or1k-elf/lib/libc.a(lib_a-memcpy.o)
 .debug_loc     0x0000000000004e0e      0x2c3 /opt/or1k-toolchain/lib/gcc/or1k-elf/4.9.1/../../../../or1k-elf/lib/libc.a(lib_a-memmove.o)
 .debug_loc     0x00000000000050d1      0x1ba /opt/or1k-toolchain/lib/gcc/or1k-elf/4.9.1/../../../../or1k-elf/lib/libc.a(lib_a-memset.o)
 .debug_loc     0x000000000000528b       0xbb /opt/or1k-toolchain/lib/gcc/or1k-elf/4.9.1/../../../../or1k-elf/lib/libc.a(lib_a-mlock.o)
 .debug_loc     0x0000000000005346      0xdc6 /opt/or1k-toolchain/lib/gcc/or1k-elf/4.9.1/../../../../or1k-elf/lib/libc.a(lib_a-reallocr.o)
 .debug_loc     0x000000000000610c      0x2f8 /opt/or1k-toolchain/lib/gcc/or1k-elf/4.9.1/../../../../or1k-elf/lib/libc.a(lib_a-stdio.o)
 .debug_loc     0x0000000000006404       0xb0 /opt/or1k-toolchain/lib/gcc/or1k-elf/4.9.1/../../../../or1k-elf/lib/libc.a(lib_a-strcmp.o)
 .debug_loc     0x00000000000064b4       0x47 /opt/or1k-toolchain/lib/gcc/or1k-elf/4.9.1/../../../../or1k-elf/lib/libc.a(lib_a-strlen.o)
 .debug_loc     0x00000000000064fb      0x186 /opt/or1k-toolchain/lib/gcc/or1k-elf/4.9.1/../../../../or1k-elf/lib/libc.a(lib_a-wbuf.o)
 .debug_loc     0x0000000000006681      0x22f /opt/or1k-toolchain/lib/gcc/or1k-elf/4.9.1/../../../../or1k-elf/lib/libc.a(lib_a-wcrtomb.o)
 .debug_loc     0x00000000000068b0       0xea /opt/or1k-toolchain/lib/gcc/or1k-elf/4.9.1/../../../../or1k-elf/lib/libc.a(lib_a-wctomb_r.o)
 .debug_loc     0x000000000000699a      0x1b0 /opt/or1k-toolchain/lib/gcc/or1k-elf/4.9.1/../../../../or1k-elf/lib/libc.a(lib_a-fclose.o)
 .debug_loc     0x0000000000006b4a       0x21 /opt/or1k-toolchain/lib/gcc/or1k-elf/4.9.1/../../../../or1k-elf/lib/libor1k.a(close.o)
 .debug_loc     0x0000000000006b6b       0x73 /opt/or1k-toolchain/lib/gcc/or1k-elf/4.9.1/../../../../or1k-elf/lib/libor1k.a(fstat.o)
 .debug_loc     0x0000000000006bde       0x47 /opt/or1k-toolchain/lib/gcc/or1k-elf/4.9.1/../../../../or1k-elf/lib/libor1k.a(isatty.o)
 .debug_loc     0x0000000000006c25       0x89 /opt/or1k-toolchain/lib/gcc/or1k-elf/4.9.1/../../../../or1k-elf/lib/libor1k.a(lseek.o)
 .debug_loc     0x0000000000006cae      0x164 /opt/or1k-toolchain/lib/gcc/or1k-elf/4.9.1/../../../../or1k-elf/lib/libor1k.a(read.o)
 .debug_loc     0x0000000000006e12       0x34 /opt/or1k-toolchain/lib/gcc/or1k-elf/4.9.1/../../../../or1k-elf/lib/libor1k.a(sbrk.o)
 .debug_loc     0x0000000000006e46      0x14d /opt/or1k-toolchain/lib/gcc/or1k-elf/4.9.1/../../../../or1k-elf/lib/libor1k.a(write.o)

.debug_macinfo
 *(.debug_macinfo)

.debug_weaknames
 *(.debug_weaknames)

.debug_funcnames
 *(.debug_funcnames)

.debug_typenames
 *(.debug_typenames)

.debug_varnames
 *(.debug_varnames)

.debug_pubtypes
 *(.debug_pubtypes)

.debug_ranges   0x0000000000000000      0x6a0
 *(.debug_ranges)
 .debug_ranges  0x0000000000000000       0x98 /opt/or1k-toolchain/lib/gcc/or1k-elf/4.9.1/../../../../or1k-elf/lib/libc.a(lib_a-or1k-impure.o)
 .debug_ranges  0x0000000000000098      0x108 /opt/or1k-toolchain/lib/gcc/or1k-elf/4.9.1/../../../../or1k-elf/lib/libc.a(lib_a-or1k-support.o)
 .debug_ranges  0x00000000000001a0      0x1a0 /opt/or1k-toolchain/lib/gcc/or1k-elf/4.9.1/../../../../or1k-elf/lib/libc.a(lib_a-vfiprintf.o)
 .debug_ranges  0x0000000000000340       0x18 /opt/or1k-toolchain/lib/gcc/or1k-elf/4.9.1/../../../../or1k-elf/lib/libc.a(lib_a-wsetup.o)
 .debug_ranges  0x0000000000000358       0x20 /opt/or1k-toolchain/lib/gcc/or1k-elf/4.9.1/../../../../or1k-elf/lib/libc.a(lib_a-__call_atexit.o)
 .debug_ranges  0x0000000000000378       0x48 /opt/or1k-toolchain/lib/gcc/or1k-elf/4.9.1/../../../../or1k-elf/lib/libc.a(lib_a-fflush.o)
 .debug_ranges  0x00000000000003c0       0x80 /opt/or1k-toolchain/lib/gcc/or1k-elf/4.9.1/../../../../or1k-elf/lib/libc.a(lib_a-findfp.o)
 .debug_ranges  0x0000000000000440       0x30 /opt/or1k-toolchain/lib/gcc/or1k-elf/4.9.1/../../../../or1k-elf/lib/libc.a(lib_a-fputwc.o)
 .debug_ranges  0x0000000000000470       0x20 /opt/or1k-toolchain/lib/gcc/or1k-elf/4.9.1/../../../../or1k-elf/lib/libc.a(lib_a-fvwrite.o)
 .debug_ranges  0x0000000000000490       0x18 /opt/or1k-toolchain/lib/gcc/or1k-elf/4.9.1/../../../../or1k-elf/lib/libc.a(lib_a-locale.o)
 .debug_ranges  0x00000000000004a8       0x38 /opt/or1k-toolchain/lib/gcc/or1k-elf/4.9.1/../../../../or1k-elf/lib/libc.a(lib_a-mallocr.o)
 .debug_ranges  0x00000000000004e0      0x128 /opt/or1k-toolchain/lib/gcc/or1k-elf/4.9.1/../../../../or1k-elf/lib/libc.a(lib_a-reallocr.o)
 .debug_ranges  0x0000000000000608       0x20 /opt/or1k-toolchain/lib/gcc/or1k-elf/4.9.1/../../../../or1k-elf/lib/libc.a(lib_a-wbuf.o)
 .debug_ranges  0x0000000000000628       0x38 /opt/or1k-toolchain/lib/gcc/or1k-elf/4.9.1/../../../../or1k-elf/lib/libc.a(lib_a-fclose.o)
 .debug_ranges  0x0000000000000660       0x20 /opt/or1k-toolchain/lib/gcc/or1k-elf/4.9.1/../../../../or1k-elf/lib/libor1k.a(read.o)
 .debug_ranges  0x0000000000000680       0x20 /opt/or1k-toolchain/lib/gcc/or1k-elf/4.9.1/../../../../or1k-elf/lib/libor1k.a(write.o)

.debug_macro    0x0000000000000000     0x1c77
 *(.debug_macro)
 .debug_macro   0x0000000000000000       0x1a ./atlys.o
 .debug_macro   0x000000000000001a      0x4f6 ./atlys.o
 .debug_macro   0x0000000000000510       0xe8 ./atlys.o
 .debug_macro   0x00000000000005f8      0x109 ./debug.o
 .debug_macro   0x0000000000000701       0x46 ./debug.o
 .debug_macro   0x0000000000000747       0x16 ./debug.o
 .debug_macro   0x000000000000075d       0x2e ./debug.o
 .debug_macro   0x000000000000078b       0xa2 ./debug.o
 .debug_macro   0x000000000000082d       0x16 ./debug.o
 .debug_macro   0x0000000000000843       0x97 ./debug.o
 .debug_macro   0x00000000000008da       0x10 ./debug.o
 .debug_macro   0x00000000000008ea       0x3a ./debug.o
 .debug_macro   0x0000000000000924       0x52 ./debug.o
 .debug_macro   0x0000000000000976       0x16 ./debug.o
 .debug_macro   0x000000000000098c       0x19 ./debug.o
 .debug_macro   0x00000000000009a5      0x180 ./debug.o
 .debug_macro   0x0000000000000b25       0x10 ./debug.o
 .debug_macro   0x0000000000000b35       0xef ./debug.o
 .debug_macro   0x0000000000000c24       0x22 ./debug.o
 .debug_macro   0x0000000000000c46       0xbd ./debug.o
 .debug_macro   0x0000000000000d03       0x16 ./debug.o
 .debug_macro   0x0000000000000d19      0x16c ./debug.o
 .debug_macro   0x0000000000000e85       0x40 ./debug.o
 .debug_macro   0x0000000000000ec5       0x16 ./debug.o
 .debug_macro   0x0000000000000edb       0x23 ./main.o
 .debug_macro   0x0000000000000efe      0x13d ./timer.o
 .debug_macro   0x000000000000103b       0x46 ./timer.o
 .debug_macro   0x0000000000001081      0x214 ./timer.o
 .debug_macro   0x0000000000001295       0x1c ./timer.o
 .debug_macro   0x00000000000012b1      0x9c6 ./timer.o

.gnu.attributes
 *(.gnu.attributes)

/DISCARD/
 *(.note.GNU-stack)
 *(.gnu_debuglink)
 *(.gnu.lto_*)
LOAD ./atlys.o
LOAD ./debug.o
LOAD ./init.o
LOAD ./main.o
LOAD ./timer.o
LOAD /opt/or1k-toolchain/lib/gcc/or1k-elf/4.9.1/libgcc.a
LOAD /opt/or1k-toolchain/lib/gcc/or1k-elf/4.9.1/../../../../or1k-elf/lib/libc.a
LOAD /opt/or1k-toolchain/lib/gcc/or1k-elf/4.9.1/../../../../or1k-elf/lib/libor1k.a
LOAD /opt/or1k-toolchain/lib/gcc/or1k-elf/4.9.1/../../../../or1k-elf/lib/libboard-or1ksim.a
LOAD /opt/or1k-toolchain/lib/gcc/or1k-elf/4.9.1/../../../../or1k-elf/lib/libc.a
LOAD /opt/or1k-toolchain/lib/gcc/or1k-elf/4.9.1/libgcc.a
LOAD /opt/or1k-toolchain/lib/gcc/or1k-elf/4.9.1/crtend.o
LOAD /opt/or1k-toolchain/lib/gcc/or1k-elf/4.9.1/crtn.o
OUTPUT(sdr_test elf32-or1k)
