Archive member included because of file (symbol)

/opt/or1k-toolchain/lib/gcc/or1k-elf/4.9.1/../../../../or1k-elf/lib/libc.a(lib_a-atexit.o)
                              /opt/or1k-toolchain/lib/gcc/or1k-elf/4.9.1/../../../../or1k-elf/lib/crt0.o (atexit)
/opt/or1k-toolchain/lib/gcc/or1k-elf/4.9.1/../../../../or1k-elf/lib/libc.a(lib_a-__atexit.o)
                              /opt/or1k-toolchain/lib/gcc/or1k-elf/4.9.1/../../../../or1k-elf/lib/libc.a(lib_a-atexit.o) (__register_exitproc)
/opt/or1k-toolchain/lib/gcc/or1k-elf/4.9.1/../../../../or1k-elf/lib/libc.a(lib_a-exit.o)
                              /opt/or1k-toolchain/lib/gcc/or1k-elf/4.9.1/../../../../or1k-elf/lib/crt0.o (exit)
/opt/or1k-toolchain/lib/gcc/or1k-elf/4.9.1/../../../../or1k-elf/lib/libc.a(lib_a-impure.o)
                              /opt/or1k-toolchain/lib/gcc/or1k-elf/4.9.1/../../../../or1k-elf/lib/libc.a(lib_a-__atexit.o) (_global_impure_ptr)
/opt/or1k-toolchain/lib/gcc/or1k-elf/4.9.1/../../../../or1k-elf/lib/libc.a(lib_a-iprintf.o)
                              ./spi.o (iprintf)
/opt/or1k-toolchain/lib/gcc/or1k-elf/4.9.1/../../../../or1k-elf/lib/libc.a(lib_a-or1k-impure.o)
                              /opt/or1k-toolchain/lib/gcc/or1k-elf/4.9.1/../../../../or1k-elf/lib/crt0.o (__impure_init)
/opt/or1k-toolchain/lib/gcc/or1k-elf/4.9.1/../../../../or1k-elf/lib/libc.a(lib_a-or1k-support-asm.o)
                              /opt/or1k-toolchain/lib/gcc/or1k-elf/4.9.1/../../../../or1k-elf/lib/crt0.o (or1k_cache_init)
/opt/or1k-toolchain/lib/gcc/or1k-elf/4.9.1/../../../../or1k-elf/lib/libc.a(lib_a-or1k-support.o)
                              ./timer.o (or1k_timer_ticks)
/opt/or1k-toolchain/lib/gcc/or1k-elf/4.9.1/../../../../or1k-elf/lib/libc.a(lib_a-vfiprintf.o)
                              /opt/or1k-toolchain/lib/gcc/or1k-elf/4.9.1/../../../../or1k-elf/lib/libc.a(lib_a-iprintf.o) (_vfiprintf_r)
/opt/or1k-toolchain/lib/gcc/or1k-elf/4.9.1/../../../../or1k-elf/lib/libc.a(lib_a-wsetup.o)
                              /opt/or1k-toolchain/lib/gcc/or1k-elf/4.9.1/../../../../or1k-elf/lib/libc.a(lib_a-vfiprintf.o) (__swsetup_r)
/opt/or1k-toolchain/lib/gcc/or1k-elf/4.9.1/../../../../or1k-elf/lib/libc.a(lib_a-__call_atexit.o)
                              /opt/or1k-toolchain/lib/gcc/or1k-elf/4.9.1/../../../../or1k-elf/lib/libc.a(lib_a-exit.o) (__call_exitprocs)
/opt/or1k-toolchain/lib/gcc/or1k-elf/4.9.1/../../../../or1k-elf/lib/libc.a(lib_a-fflush.o)
                              /opt/or1k-toolchain/lib/gcc/or1k-elf/4.9.1/../../../../or1k-elf/lib/libc.a(lib_a-vfiprintf.o) (_fflush_r)
/opt/or1k-toolchain/lib/gcc/or1k-elf/4.9.1/../../../../or1k-elf/lib/libc.a(lib_a-findfp.o)
                              /opt/or1k-toolchain/lib/gcc/or1k-elf/4.9.1/../../../../or1k-elf/lib/libc.a(lib_a-vfiprintf.o) (__sinit)
/opt/or1k-toolchain/lib/gcc/or1k-elf/4.9.1/../../../../or1k-elf/lib/libc.a(lib_a-fputwc.o)
                              /opt/or1k-toolchain/lib/gcc/or1k-elf/4.9.1/../../../../or1k-elf/lib/libc.a(lib_a-vfiprintf.o) (_fputwc_r)
/opt/or1k-toolchain/lib/gcc/or1k-elf/4.9.1/../../../../or1k-elf/lib/libc.a(lib_a-freer.o)
                              /opt/or1k-toolchain/lib/gcc/or1k-elf/4.9.1/../../../../or1k-elf/lib/libc.a(lib_a-wsetup.o) (_free_r)
/opt/or1k-toolchain/lib/gcc/or1k-elf/4.9.1/../../../../or1k-elf/lib/libc.a(lib_a-fvwrite.o)
                              /opt/or1k-toolchain/lib/gcc/or1k-elf/4.9.1/../../../../or1k-elf/lib/libc.a(lib_a-vfiprintf.o) (__sfvwrite_r)
/opt/or1k-toolchain/lib/gcc/or1k-elf/4.9.1/../../../../or1k-elf/lib/libc.a(lib_a-fwalk.o)
                              /opt/or1k-toolchain/lib/gcc/or1k-elf/4.9.1/../../../../or1k-elf/lib/libc.a(lib_a-findfp.o) (_fwalk)
/opt/or1k-toolchain/lib/gcc/or1k-elf/4.9.1/../../../../or1k-elf/lib/libc.a(lib_a-locale.o)
                              /opt/or1k-toolchain/lib/gcc/or1k-elf/4.9.1/../../../../or1k-elf/lib/libc.a(lib_a-fputwc.o) (__locale_mb_cur_max)
/opt/or1k-toolchain/lib/gcc/or1k-elf/4.9.1/../../../../or1k-elf/lib/libc.a(lib_a-makebuf.o)
                              /opt/or1k-toolchain/lib/gcc/or1k-elf/4.9.1/../../../../or1k-elf/lib/libc.a(lib_a-wsetup.o) (__smakebuf_r)
/opt/or1k-toolchain/lib/gcc/or1k-elf/4.9.1/../../../../or1k-elf/lib/libc.a(lib_a-mallocr.o)
                              /opt/or1k-toolchain/lib/gcc/or1k-elf/4.9.1/../../../../or1k-elf/lib/libc.a(lib_a-findfp.o) (_malloc_r)
/opt/or1k-toolchain/lib/gcc/or1k-elf/4.9.1/../../../../or1k-elf/lib/libc.a(lib_a-memchr.o)
                              /opt/or1k-toolchain/lib/gcc/or1k-elf/4.9.1/../../../../or1k-elf/lib/libc.a(lib_a-vfiprintf.o) (memchr)
/opt/or1k-toolchain/lib/gcc/or1k-elf/4.9.1/../../../../or1k-elf/lib/libc.a(lib_a-memcpy.o)
                              /opt/or1k-toolchain/lib/gcc/or1k-elf/4.9.1/../../../../or1k-elf/lib/libc.a(lib_a-fvwrite.o) (memcpy)
/opt/or1k-toolchain/lib/gcc/or1k-elf/4.9.1/../../../../or1k-elf/lib/libc.a(lib_a-memmove.o)
                              /opt/or1k-toolchain/lib/gcc/or1k-elf/4.9.1/../../../../or1k-elf/lib/libc.a(lib_a-fvwrite.o) (memmove)
/opt/or1k-toolchain/lib/gcc/or1k-elf/4.9.1/../../../../or1k-elf/lib/libc.a(lib_a-memset.o)
                              /opt/or1k-toolchain/lib/gcc/or1k-elf/4.9.1/../../../../or1k-elf/lib/libc.a(lib_a-or1k-impure.o) (memset)
/opt/or1k-toolchain/lib/gcc/or1k-elf/4.9.1/../../../../or1k-elf/lib/libc.a(lib_a-mlock.o)
                              /opt/or1k-toolchain/lib/gcc/or1k-elf/4.9.1/../../../../or1k-elf/lib/libc.a(lib_a-freer.o) (__malloc_lock)
/opt/or1k-toolchain/lib/gcc/or1k-elf/4.9.1/../../../../or1k-elf/lib/libc.a(lib_a-reallocr.o)
                              /opt/or1k-toolchain/lib/gcc/or1k-elf/4.9.1/../../../../or1k-elf/lib/libc.a(lib_a-fvwrite.o) (_realloc_r)
/opt/or1k-toolchain/lib/gcc/or1k-elf/4.9.1/../../../../or1k-elf/lib/libc.a(lib_a-stdio.o)
                              /opt/or1k-toolchain/lib/gcc/or1k-elf/4.9.1/../../../../or1k-elf/lib/libc.a(lib_a-findfp.o) (__sread)
/opt/or1k-toolchain/lib/gcc/or1k-elf/4.9.1/../../../../or1k-elf/lib/libc.a(lib_a-strcmp.o)
                              /opt/or1k-toolchain/lib/gcc/or1k-elf/4.9.1/../../../../or1k-elf/lib/libc.a(lib_a-locale.o) (strcmp)
/opt/or1k-toolchain/lib/gcc/or1k-elf/4.9.1/../../../../or1k-elf/lib/libc.a(lib_a-strlen.o)
                              /opt/or1k-toolchain/lib/gcc/or1k-elf/4.9.1/../../../../or1k-elf/lib/libc.a(lib_a-vfiprintf.o) (strlen)
/opt/or1k-toolchain/lib/gcc/or1k-elf/4.9.1/../../../../or1k-elf/lib/libc.a(lib_a-wbuf.o)
                              /opt/or1k-toolchain/lib/gcc/or1k-elf/4.9.1/../../../../or1k-elf/lib/libc.a(lib_a-fputwc.o) (__swbuf_r)
/opt/or1k-toolchain/lib/gcc/or1k-elf/4.9.1/../../../../or1k-elf/lib/libc.a(lib_a-wcrtomb.o)
                              /opt/or1k-toolchain/lib/gcc/or1k-elf/4.9.1/../../../../or1k-elf/lib/libc.a(lib_a-fputwc.o) (_wcrtomb_r)
/opt/or1k-toolchain/lib/gcc/or1k-elf/4.9.1/../../../../or1k-elf/lib/libc.a(lib_a-wctomb_r.o)
                              /opt/or1k-toolchain/lib/gcc/or1k-elf/4.9.1/../../../../or1k-elf/lib/libc.a(lib_a-wcrtomb.o) (__wctomb)
/opt/or1k-toolchain/lib/gcc/or1k-elf/4.9.1/../../../../or1k-elf/lib/libc.a(lib_a-fclose.o)
                              /opt/or1k-toolchain/lib/gcc/or1k-elf/4.9.1/../../../../or1k-elf/lib/libc.a(lib_a-findfp.o) (fclose)
/opt/or1k-toolchain/lib/gcc/or1k-elf/4.9.1/../../../../or1k-elf/lib/libor1k.a(_exit.o)
                              /opt/or1k-toolchain/lib/gcc/or1k-elf/4.9.1/../../../../or1k-elf/lib/libc.a(lib_a-exit.o) (_exit)
/opt/or1k-toolchain/lib/gcc/or1k-elf/4.9.1/../../../../or1k-elf/lib/libor1k.a(close.o)
                              /opt/or1k-toolchain/lib/gcc/or1k-elf/4.9.1/../../../../or1k-elf/lib/libc.a(lib_a-stdio.o) (_close_r)
/opt/or1k-toolchain/lib/gcc/or1k-elf/4.9.1/../../../../or1k-elf/lib/libor1k.a(fstat.o)
                              /opt/or1k-toolchain/lib/gcc/or1k-elf/4.9.1/../../../../or1k-elf/lib/libc.a(lib_a-makebuf.o) (_fstat_r)
/opt/or1k-toolchain/lib/gcc/or1k-elf/4.9.1/../../../../or1k-elf/lib/libor1k.a(isatty.o)
                              /opt/or1k-toolchain/lib/gcc/or1k-elf/4.9.1/../../../../or1k-elf/lib/libc.a(lib_a-makebuf.o) (_isatty_r)
/opt/or1k-toolchain/lib/gcc/or1k-elf/4.9.1/../../../../or1k-elf/lib/libor1k.a(lseek.o)
                              /opt/or1k-toolchain/lib/gcc/or1k-elf/4.9.1/../../../../or1k-elf/lib/libc.a(lib_a-stdio.o) (_lseek_r)
/opt/or1k-toolchain/lib/gcc/or1k-elf/4.9.1/../../../../or1k-elf/lib/libor1k.a(read.o)
                              /opt/or1k-toolchain/lib/gcc/or1k-elf/4.9.1/../../../../or1k-elf/lib/libc.a(lib_a-stdio.o) (_read_r)
/opt/or1k-toolchain/lib/gcc/or1k-elf/4.9.1/../../../../or1k-elf/lib/libor1k.a(sbrk.o)
                              /opt/or1k-toolchain/lib/gcc/or1k-elf/4.9.1/../../../../or1k-elf/lib/libc.a(lib_a-freer.o) (_sbrk_r)
/opt/or1k-toolchain/lib/gcc/or1k-elf/4.9.1/../../../../or1k-elf/lib/libor1k.a(write.o)
                              /opt/or1k-toolchain/lib/gcc/or1k-elf/4.9.1/../../../../or1k-elf/lib/libc.a(lib_a-stdio.o) (_write_r)
/opt/or1k-toolchain/lib/gcc/or1k-elf/4.9.1/../../../../or1k-elf/lib/libboard-or1ksim.a(or1ksim.o)
                              /opt/or1k-toolchain/lib/gcc/or1k-elf/4.9.1/../../../../or1k-elf/lib/libor1k.a(_exit.o) (_board_exit)
/opt/or1k-toolchain/lib/gcc/or1k-elf/4.9.1/libgcc.a(__udivsi3.o)
                              /opt/or1k-toolchain/lib/gcc/or1k-elf/4.9.1/../../../../or1k-elf/lib/libc.a(lib_a-or1k-support.o) (__udivsi3)
/opt/or1k-toolchain/lib/gcc/or1k-elf/4.9.1/libgcc.a(__umodsi3.o)
                              /opt/or1k-toolchain/lib/gcc/or1k-elf/4.9.1/../../../../or1k-elf/lib/libc.a(lib_a-vfiprintf.o) (__umodsi3)

Allocating common symbols
Common symbol       size              file

dwFinished          0x4               ./spi.o
dwTest              0x4               ./main.o
_malloc_lock_restore_interrupts
                    0x4               /opt/or1k-toolchain/lib/gcc/or1k-elf/4.9.1/../../../../or1k-elf/lib/libc.a(lib_a-mlock.o)
dwMutex             0x4               ./spi.o
or1k_timer_mode     0x4               /opt/or1k-toolchain/lib/gcc/or1k-elf/4.9.1/../../../../or1k-elf/lib/libc.a(lib_a-or1k-support.o)
_malloc_lock_cnt    0x4               /opt/or1k-toolchain/lib/gcc/or1k-elf/4.9.1/../../../../or1k-elf/lib/libc.a(lib_a-mlock.o)
or1k_timer_ticks    0x4               /opt/or1k-toolchain/lib/gcc/or1k-elf/4.9.1/../../../../or1k-elf/lib/libc.a(lib_a-or1k-support.o)
_current_impure_ptr
                    0x4               /opt/or1k-toolchain/lib/gcc/or1k-elf/4.9.1/../../../../or1k-elf/lib/libc.a(lib_a-or1k-impure.o)
_malloc_lock_own    0x4               /opt/or1k-toolchain/lib/gcc/or1k-elf/4.9.1/../../../../or1k-elf/lib/libc.a(lib_a-mlock.o)
_malloc_lock_restore_timer
                    0x4               /opt/or1k-toolchain/lib/gcc/or1k-elf/4.9.1/../../../../or1k-elf/lib/libc.a(lib_a-mlock.o)
or1k_timer_period   0x4               /opt/or1k-toolchain/lib/gcc/or1k-elf/4.9.1/../../../../or1k-elf/lib/libc.a(lib_a-or1k-support.o)

Discarded input sections

 .group         0x0000000000000000        0x8 ./adc.o
 .group         0x0000000000000000        0x8 ./adc.o
 .group         0x0000000000000000        0x8 ./adc.o
 .group         0x0000000000000000        0x8 ./adc.o
 .group         0x0000000000000000        0x8 ./adc.o
 .group         0x0000000000000000        0x8 ./adc.o
 .group         0x0000000000000000        0x8 ./adc.o
 .group         0x0000000000000000        0x8 ./atlys.o
 .group         0x0000000000000000        0x8 ./atlys.o
 .debug_macro   0x0000000000000000      0x4f6 ./atlys.o
 .group         0x0000000000000000        0x8 ./clk.o
 .group         0x0000000000000000        0x8 ./clk.o
 .group         0x0000000000000000        0x8 ./clk.o
 .group         0x0000000000000000        0x8 ./clk.o
 .group         0x0000000000000000        0x8 ./clk.o
 .group         0x0000000000000000        0x8 ./clk.o
 .group         0x0000000000000000        0x8 ./clk.o
 .group         0x0000000000000000        0x8 ./clk.o
 .debug_macro   0x0000000000000000      0x4f6 ./clk.o
 .debug_macro   0x0000000000000000       0x46 ./clk.o
 .debug_macro   0x0000000000000000       0x16 ./clk.o
 .debug_macro   0x0000000000000000       0x2e ./clk.o
 .debug_macro   0x0000000000000000       0xa2 ./clk.o
 .debug_macro   0x0000000000000000      0x20e ./clk.o
 .debug_macro   0x0000000000000000       0x34 ./clk.o
 .group         0x0000000000000000        0x8 ./debug.o
 .group         0x0000000000000000        0x8 ./debug.o
 .group         0x0000000000000000        0x8 ./debug.o
 .group         0x0000000000000000        0x8 ./debug.o
 .group         0x0000000000000000        0x8 ./debug.o
 .group         0x0000000000000000        0x8 ./debug.o
 .group         0x0000000000000000        0x8 ./debug.o
 .group         0x0000000000000000        0x8 ./debug.o
 .group         0x0000000000000000        0x8 ./debug.o
 .group         0x0000000000000000        0x8 ./debug.o
 .group         0x0000000000000000        0x8 ./debug.o
 .group         0x0000000000000000        0x8 ./debug.o
 .group         0x0000000000000000        0x8 ./debug.o
 .group         0x0000000000000000        0x8 ./debug.o
 .group         0x0000000000000000        0x8 ./debug.o
 .group         0x0000000000000000        0x8 ./debug.o
 .group         0x0000000000000000        0x8 ./debug.o
 .group         0x0000000000000000        0x8 ./debug.o
 .group         0x0000000000000000        0x8 ./debug.o
 .group         0x0000000000000000        0x8 ./debug.o
 .group         0x0000000000000000        0x8 ./debug.o
 .group         0x0000000000000000        0x8 ./debug.o
 .debug_macro   0x0000000000000000      0x4f6 ./debug.o
 .debug_macro   0x0000000000000000      0x196 ./debug.o
 .debug_macro   0x0000000000000000       0x46 ./debug.o
 .debug_macro   0x0000000000000000       0x16 ./debug.o
 .debug_macro   0x0000000000000000       0x2e ./debug.o
 .debug_macro   0x0000000000000000       0xa2 ./debug.o
 .group         0x0000000000000000        0x8 ./fpga.o
 .group         0x0000000000000000        0x8 ./fpga.o
 .group         0x0000000000000000        0x8 ./fpga.o
 .group         0x0000000000000000        0x8 ./fpga.o
 .group         0x0000000000000000        0x8 ./fpga.o
 .group         0x0000000000000000        0x8 ./fpga.o
 .group         0x0000000000000000        0x8 ./fpga.o
 .group         0x0000000000000000        0x8 ./fpga.o
 .debug_macro   0x0000000000000000      0x4f6 ./fpga.o
 .debug_macro   0x0000000000000000       0x46 ./fpga.o
 .debug_macro   0x0000000000000000       0x16 ./fpga.o
 .debug_macro   0x0000000000000000       0x2e ./fpga.o
 .debug_macro   0x0000000000000000       0xa2 ./fpga.o
 .debug_macro   0x0000000000000000      0x20e ./fpga.o
 .debug_macro   0x0000000000000000       0x34 ./fpga.o
 .group         0x0000000000000000        0x8 ./main.o
 .group         0x0000000000000000        0x8 ./main.o
 .group         0x0000000000000000        0x8 ./main.o
 .group         0x0000000000000000        0x8 ./main.o
 .group         0x0000000000000000        0x8 ./main.o
 .group         0x0000000000000000        0x8 ./main.o
 .group         0x0000000000000000        0x8 ./main.o
 .group         0x0000000000000000        0x8 ./main.o
 .group         0x0000000000000000        0x8 ./main.o
 .group         0x0000000000000000        0x8 ./main.o
 .group         0x0000000000000000        0x8 ./main.o
 .group         0x0000000000000000        0x8 ./main.o
 .group         0x0000000000000000        0x8 ./main.o
 .group         0x0000000000000000        0x8 ./main.o
 .debug_macro   0x0000000000000000      0x4f6 ./main.o
 .debug_macro   0x0000000000000000       0x46 ./main.o
 .debug_macro   0x0000000000000000       0x16 ./main.o
 .debug_macro   0x0000000000000000       0x2e ./main.o
 .debug_macro   0x0000000000000000       0xa2 ./main.o
 .debug_macro   0x0000000000000000      0x20e ./main.o
 .debug_macro   0x0000000000000000      0x196 ./main.o
 .debug_macro   0x0000000000000000       0x16 ./main.o
 .debug_macro   0x0000000000000000       0x34 ./main.o
 .debug_macro   0x0000000000000000       0x22 ./main.o
 .debug_macro   0x0000000000000000       0x4c ./main.o
 .group         0x0000000000000000        0x8 ./spi.o
 .group         0x0000000000000000        0x8 ./spi.o
 .group         0x0000000000000000        0x8 ./spi.o
 .group         0x0000000000000000        0x8 ./spi.o
 .group         0x0000000000000000        0x8 ./spi.o
 .group         0x0000000000000000        0x8 ./spi.o
 .group         0x0000000000000000        0x8 ./spi.o
 .group         0x0000000000000000        0x8 ./spi.o
 .group         0x0000000000000000        0x8 ./spi.o
 .group         0x0000000000000000        0x8 ./spi.o
 .group         0x0000000000000000        0x8 ./spi.o
 .group         0x0000000000000000        0x8 ./spi.o
 .group         0x0000000000000000        0x8 ./spi.o
 .group         0x0000000000000000        0x8 ./spi.o
 .group         0x0000000000000000        0x8 ./spi.o
 .group         0x0000000000000000        0x8 ./spi.o
 .group         0x0000000000000000        0x8 ./spi.o
 .group         0x0000000000000000        0x8 ./spi.o
 .group         0x0000000000000000        0x8 ./spi.o
 .group         0x0000000000000000        0x8 ./spi.o
 .group         0x0000000000000000        0x8 ./spi.o
 .group         0x0000000000000000        0x8 ./spi.o
 .group         0x0000000000000000        0x8 ./spi.o
 .group         0x0000000000000000        0x8 ./spi.o
 .group         0x0000000000000000        0x8 ./spi.o
 .debug_macro   0x0000000000000000      0x4f6 ./spi.o
 .debug_macro   0x0000000000000000      0x196 ./spi.o
 .debug_macro   0x0000000000000000       0x46 ./spi.o
 .debug_macro   0x0000000000000000       0x16 ./spi.o
 .debug_macro   0x0000000000000000       0x2e ./spi.o
 .debug_macro   0x0000000000000000       0xa2 ./spi.o
 .debug_macro   0x0000000000000000      0x20e ./spi.o
 .debug_macro   0x0000000000000000       0x16 ./spi.o
 .debug_macro   0x0000000000000000       0x97 ./spi.o
 .debug_macro   0x0000000000000000       0x10 ./spi.o
 .debug_macro   0x0000000000000000       0x3a ./spi.o
 .debug_macro   0x0000000000000000       0x52 ./spi.o
 .debug_macro   0x0000000000000000       0x16 ./spi.o
 .debug_macro   0x0000000000000000       0x19 ./spi.o
 .debug_macro   0x0000000000000000      0x180 ./spi.o
 .debug_macro   0x0000000000000000       0x10 ./spi.o
 .debug_macro   0x0000000000000000       0xef ./spi.o
 .debug_macro   0x0000000000000000       0x22 ./spi.o
 .debug_macro   0x0000000000000000       0xbd ./spi.o
 .debug_macro   0x0000000000000000       0x16 ./spi.o
 .debug_macro   0x0000000000000000      0x16c ./spi.o
 .debug_macro   0x0000000000000000       0x46 ./spi.o
 .debug_macro   0x0000000000000000       0x46 ./spi.o
 .debug_macro   0x0000000000000000       0x1c ./spi.o
 .group         0x0000000000000000        0x8 ./timer.o
 .group         0x0000000000000000        0x8 ./timer.o
 .group         0x0000000000000000        0x8 ./timer.o
 .group         0x0000000000000000        0x8 ./timer.o
 .group         0x0000000000000000        0x8 ./timer.o
 .group         0x0000000000000000        0x8 ./timer.o
 .group         0x0000000000000000        0x8 ./timer.o
 .group         0x0000000000000000        0x8 ./timer.o
 .group         0x0000000000000000        0x8 ./timer.o
 .group         0x0000000000000000        0x8 ./timer.o
 .group         0x0000000000000000        0x8 ./timer.o
 .group         0x0000000000000000        0x8 ./timer.o
 .group         0x0000000000000000        0x8 ./timer.o
 .group         0x0000000000000000        0x8 ./timer.o
 .group         0x0000000000000000        0x8 ./timer.o
 .group         0x0000000000000000        0x8 ./timer.o
 .group         0x0000000000000000        0x8 ./timer.o
 .group         0x0000000000000000        0x8 ./timer.o
 .group         0x0000000000000000        0x8 ./timer.o
 .group         0x0000000000000000        0x8 ./timer.o
 .group         0x0000000000000000        0x8 ./timer.o
 .group         0x0000000000000000        0x8 ./timer.o
 .group         0x0000000000000000        0x8 ./timer.o
 .group         0x0000000000000000        0x8 ./timer.o
 .group         0x0000000000000000        0x8 ./timer.o
 .group         0x0000000000000000        0x8 ./timer.o
 .debug_macro   0x0000000000000000      0x4f6 ./timer.o
 .debug_macro   0x0000000000000000      0x196 ./timer.o
 .debug_macro   0x0000000000000000       0x46 ./timer.o
 .debug_macro   0x0000000000000000       0x46 ./timer.o
 .debug_macro   0x0000000000000000       0x16 ./timer.o
 .debug_macro   0x0000000000000000       0x2e ./timer.o
 .debug_macro   0x0000000000000000       0xa2 ./timer.o
 .debug_macro   0x0000000000000000       0x1c ./timer.o
 .debug_macro   0x0000000000000000       0x16 ./timer.o
 .debug_macro   0x0000000000000000       0x16 ./timer.o
 .debug_macro   0x0000000000000000       0x97 ./timer.o
 .debug_macro   0x0000000000000000       0x10 ./timer.o
 .debug_macro   0x0000000000000000       0x3a ./timer.o
 .debug_macro   0x0000000000000000       0x52 ./timer.o
 .debug_macro   0x0000000000000000       0x16 ./timer.o
 .debug_macro   0x0000000000000000       0x19 ./timer.o
 .debug_macro   0x0000000000000000      0x180 ./timer.o
 .debug_macro   0x0000000000000000       0x10 ./timer.o
 .debug_macro   0x0000000000000000       0xef ./timer.o
 .debug_macro   0x0000000000000000       0x22 ./timer.o
 .debug_macro   0x0000000000000000       0xbd ./timer.o
 .debug_macro   0x0000000000000000       0x16 ./timer.o
 .debug_macro   0x0000000000000000      0x16c ./timer.o
 .debug_macro   0x0000000000000000       0x46 ./timer.o

↵
Speichereinrichtung
↵

Name             Ursprung           Länge             Eigenschaften
FLASH            0x0000000000000000 0x0000000000080000 xw
DDR              0x0000000000080000 0x0000000007f80000 xw
*default*        0x0000000000000000 0xffffffffffffffff

Linker script and memory map

LOAD /opt/or1k-toolchain/lib/gcc/or1k-elf/4.9.1/../../../../or1k-elf/lib/crt0.o
LOAD /opt/or1k-toolchain/lib/gcc/or1k-elf/4.9.1/crti.o
LOAD /opt/or1k-toolchain/lib/gcc/or1k-elf/4.9.1/crtbegin.o
                0x0000000000000000                PROVIDE (__executable_start, 0x0)
                0x0000000000000000                . = 0x0

.vectors        0x0000000000000000     0x2000
 *(.vectors)
 .vectors       0x0000000000000000     0x2000 /opt/or1k-toolchain/lib/gcc/or1k-elf/4.9.1/../../../../or1k-elf/lib/crt0.o

.note.gnu.build-id
 *(.note.gnu.build-id)

.hash
 *(.hash)

.gnu.hash
 *(.gnu.hash)

.dynsym
 *(.dynsym)

.dynstr
 *(.dynstr)

.gnu.version
 *(.gnu.version)

.gnu.version_d
 *(.gnu.version_d)

.gnu.version_r
 *(.gnu.version_r)

.rela.dyn       0x0000000000002000        0x0
 *(.rela.init)
 *(.rela.text .rela.text.* .rela.gnu.linkonce.t.*)
 .rela.text     0x0000000000000000        0x0 /opt/or1k-toolchain/lib/gcc/or1k-elf/4.9.1/../../../../or1k-elf/lib/crt0.o
 *(.rela.fini)
 *(.rela.rodata .rela.rodata.* .rela.gnu.linkonce.r.*)
 *(.rela.data .rela.data.* .rela.gnu.linkonce.d.*)
 .rela.data     0x0000000000000000        0x0 /opt/or1k-toolchain/lib/gcc/or1k-elf/4.9.1/../../../../or1k-elf/lib/crt0.o
 *(.rela.tdata .rela.tdata.* .rela.gnu.linkonce.td.*)
 *(.rela.tbss .rela.tbss.* .rela.gnu.linkonce.tb.*)
 *(.rela.ctors)
 *(.rela.dtors)
 *(.rela.got)
 *(.rela.sdata .rela.sdata.* .rela.gnu.linkonce.s.*)
 *(.rela.sbss .rela.sbss.* .rela.gnu.linkonce.sb.*)
 *(.rela.sdata2 .rela.sdata2.* .rela.gnu.linkonce.s2.*)
 *(.rela.sbss2 .rela.sbss2.* .rela.gnu.linkonce.sb2.*)
 *(.rela.bss .rela.bss.* .rela.gnu.linkonce.b.*)
                0x0000000000002000                PROVIDE (__rel_iplt_start, .)
                0x0000000000002000                PROVIDE (__rel_iplt_end, .)
                0x0000000000002000                PROVIDE (__rela_iplt_start, .)
 *(.rela.iplt)
                0x0000000000002000                PROVIDE (__rela_iplt_end, .)
 .rela.vectors  0x0000000000000000        0x0 /opt/or1k-toolchain/lib/gcc/or1k-elf/4.9.1/../../../../or1k-elf/lib/crt0.o

.rela.plt
 *(.rela.plt)

.config
 *(.config)

.init           0x0000000000002000       0x28
 *(SORT(.init))
 .init          0x0000000000002000        0xc /opt/or1k-toolchain/lib/gcc/or1k-elf/4.9.1/crti.o
                0x0000000000002004                _init
 .init          0x000000000000200c        0x8 /opt/or1k-toolchain/lib/gcc/or1k-elf/4.9.1/crtbegin.o
 .init          0x0000000000002014        0x8 /opt/or1k-toolchain/lib/gcc/or1k-elf/4.9.1/crtend.o
 .init          0x000000000000201c        0xc /opt/or1k-toolchain/lib/gcc/or1k-elf/4.9.1/crtn.o

.plt
 *(.plt)

.iplt
 *(.iplt)

.text           0x0000000000002028     0x8164
 *(.text.unlikely .text.*_unlikely .text.unlikely.*)
 *(.text.exit .text.exit.*)
 *(.text.startup .text.startup.*)
 *(.text.hot .text.hot.*)
 *(.text .stub .text.* .gnu.linkonce.t.*)
 .text          0x0000000000002028      0x120 /opt/or1k-toolchain/lib/gcc/or1k-elf/4.9.1/../../../../or1k-elf/lib/crt0.o
                0x0000000000002028                _board_init_early
                0x0000000000002030                _board_init_data
                0x0000000000002038                _start
 .text          0x0000000000002148        0x0 /opt/or1k-toolchain/lib/gcc/or1k-elf/4.9.1/crti.o
 .text          0x0000000000002148      0x258 /opt/or1k-toolchain/lib/gcc/or1k-elf/4.9.1/crtbegin.o
 .text          0x00000000000023a0      0x14c ./adc.o
                0x0000000000002480                ADC_SetFormat
 .text          0x00000000000024ec        0x0 ./atlys.o
 .text          0x00000000000024ec      0x3f8 ./clk.o
                0x0000000000002724                CLK_ReadRegister
                0x00000000000027b8                CLK_WriteConfig
 .text          0x00000000000028e4      0x228 ./debug.o
                0x00000000000028e4                DEBUG_LEDCallback
                0x0000000000002984                DEBUG_TriggerLED
                0x00000000000029e4                __uart_init
                0x0000000000002a38                __uart_putc
                0x0000000000002abc                __uart_getc
 .text          0x0000000000002b0c      0x198 ./fpga.o
                0x0000000000002be0                FPGA_SetBits
                0x0000000000002c34                FPGA_ClearBits
 .text          0x0000000000002ca4       0xf8 ./main.o
                0x0000000000002ca4                blink
                0x0000000000002d3c                main
 .text          0x0000000000002d9c      0x780 ./spi.o
                0x0000000000002d9c                SPI_Init
                0x0000000000002e20                SPI_ChipSelect
                0x0000000000002fc0                SPI_Write
                0x0000000000003040                SPI_WaitBusy
                0x0000000000003078                SPI_Read
                0x000000000000314c                SPI_SetInterruptCount
                0x000000000000323c                SPI_SetMode
                0x00000000000032fc                SPI_Busy
                0x0000000000003344                SPI_DefaultCallback
                0x00000000000033c8                SPI_GetMutex
                0x000000000000344c                SPI_ReleaseMutex
                0x00000000000034b8                SPI_Interrupt
 .text          0x000000000000351c      0x8e8 ./timer.o
                0x000000000000351c                TIMER_Init
                0x0000000000003594                ISR_Timer
                0x00000000000037b4                TIMER_AddHandler
                0x0000000000003a5c                TIMER_RemoveHandler
                0x0000000000003afc                TIMER_Stop
                0x0000000000003bc4                TIMER_Start
                0x0000000000003cfc                TIMER_SetReload
                0x0000000000003dcc                TIMER_GetDelta
 .text          0x0000000000003e04       0x30 /opt/or1k-toolchain/lib/gcc/or1k-elf/4.9.1/../../../../or1k-elf/lib/libc.a(lib_a-atexit.o)
                0x0000000000003e04                atexit
 .text          0x0000000000003e34      0x140 /opt/or1k-toolchain/lib/gcc/or1k-elf/4.9.1/../../../../or1k-elf/lib/libc.a(lib_a-__atexit.o)
                0x0000000000003e34                __register_exitproc
 .text          0x0000000000003f74       0x48 /opt/or1k-toolchain/lib/gcc/or1k-elf/4.9.1/../../../../or1k-elf/lib/libc.a(lib_a-exit.o)
                0x0000000000003f74                exit
 .text          0x0000000000003fbc        0x0 /opt/or1k-toolchain/lib/gcc/or1k-elf/4.9.1/../../../../or1k-elf/lib/libc.a(lib_a-impure.o)
 .text          0x0000000000003fbc       0x6c /opt/or1k-toolchain/lib/gcc/or1k-elf/4.9.1/../../../../or1k-elf/lib/libc.a(lib_a-iprintf.o)
                0x0000000000003fbc                iprintf
                0x0000000000003ffc                _iprintf_r
 .text          0x0000000000004028      0x184 /opt/or1k-toolchain/lib/gcc/or1k-elf/4.9.1/../../../../or1k-elf/lib/libc.a(lib_a-or1k-impure.o)
                0x0000000000004028                __impure_init
                0x000000000000418c                __getreent
 .text          0x00000000000041ac      0x4a8 /opt/or1k-toolchain/lib/gcc/or1k-elf/4.9.1/../../../../or1k-elf/lib/libc.a(lib_a-or1k-support-asm.o)
                0x00000000000041ac                or1k_dmmu_enable
                0x00000000000041c0                or1k_dmmu_disable
                0x00000000000041dc                or1k_immu_enable
                0x00000000000041f0                or1k_immu_disable
                0x000000000000420c                or1k_cache_init
                0x0000000000004314                or1k_icache_enable
                0x000000000000433c                or1k_icache_disable
                0x0000000000004358                or1k_icache_flush
                0x0000000000004360                or1k_dcache_enable
                0x0000000000004388                or1k_dcache_disable
                0x00000000000043a4                or1k_dcache_flush
                0x00000000000043ac                or1k_interrupt_handler
                0x0000000000004438                or1k_interrupt_handler_add
                0x0000000000004470                or1k_interrupt_enable
                0x0000000000004498                or1k_interrupt_disable
                0x00000000000044c4                or1k_exception_handler
                0x0000000000004628                or1k_exception_handler_add
 .text          0x0000000000004654      0x458 /opt/or1k-toolchain/lib/gcc/or1k-elf/4.9.1/../../../../or1k-elf/lib/libc.a(lib_a-or1k-support.o)
                0x0000000000004654                or1k_timer_interrupt_handler
                0x00000000000046a4                or1k_interrupts_enable
                0x00000000000046c8                or1k_interrupts_disable
                0x00000000000046fc                or1k_interrupts_restore
                0x0000000000004724                or1k_report
                0x0000000000004740                or1k_mtspr
                0x0000000000004758                or1k_mfspr
                0x0000000000004770                or1k_rand
                0x00000000000047cc                or1k_timer_init
                0x0000000000004884                or1k_timer_set_period
                0x00000000000048f0                or1k_timer_set_handler
                0x0000000000004918                or1k_timer_set_mode
                0x0000000000004940                or1k_timer_enable
                0x0000000000004990                or1k_timer_disable
                0x00000000000049c4                or1k_timer_restore
                0x00000000000049ec                or1k_timer_pause
                0x0000000000004a20                or1k_timer_reset
                0x0000000000004a60                or1k_timer_get_ticks
                0x0000000000004a80                or1k_timer_reset_ticks
 .text          0x0000000000004aac     0x1434 /opt/or1k-toolchain/lib/gcc/or1k-elf/4.9.1/../../../../or1k-elf/lib/libc.a(lib_a-vfiprintf.o)
                0x0000000000004bc8                __sprint_r
                0x0000000000004c0c                _vfiprintf_r
                0x0000000000005da4                vfiprintf
 .text          0x0000000000005ee0      0x1b8 /opt/or1k-toolchain/lib/gcc/or1k-elf/4.9.1/../../../../or1k-elf/lib/libc.a(lib_a-wsetup.o)
                0x0000000000005ee0                __swsetup_r
 .text          0x0000000000006098      0x1e8 /opt/or1k-toolchain/lib/gcc/or1k-elf/4.9.1/../../../../or1k-elf/lib/libc.a(lib_a-__call_atexit.o)
                0x0000000000006098                __call_exitprocs
 .text          0x0000000000006280      0x404 /opt/or1k-toolchain/lib/gcc/or1k-elf/4.9.1/../../../../or1k-elf/lib/libc.a(lib_a-fflush.o)
                0x0000000000006280                __sflush_r
                0x000000000000659c                _fflush_r
                0x0000000000006614                fflush
 .text          0x0000000000006684      0x4d4 /opt/or1k-toolchain/lib/gcc/or1k-elf/4.9.1/../../../../or1k-elf/lib/libc.a(lib_a-findfp.o)
                0x00000000000066b4                _cleanup_r
                0x0000000000006884                __sfmoreglue
                0x00000000000068fc                __sfp
                0x0000000000006a44                _cleanup
                0x0000000000006a78                __sinit
                0x0000000000006aa8                __sfp_lock_acquire
                0x0000000000006abc                __sfp_lock_release
                0x0000000000006ad0                __sinit_lock_acquire
                0x0000000000006ae4                __sinit_lock_release
                0x0000000000006af8                __fp_lock_all
                0x0000000000006b28                __fp_unlock_all
 .text          0x0000000000006b58      0x22c /opt/or1k-toolchain/lib/gcc/or1k-elf/4.9.1/../../../../or1k-elf/lib/libc.a(lib_a-fputwc.o)
                0x0000000000006b58                _fputwc_r
                0x0000000000006d10                fputwc
 .text          0x0000000000006d84      0x48c /opt/or1k-toolchain/lib/gcc/or1k-elf/4.9.1/../../../../or1k-elf/lib/libc.a(lib_a-freer.o)
                0x0000000000006d84                _malloc_trim_r
                0x0000000000006ed0                _free_r
 .text          0x0000000000007210      0x59c /opt/or1k-toolchain/lib/gcc/or1k-elf/4.9.1/../../../../or1k-elf/lib/libc.a(lib_a-fvwrite.o)
                0x0000000000007210                __sfvwrite_r
 .text          0x00000000000077ac      0x1ac /opt/or1k-toolchain/lib/gcc/or1k-elf/4.9.1/../../../../or1k-elf/lib/libc.a(lib_a-fwalk.o)
                0x00000000000077ac                _fwalk
                0x0000000000007884                _fwalk_reent
 .text          0x0000000000007958      0x18c /opt/or1k-toolchain/lib/gcc/or1k-elf/4.9.1/../../../../or1k-elf/lib/libc.a(lib_a-locale.o)
                0x0000000000007958                _setlocale_r
                0x00000000000079e8                __locale_charset
                0x0000000000007a04                __locale_mb_cur_max
                0x0000000000007a24                __locale_msgcharset
                0x0000000000007a40                __locale_cjk_lang
                0x0000000000007a58                _localeconv_r
                0x0000000000007a74                setlocale
                0x0000000000007abc                localeconv
 .text          0x0000000000007ae4      0x1dc /opt/or1k-toolchain/lib/gcc/or1k-elf/4.9.1/../../../../or1k-elf/lib/libc.a(lib_a-makebuf.o)
                0x0000000000007ae4                __smakebuf_r
 .text          0x0000000000007cc0      0x988 /opt/or1k-toolchain/lib/gcc/or1k-elf/4.9.1/../../../../or1k-elf/lib/libc.a(lib_a-mallocr.o)
                0x0000000000007cc0                _malloc_r
 .text          0x0000000000008648      0x154 /opt/or1k-toolchain/lib/gcc/or1k-elf/4.9.1/../../../../or1k-elf/lib/libc.a(lib_a-memchr.o)
                0x0000000000008648                memchr
 .text          0x000000000000879c      0x15c /opt/or1k-toolchain/lib/gcc/or1k-elf/4.9.1/../../../../or1k-elf/lib/libc.a(lib_a-memcpy.o)
                0x000000000000879c                memcpy
 .text          0x00000000000088f8      0x1a4 /opt/or1k-toolchain/lib/gcc/or1k-elf/4.9.1/../../../../or1k-elf/lib/libc.a(lib_a-memmove.o)
                0x00000000000088f8                memmove
 .text          0x0000000000008a9c      0x168 /opt/or1k-toolchain/lib/gcc/or1k-elf/4.9.1/../../../../or1k-elf/lib/libc.a(lib_a-memset.o)
                0x0000000000008a9c                memset
 .text          0x0000000000008c04      0x110 /opt/or1k-toolchain/lib/gcc/or1k-elf/4.9.1/../../../../or1k-elf/lib/libc.a(lib_a-mlock.o)
                0x0000000000008c04                __malloc_lock
                0x0000000000008ca4                __malloc_unlock
 .text          0x0000000000008d14      0x5b8 /opt/or1k-toolchain/lib/gcc/or1k-elf/4.9.1/../../../../or1k-elf/lib/libc.a(lib_a-reallocr.o)
                0x0000000000008d14                _realloc_r
 .text          0x00000000000092cc      0x19c /opt/or1k-toolchain/lib/gcc/or1k-elf/4.9.1/../../../../or1k-elf/lib/libc.a(lib_a-stdio.o)
                0x00000000000092cc                __sread
                0x0000000000009334                __seofread
                0x000000000000934c                __swrite
                0x00000000000093dc                __sseek
                0x0000000000009444                __sclose
 .text          0x0000000000009468      0x124 /opt/or1k-toolchain/lib/gcc/or1k-elf/4.9.1/../../../../or1k-elf/lib/libc.a(lib_a-strcmp.o)
                0x0000000000009468                strcmp
 .text          0x000000000000958c      0x108 /opt/or1k-toolchain/lib/gcc/or1k-elf/4.9.1/../../../../or1k-elf/lib/libc.a(lib_a-strlen.o)
                0x000000000000958c                strlen
 .text          0x0000000000009694      0x1e4 /opt/or1k-toolchain/lib/gcc/or1k-elf/4.9.1/../../../../or1k-elf/lib/libc.a(lib_a-wbuf.o)
                0x0000000000009694                __swbuf_r
                0x0000000000009830                __swbuf
 .text          0x0000000000009878      0x18c /opt/or1k-toolchain/lib/gcc/or1k-elf/4.9.1/../../../../or1k-elf/lib/libc.a(lib_a-wcrtomb.o)
                0x0000000000009878                _wcrtomb_r
                0x000000000000993c                wcrtomb
 .text          0x0000000000009a04       0xc8 /opt/or1k-toolchain/lib/gcc/or1k-elf/4.9.1/../../../../or1k-elf/lib/libc.a(lib_a-wctomb_r.o)
                0x0000000000009a04                __ascii_wctomb
                0x0000000000009a50                _wctomb_r
 .text          0x0000000000009acc      0x194 /opt/or1k-toolchain/lib/gcc/or1k-elf/4.9.1/../../../../or1k-elf/lib/libc.a(lib_a-fclose.o)
                0x0000000000009acc                _fclose_r
                0x0000000000009c28                fclose
 .text          0x0000000000009c60       0x10 /opt/or1k-toolchain/lib/gcc/or1k-elf/4.9.1/../../../../or1k-elf/lib/libor1k.a(_exit.o)
                0x0000000000009c60                _exit
 .text          0x0000000000009c70       0x20 /opt/or1k-toolchain/lib/gcc/or1k-elf/4.9.1/../../../../or1k-elf/lib/libor1k.a(close.o)
                0x0000000000009c70                _close_r
 .text          0x0000000000009c90       0x6c /opt/or1k-toolchain/lib/gcc/or1k-elf/4.9.1/../../../../or1k-elf/lib/libor1k.a(fstat.o)
                0x0000000000009c90                _fstat_r
 .text          0x0000000000009cfc       0x68 /opt/or1k-toolchain/lib/gcc/or1k-elf/4.9.1/../../../../or1k-elf/lib/libor1k.a(isatty.o)
                0x0000000000009cfc                _isatty_r
 .text          0x0000000000009d64       0x68 /opt/or1k-toolchain/lib/gcc/or1k-elf/4.9.1/../../../../or1k-elf/lib/libor1k.a(lseek.o)
                0x0000000000009d64                _lseek_r
 .text          0x0000000000009dcc       0xd0 /opt/or1k-toolchain/lib/gcc/or1k-elf/4.9.1/../../../../or1k-elf/lib/libor1k.a(read.o)
                0x0000000000009dcc                _read_r
 .text          0x0000000000009e9c       0x58 /opt/or1k-toolchain/lib/gcc/or1k-elf/4.9.1/../../../../or1k-elf/lib/libor1k.a(sbrk.o)
                0x0000000000009e9c                _sbrk_r
 .text          0x0000000000009ef4       0xd8 /opt/or1k-toolchain/lib/gcc/or1k-elf/4.9.1/../../../../or1k-elf/lib/libor1k.a(write.o)
                0x0000000000009ef4                _write_r
 .text          0x0000000000009fcc       0x34 /opt/or1k-toolchain/lib/gcc/or1k-elf/4.9.1/../../../../or1k-elf/lib/libboard-or1ksim.a(or1ksim.o)
                0x0000000000009fe4                _board_exit
                0x0000000000009ff8                _board_init
 .text          0x000000000000a000       0xfc /opt/or1k-toolchain/lib/gcc/or1k-elf/4.9.1/libgcc.a(__udivsi3.o)
                0x000000000000a000                __udivsi3_internal
                0x000000000000a000                __udivsi3
 .text          0x000000000000a0fc       0x20 /opt/or1k-toolchain/lib/gcc/or1k-elf/4.9.1/libgcc.a(__umodsi3.o)
                0x000000000000a0fc                __umodsi3
 .text          0x000000000000a11c       0x70 /opt/or1k-toolchain/lib/gcc/or1k-elf/4.9.1/crtend.o
 .text          0x000000000000a18c        0x0 /opt/or1k-toolchain/lib/gcc/or1k-elf/4.9.1/crtn.o
 *(.gnu.warning)

.fini           0x000000000000a18c       0x1c
 *(SORT(.fini))
 .fini          0x000000000000a18c        0x8 /opt/or1k-toolchain/lib/gcc/or1k-elf/4.9.1/crti.o
                0x000000000000a18c                _fini
 .fini          0x000000000000a194        0x8 /opt/or1k-toolchain/lib/gcc/or1k-elf/4.9.1/crtbegin.o
 .fini          0x000000000000a19c        0xc /opt/or1k-toolchain/lib/gcc/or1k-elf/4.9.1/crtn.o
                0x000000000000a1a8                PROVIDE (__etext, .)
                0x000000000000a1a8                PROVIDE (_etext, .)
                0x000000000000a1a8                PROVIDE (etext, .)

.rodata         0x000000000000a1a8      0x5c8
 *(.rodata .rodata.* .gnu.linkonce.r.*)
 .rodata        0x000000000000a1a8       0x18 ./atlys.o
                0x000000000000a1a8                _board_mem_base
                0x000000000000a1ac                _board_mem_size
                0x000000000000a1b0                _board_clk_freq
                0x000000000000a1b4                _board_uart_base
                0x000000000000a1b8                _board_uart_baud
                0x000000000000a1bc                _board_uart_IRQ
 .rodata        0x000000000000a1c0      0x124 ./clk.o
 .rodata        0x000000000000a2e4      0x144 ./spi.o
 .rodata        0x000000000000a428      0x18b ./timer.o
 *fill*         0x000000000000a5b3        0x1 
 .rodata        0x000000000000a5b4        0x4 /opt/or1k-toolchain/lib/gcc/or1k-elf/4.9.1/../../../../or1k-elf/lib/libc.a(lib_a-impure.o)
                0x000000000000a5b4                _global_impure_ptr
 .rodata.str1.1
                0x000000000000a5b8        0x2 /opt/or1k-toolchain/lib/gcc/or1k-elf/4.9.1/../../../../or1k-elf/lib/libc.a(lib_a-impure.o)
 .rodata.str1.1
                0x0000000000000000        0x2 /opt/or1k-toolchain/lib/gcc/or1k-elf/4.9.1/../../../../or1k-elf/lib/libc.a(lib_a-or1k-impure.o)
 .rodata.str1.1
                0x000000000000a5ba       0x29 /opt/or1k-toolchain/lib/gcc/or1k-elf/4.9.1/../../../../or1k-elf/lib/libc.a(lib_a-vfiprintf.o)
 *fill*         0x000000000000a5e3        0x1 
 .rodata        0x000000000000a5e4      0x184 /opt/or1k-toolchain/lib/gcc/or1k-elf/4.9.1/../../../../or1k-elf/lib/libc.a(lib_a-vfiprintf.o)
 .rodata.str1.1
                0x000000000000a768        0x8 /opt/or1k-toolchain/lib/gcc/or1k-elf/4.9.1/../../../../or1k-elf/lib/libc.a(lib_a-locale.o)
                                          0xb (size before relaxing)
                0x000000000000a770                . = ALIGN (0x4)

.rodata1
 *(.rodata1)

.sdata2
 *(.sdata2 .sdata2.* .gnu.linkonce.s2.*)

.sbss2
 *(.sbss2 .sbss2.* .gnu.linkonce.sb2.*)

.eh_frame_hdr
 *(.eh_frame_hdr)

.eh_frame
 *(.eh_frame)

.gcc_except_table
 *(.gcc_except_table .gcc_except_table.*)

.exception_ranges
 *(.exception_ranges .exception_ranges*)
                0x000000000000a770                . = ALIGN (0x4)
                0x000000000000a770                __data_load = .

.eh_frame       0x000000000000a770        0x4
                0x000000000000a770                __data_start = DEFINED (__data_start)?__data_start:.
 *(.eh_frame)
 .eh_frame      0x000000000000a770        0x0 /opt/or1k-toolchain/lib/gcc/or1k-elf/4.9.1/crtbegin.o
 .eh_frame      0x000000000000a770        0x4 /opt/or1k-toolchain/lib/gcc/or1k-elf/4.9.1/crtend.o

.gcc_except_table
                0x000000000000a774                __data_start = DEFINED (__data_start)?__data_start:.
 *(.gcc_except_table .gcc_except_table.*)

.exception_ranges
                0x000000000000a774                __data_start = DEFINED (__data_start)?__data_start:.
 *(.exception_ranges .exception_ranges*)

.tdata          0x000000000000a774        0x0
                0x000000000000a774                __data_start = DEFINED (__data_start)?__data_start:.
 *(.tdata .tdata.* .gnu.linkonce.td.*)

.tbss
 *(.tbss .tbss.* .gnu.linkonce.tb.*)
 *(.tcommon)

.preinit_array  0x000000000000a774        0x0
                0x000000000000a774                PROVIDE (__preinit_array_start, .)
 *(.preinit_array)
                0x000000000000a774                PROVIDE (__preinit_array_end, .)

.init_array     0x000000000000a774        0x0
                0x000000000000a774                PROVIDE (__init_array_start, .)
 *(SORT(.init_array.*))
 *(.init_array)
                0x000000000000a774                PROVIDE (__init_array_end, .)

.fini_array     0x000000000000a774        0x0
                0x000000000000a774                PROVIDE (__fini_array_start, .)
 *(SORT(.fini_array.*))
 *(.fini_array)
                0x000000000000a774                PROVIDE (__fini_array_end, .)

.ctors          0x000000000000a774        0x8
 *crtbegin.o(.ctors)
 .ctors         0x000000000000a774        0x4 /opt/or1k-toolchain/lib/gcc/or1k-elf/4.9.1/crtbegin.o
 *crtbegin?.o(.ctors)
 *(EXCLUDE_FILE(*crtend?.o *crtend.o) .ctors)
 *(SORT(.ctors.*))
 *(.ctors)
 .ctors         0x000000000000a778        0x4 /opt/or1k-toolchain/lib/gcc/or1k-elf/4.9.1/crtend.o

.dtors          0x000000000000a77c        0x8
 *crtbegin.o(.dtors)
 .dtors         0x000000000000a77c        0x4 /opt/or1k-toolchain/lib/gcc/or1k-elf/4.9.1/crtbegin.o
 *crtbegin?.o(.dtors)
 *(EXCLUDE_FILE(*crtend?.o *crtend.o) .dtors)
 *(SORT(.dtors.*))
 *(.dtors)
 .dtors         0x000000000000a780        0x4 /opt/or1k-toolchain/lib/gcc/or1k-elf/4.9.1/crtend.o
                0x000000000000a780                __DTOR_END__

.jcr            0x000000000000a784        0x4
 *(.jcr)
 .jcr           0x000000000000a784        0x0 /opt/or1k-toolchain/lib/gcc/or1k-elf/4.9.1/crtbegin.o
 .jcr           0x000000000000a784        0x4 /opt/or1k-toolchain/lib/gcc/or1k-elf/4.9.1/crtend.o

.data.rel.ro
 *(.data.rel.ro.local* .gnu.linkonce.d.rel.ro.local.*)
 *(.data.rel.ro .data.rel.ro.* .gnu.linkonce.d.rel.ro.*)

.dynamic
 *(.dynamic)

.data           0x000000000000a788      0xe78
 *(.data .data.* .gnu.linkonce.d.*)
 .data          0x000000000000a788       0x18 /opt/or1k-toolchain/lib/gcc/or1k-elf/4.9.1/../../../../or1k-elf/lib/crt0.o
                0x000000000000a788                stack_top
                0x000000000000a78c                stack_bottom
                0x000000000000a790                stack_size
                0x000000000000a794                exception_stack_top
                0x000000000000a798                exception_stack_bottom
                0x000000000000a79c                exception_stack_size
 .data          0x000000000000a7a0        0x0 /opt/or1k-toolchain/lib/gcc/or1k-elf/4.9.1/crti.o
 .data          0x000000000000a7a0        0x4 /opt/or1k-toolchain/lib/gcc/or1k-elf/4.9.1/crtbegin.o
                0x000000000000a7a0                __dso_handle
 .data          0x000000000000a7a4        0x0 ./adc.o
 .data          0x000000000000a7a4        0x0 ./atlys.o
 .data          0x000000000000a7a4        0x0 ./clk.o
 .data          0x000000000000a7a4        0x0 ./debug.o
 .data          0x000000000000a7a4        0x0 ./fpga.o
 .data          0x000000000000a7a4        0x0 ./main.o
 .data          0x000000000000a7a4        0x0 ./spi.o
 .data          0x000000000000a7a4        0x0 ./timer.o
 .data          0x000000000000a7a4        0x0 /opt/or1k-toolchain/lib/gcc/or1k-elf/4.9.1/../../../../or1k-elf/lib/libc.a(lib_a-atexit.o)
 .data          0x000000000000a7a4        0x0 /opt/or1k-toolchain/lib/gcc/or1k-elf/4.9.1/../../../../or1k-elf/lib/libc.a(lib_a-__atexit.o)
 .data          0x000000000000a7a4        0x0 /opt/or1k-toolchain/lib/gcc/or1k-elf/4.9.1/../../../../or1k-elf/lib/libc.a(lib_a-exit.o)
 .data          0x000000000000a7a4      0x428 /opt/or1k-toolchain/lib/gcc/or1k-elf/4.9.1/../../../../or1k-elf/lib/libc.a(lib_a-impure.o)
                0x000000000000a7a4                _impure_ptr
 .data          0x000000000000abcc        0x0 /opt/or1k-toolchain/lib/gcc/or1k-elf/4.9.1/../../../../or1k-elf/lib/libc.a(lib_a-iprintf.o)
 .data          0x000000000000abcc      0x428 /opt/or1k-toolchain/lib/gcc/or1k-elf/4.9.1/../../../../or1k-elf/lib/libc.a(lib_a-or1k-impure.o)
                0x000000000000abcc                _exception_impure_ptr
 .data          0x000000000000aff4      0x174 /opt/or1k-toolchain/lib/gcc/or1k-elf/4.9.1/../../../../or1k-elf/lib/libc.a(lib_a-or1k-support-asm.o)
                0x000000000000aff4                or1k_interrupt_handler_table
                0x000000000000b074                or1k_interrupt_handler_data_ptr_table
                0x000000000000b0f4                or1k_exception_handler_table
 .data          0x000000000000b168        0x4 /opt/or1k-toolchain/lib/gcc/or1k-elf/4.9.1/../../../../or1k-elf/lib/libc.a(lib_a-or1k-support.o)
 .data          0x000000000000b16c        0x0 /opt/or1k-toolchain/lib/gcc/or1k-elf/4.9.1/../../../../or1k-elf/lib/libc.a(lib_a-vfiprintf.o)
 .data          0x000000000000b16c        0x0 /opt/or1k-toolchain/lib/gcc/or1k-elf/4.9.1/../../../../or1k-elf/lib/libc.a(lib_a-wsetup.o)
 .data          0x000000000000b16c        0x0 /opt/or1k-toolchain/lib/gcc/or1k-elf/4.9.1/../../../../or1k-elf/lib/libc.a(lib_a-__call_atexit.o)
 .data          0x000000000000b16c        0x0 /opt/or1k-toolchain/lib/gcc/or1k-elf/4.9.1/../../../../or1k-elf/lib/libc.a(lib_a-fflush.o)
 .data          0x000000000000b16c        0x0 /opt/or1k-toolchain/lib/gcc/or1k-elf/4.9.1/../../../../or1k-elf/lib/libc.a(lib_a-findfp.o)
 .data          0x000000000000b16c        0x0 /opt/or1k-toolchain/lib/gcc/or1k-elf/4.9.1/../../../../or1k-elf/lib/libc.a(lib_a-fputwc.o)
 .data          0x000000000000b16c        0x0 /opt/or1k-toolchain/lib/gcc/or1k-elf/4.9.1/../../../../or1k-elf/lib/libc.a(lib_a-freer.o)
 .data          0x000000000000b16c        0x0 /opt/or1k-toolchain/lib/gcc/or1k-elf/4.9.1/../../../../or1k-elf/lib/libc.a(lib_a-fvwrite.o)
 .data          0x000000000000b16c        0x0 /opt/or1k-toolchain/lib/gcc/or1k-elf/4.9.1/../../../../or1k-elf/lib/libc.a(lib_a-fwalk.o)
 .data          0x000000000000b16c       0x7c /opt/or1k-toolchain/lib/gcc/or1k-elf/4.9.1/../../../../or1k-elf/lib/libc.a(lib_a-locale.o)
                0x000000000000b1e4                __mb_cur_max
 .data          0x000000000000b1e8        0x0 /opt/or1k-toolchain/lib/gcc/or1k-elf/4.9.1/../../../../or1k-elf/lib/libc.a(lib_a-makebuf.o)
 .data          0x000000000000b1e8      0x410 /opt/or1k-toolchain/lib/gcc/or1k-elf/4.9.1/../../../../or1k-elf/lib/libc.a(lib_a-mallocr.o)
                0x000000000000b1e8                __malloc_sbrk_base
                0x000000000000b1ec                __malloc_trim_threshold
                0x000000000000b1f0                __malloc_av_
 .data          0x000000000000b5f8        0x0 /opt/or1k-toolchain/lib/gcc/or1k-elf/4.9.1/../../../../or1k-elf/lib/libc.a(lib_a-memchr.o)
 .data          0x000000000000b5f8        0x0 /opt/or1k-toolchain/lib/gcc/or1k-elf/4.9.1/../../../../or1k-elf/lib/libc.a(lib_a-memcpy.o)
 .data          0x000000000000b5f8        0x0 /opt/or1k-toolchain/lib/gcc/or1k-elf/4.9.1/../../../../or1k-elf/lib/libc.a(lib_a-memmove.o)
 .data          0x000000000000b5f8        0x0 /opt/or1k-toolchain/lib/gcc/or1k-elf/4.9.1/../../../../or1k-elf/lib/libc.a(lib_a-memset.o)
 .data          0x000000000000b5f8        0x0 /opt/or1k-toolchain/lib/gcc/or1k-elf/4.9.1/../../../../or1k-elf/lib/libc.a(lib_a-mlock.o)
 .data          0x000000000000b5f8        0x0 /opt/or1k-toolchain/lib/gcc/or1k-elf/4.9.1/../../../../or1k-elf/lib/libc.a(lib_a-reallocr.o)
 .data          0x000000000000b5f8        0x0 /opt/or1k-toolchain/lib/gcc/or1k-elf/4.9.1/../../../../or1k-elf/lib/libc.a(lib_a-stdio.o)
 .data          0x000000000000b5f8        0x0 /opt/or1k-toolchain/lib/gcc/or1k-elf/4.9.1/../../../../or1k-elf/lib/libc.a(lib_a-strcmp.o)
 .data          0x000000000000b5f8        0x0 /opt/or1k-toolchain/lib/gcc/or1k-elf/4.9.1/../../../../or1k-elf/lib/libc.a(lib_a-strlen.o)
 .data          0x000000000000b5f8        0x0 /opt/or1k-toolchain/lib/gcc/or1k-elf/4.9.1/../../../../or1k-elf/lib/libc.a(lib_a-wbuf.o)
 .data          0x000000000000b5f8        0x0 /opt/or1k-toolchain/lib/gcc/or1k-elf/4.9.1/../../../../or1k-elf/lib/libc.a(lib_a-wcrtomb.o)
 .data          0x000000000000b5f8        0x4 /opt/or1k-toolchain/lib/gcc/or1k-elf/4.9.1/../../../../or1k-elf/lib/libc.a(lib_a-wctomb_r.o)
                0x000000000000b5f8                __wctomb
 .data          0x000000000000b5fc        0x0 /opt/or1k-toolchain/lib/gcc/or1k-elf/4.9.1/../../../../or1k-elf/lib/libc.a(lib_a-fclose.o)
 .data          0x000000000000b5fc        0x0 /opt/or1k-toolchain/lib/gcc/or1k-elf/4.9.1/../../../../or1k-elf/lib/libor1k.a(_exit.o)
 .data          0x000000000000b5fc        0x0 /opt/or1k-toolchain/lib/gcc/or1k-elf/4.9.1/../../../../or1k-elf/lib/libor1k.a(close.o)
 .data          0x000000000000b5fc        0x0 /opt/or1k-toolchain/lib/gcc/or1k-elf/4.9.1/../../../../or1k-elf/lib/libor1k.a(fstat.o)
 .data          0x000000000000b5fc        0x0 /opt/or1k-toolchain/lib/gcc/or1k-elf/4.9.1/../../../../or1k-elf/lib/libor1k.a(isatty.o)
 .data          0x000000000000b5fc        0x0 /opt/or1k-toolchain/lib/gcc/or1k-elf/4.9.1/../../../../or1k-elf/lib/libor1k.a(lseek.o)
 .data          0x000000000000b5fc        0x0 /opt/or1k-toolchain/lib/gcc/or1k-elf/4.9.1/../../../../or1k-elf/lib/libor1k.a(read.o)
 .data          0x000000000000b5fc        0x4 /opt/or1k-toolchain/lib/gcc/or1k-elf/4.9.1/../../../../or1k-elf/lib/libor1k.a(sbrk.o)
 .data          0x000000000000b600        0x0 /opt/or1k-toolchain/lib/gcc/or1k-elf/4.9.1/../../../../or1k-elf/lib/libor1k.a(write.o)
 .data          0x000000000000b600        0x0 /opt/or1k-toolchain/lib/gcc/or1k-elf/4.9.1/../../../../or1k-elf/lib/libboard-or1ksim.a(or1ksim.o)
 .data          0x000000000000b600        0x0 /opt/or1k-toolchain/lib/gcc/or1k-elf/4.9.1/libgcc.a(__udivsi3.o)
 .data          0x000000000000b600        0x0 /opt/or1k-toolchain/lib/gcc/or1k-elf/4.9.1/libgcc.a(__umodsi3.o)
 .data          0x000000000000b600        0x0 /opt/or1k-toolchain/lib/gcc/or1k-elf/4.9.1/crtend.o
 .data          0x000000000000b600        0x0 /opt/or1k-toolchain/lib/gcc/or1k-elf/4.9.1/crtn.o

.tm_clone_table
                0x000000000000b600        0x0
 .tm_clone_table
                0x000000000000b600        0x0 /opt/or1k-toolchain/lib/gcc/or1k-elf/4.9.1/crtbegin.o
 .tm_clone_table
                0x000000000000b600        0x0 /opt/or1k-toolchain/lib/gcc/or1k-elf/4.9.1/crtend.o

.data1
 *(.data1)

.got
 *(.got.plt)
 *(.igot.plt)
 *(.got)
 *(.igot)

.sdata
 *(.sdata .sdata.* .gnu.linkonce.s.*)

.programmer
 *(.programmer)
                0x000000000000b600                _edata = .
                0x000000000000b600                PROVIDE (edata, .)
                0x000000000000b600                . = ALIGN (0x4)

.noinit
 *(.noinit)
                0x000000000000b600                . = ALIGN (0x4)

.sbss           0x0000000000080000        0x0
                0x0000000000080000                __bss_start = .
 *(.dynsbss)
 *(.sbss .sbss.* .gnu.linkonce.sb.*)
 *(.scommon)

.bss            0x0000000000080000       0xe0
 *(.dynbss)
 *(.bss .bss.* .gnu.linkonce.b.*)
 .bss           0x0000000000080000        0x0 /opt/or1k-toolchain/lib/gcc/or1k-elf/4.9.1/../../../../or1k-elf/lib/crt0.o
 .bss           0x0000000000080000        0x0 /opt/or1k-toolchain/lib/gcc/or1k-elf/4.9.1/crti.o
 .bss           0x0000000000080000       0x20 /opt/or1k-toolchain/lib/gcc/or1k-elf/4.9.1/crtbegin.o
 .bss           0x0000000000080020        0x0 ./adc.o
 .bss           0x0000000000080020        0x0 ./atlys.o
 .bss           0x0000000000080020        0x0 ./clk.o
 .bss           0x0000000000080020        0x8 ./debug.o
 .bss           0x0000000000080028        0x2 ./fpga.o
 .bss           0x000000000008002a        0x0 ./main.o
 *fill*         0x000000000008002a        0x2 
 .bss           0x000000000008002c        0x4 ./spi.o
 .bss           0x0000000000080030       0x40 ./timer.o
 .bss           0x0000000000080070        0x0 /opt/or1k-toolchain/lib/gcc/or1k-elf/4.9.1/../../../../or1k-elf/lib/libc.a(lib_a-atexit.o)
 .bss           0x0000000000080070        0x0 /opt/or1k-toolchain/lib/gcc/or1k-elf/4.9.1/../../../../or1k-elf/lib/libc.a(lib_a-__atexit.o)
 .bss           0x0000000000080070        0x0 /opt/or1k-toolchain/lib/gcc/or1k-elf/4.9.1/../../../../or1k-elf/lib/libc.a(lib_a-exit.o)
 .bss           0x0000000000080070        0x0 /opt/or1k-toolchain/lib/gcc/or1k-elf/4.9.1/../../../../or1k-elf/lib/libc.a(lib_a-impure.o)
 .bss           0x0000000000080070        0x0 /opt/or1k-toolchain/lib/gcc/or1k-elf/4.9.1/../../../../or1k-elf/lib/libc.a(lib_a-iprintf.o)
 .bss           0x0000000000080070        0x0 /opt/or1k-toolchain/lib/gcc/or1k-elf/4.9.1/../../../../or1k-elf/lib/libc.a(lib_a-or1k-impure.o)
 .bss           0x0000000000080070        0x0 /opt/or1k-toolchain/lib/gcc/or1k-elf/4.9.1/../../../../or1k-elf/lib/libc.a(lib_a-or1k-support-asm.o)
 .bss           0x0000000000080070        0x4 /opt/or1k-toolchain/lib/gcc/or1k-elf/4.9.1/../../../../or1k-elf/lib/libc.a(lib_a-or1k-support.o)
 .bss           0x0000000000080074        0x0 /opt/or1k-toolchain/lib/gcc/or1k-elf/4.9.1/../../../../or1k-elf/lib/libc.a(lib_a-vfiprintf.o)
 .bss           0x0000000000080074        0x0 /opt/or1k-toolchain/lib/gcc/or1k-elf/4.9.1/../../../../or1k-elf/lib/libc.a(lib_a-wsetup.o)
 .bss           0x0000000000080074        0x0 /opt/or1k-toolchain/lib/gcc/or1k-elf/4.9.1/../../../../or1k-elf/lib/libc.a(lib_a-__call_atexit.o)
 .bss           0x0000000000080074        0x0 /opt/or1k-toolchain/lib/gcc/or1k-elf/4.9.1/../../../../or1k-elf/lib/libc.a(lib_a-fflush.o)
 .bss           0x0000000000080074        0x0 /opt/or1k-toolchain/lib/gcc/or1k-elf/4.9.1/../../../../or1k-elf/lib/libc.a(lib_a-findfp.o)
 .bss           0x0000000000080074        0x0 /opt/or1k-toolchain/lib/gcc/or1k-elf/4.9.1/../../../../or1k-elf/lib/libc.a(lib_a-fputwc.o)
 .bss           0x0000000000080074        0x0 /opt/or1k-toolchain/lib/gcc/or1k-elf/4.9.1/../../../../or1k-elf/lib/libc.a(lib_a-freer.o)
 .bss           0x0000000000080074        0x0 /opt/or1k-toolchain/lib/gcc/or1k-elf/4.9.1/../../../../or1k-elf/lib/libc.a(lib_a-fvwrite.o)
 .bss           0x0000000000080074        0x0 /opt/or1k-toolchain/lib/gcc/or1k-elf/4.9.1/../../../../or1k-elf/lib/libc.a(lib_a-fwalk.o)
 .bss           0x0000000000080074        0xc /opt/or1k-toolchain/lib/gcc/or1k-elf/4.9.1/../../../../or1k-elf/lib/libc.a(lib_a-locale.o)
                0x0000000000080074                _PathLocale
                0x0000000000080078                __mlocale_changed
                0x000000000008007c                __nlocale_changed
 .bss           0x0000000000080080        0x0 /opt/or1k-toolchain/lib/gcc/or1k-elf/4.9.1/../../../../or1k-elf/lib/libc.a(lib_a-makebuf.o)
 .bss           0x0000000000080080       0x34 /opt/or1k-toolchain/lib/gcc/or1k-elf/4.9.1/../../../../or1k-elf/lib/libc.a(lib_a-mallocr.o)
                0x0000000000080080                __malloc_current_mallinfo
                0x00000000000800a8                __malloc_max_total_mem
                0x00000000000800ac                __malloc_max_sbrked_mem
                0x00000000000800b0                __malloc_top_pad
 .bss           0x00000000000800b4        0x0 /opt/or1k-toolchain/lib/gcc/or1k-elf/4.9.1/../../../../or1k-elf/lib/libc.a(lib_a-memchr.o)
 .bss           0x00000000000800b4        0x0 /opt/or1k-toolchain/lib/gcc/or1k-elf/4.9.1/../../../../or1k-elf/lib/libc.a(lib_a-memcpy.o)
 .bss           0x00000000000800b4        0x0 /opt/or1k-toolchain/lib/gcc/or1k-elf/4.9.1/../../../../or1k-elf/lib/libc.a(lib_a-memmove.o)
 .bss           0x00000000000800b4        0x0 /opt/or1k-toolchain/lib/gcc/or1k-elf/4.9.1/../../../../or1k-elf/lib/libc.a(lib_a-memset.o)
 .bss           0x00000000000800b4        0x0 /opt/or1k-toolchain/lib/gcc/or1k-elf/4.9.1/../../../../or1k-elf/lib/libc.a(lib_a-mlock.o)
 .bss           0x00000000000800b4        0x0 /opt/or1k-toolchain/lib/gcc/or1k-elf/4.9.1/../../../../or1k-elf/lib/libc.a(lib_a-reallocr.o)
 .bss           0x00000000000800b4        0x0 /opt/or1k-toolchain/lib/gcc/or1k-elf/4.9.1/../../../../or1k-elf/lib/libc.a(lib_a-stdio.o)
 .bss           0x00000000000800b4        0x0 /opt/or1k-toolchain/lib/gcc/or1k-elf/4.9.1/../../../../or1k-elf/lib/libc.a(lib_a-strcmp.o)
 .bss           0x00000000000800b4        0x0 /opt/or1k-toolchain/lib/gcc/or1k-elf/4.9.1/../../../../or1k-elf/lib/libc.a(lib_a-strlen.o)
 .bss           0x00000000000800b4        0x0 /opt/or1k-toolchain/lib/gcc/or1k-elf/4.9.1/../../../../or1k-elf/lib/libc.a(lib_a-wbuf.o)
 .bss           0x00000000000800b4        0x0 /opt/or1k-toolchain/lib/gcc/or1k-elf/4.9.1/../../../../or1k-elf/lib/libc.a(lib_a-wcrtomb.o)
 .bss           0x00000000000800b4        0x0 /opt/or1k-toolchain/lib/gcc/or1k-elf/4.9.1/../../../../or1k-elf/lib/libc.a(lib_a-wctomb_r.o)
 .bss           0x00000000000800b4        0x0 /opt/or1k-toolchain/lib/gcc/or1k-elf/4.9.1/../../../../or1k-elf/lib/libc.a(lib_a-fclose.o)
 .bss           0x00000000000800b4        0x0 /opt/or1k-toolchain/lib/gcc/or1k-elf/4.9.1/../../../../or1k-elf/lib/libor1k.a(_exit.o)
 .bss           0x00000000000800b4        0x0 /opt/or1k-toolchain/lib/gcc/or1k-elf/4.9.1/../../../../or1k-elf/lib/libor1k.a(close.o)
 .bss           0x00000000000800b4        0x0 /opt/or1k-toolchain/lib/gcc/or1k-elf/4.9.1/../../../../or1k-elf/lib/libor1k.a(fstat.o)
 .bss           0x00000000000800b4        0x0 /opt/or1k-toolchain/lib/gcc/or1k-elf/4.9.1/../../../../or1k-elf/lib/libor1k.a(isatty.o)
 .bss           0x00000000000800b4        0x0 /opt/or1k-toolchain/lib/gcc/or1k-elf/4.9.1/../../../../or1k-elf/lib/libor1k.a(lseek.o)
 .bss           0x00000000000800b4        0x0 /opt/or1k-toolchain/lib/gcc/or1k-elf/4.9.1/../../../../or1k-elf/lib/libor1k.a(read.o)
 .bss           0x00000000000800b4        0x0 /opt/or1k-toolchain/lib/gcc/or1k-elf/4.9.1/../../../../or1k-elf/lib/libor1k.a(sbrk.o)
 .bss           0x00000000000800b4        0x0 /opt/or1k-toolchain/lib/gcc/or1k-elf/4.9.1/../../../../or1k-elf/lib/libor1k.a(write.o)
 .bss           0x00000000000800b4        0x0 /opt/or1k-toolchain/lib/gcc/or1k-elf/4.9.1/../../../../or1k-elf/lib/libboard-or1ksim.a(or1ksim.o)
 .bss           0x00000000000800b4        0x0 /opt/or1k-toolchain/lib/gcc/or1k-elf/4.9.1/libgcc.a(__udivsi3.o)
 .bss           0x00000000000800b4        0x0 /opt/or1k-toolchain/lib/gcc/or1k-elf/4.9.1/libgcc.a(__umodsi3.o)
 .bss           0x00000000000800b4        0x0 /opt/or1k-toolchain/lib/gcc/or1k-elf/4.9.1/crtend.o
 .bss           0x00000000000800b4        0x0 /opt/or1k-toolchain/lib/gcc/or1k-elf/4.9.1/crtn.o
 *(COMMON)
 COMMON         0x00000000000800b4        0x4 ./main.o
                0x00000000000800b4                dwTest
 COMMON         0x00000000000800b8        0x8 ./spi.o
                0x00000000000800b8                dwFinished
                0x00000000000800bc                dwMutex
 COMMON         0x00000000000800c0        0x4 /opt/or1k-toolchain/lib/gcc/or1k-elf/4.9.1/../../../../or1k-elf/lib/libc.a(lib_a-or1k-impure.o)
                0x00000000000800c0                _current_impure_ptr
 COMMON         0x00000000000800c4        0xc /opt/or1k-toolchain/lib/gcc/or1k-elf/4.9.1/../../../../or1k-elf/lib/libc.a(lib_a-or1k-support.o)
                0x00000000000800c4                or1k_timer_mode
                0x00000000000800c8                or1k_timer_ticks
                0x00000000000800cc                or1k_timer_period
 COMMON         0x00000000000800d0       0x10 /opt/or1k-toolchain/lib/gcc/or1k-elf/4.9.1/../../../../or1k-elf/lib/libc.a(lib_a-mlock.o)
                0x00000000000800d0                _malloc_lock_restore_interrupts
                0x00000000000800d4                _malloc_lock_cnt
                0x00000000000800d8                _malloc_lock_own
                0x00000000000800dc                _malloc_lock_restore_timer
                0x00000000000800e0                . = ALIGN ((. != 0x0)?0x4:0x1)
                0x00000000000800e0                . = ALIGN (0x4)
                0x00000000000800e0                . = SEGMENT_START ("ldata-segment", .)
                0x00000000000800e0                . = ALIGN (0x4)
                0x00000000000800e0                _end = .
                0x00000000000800e0                PROVIDE (end, .)

.stab
 *(.stab)

.stabstr
 *(.stabstr)

.stab.excl
 *(.stab.excl)

.stab.exclstr
 *(.stab.exclstr)

.stab.index
 *(.stab.index)

.stab.indexstr
 *(.stab.indexstr)

.comment        0x0000000000000000       0x11
 *(.comment)
 .comment       0x0000000000000000       0x11 /opt/or1k-toolchain/lib/gcc/or1k-elf/4.9.1/crtbegin.o
                                         0x12 (size before relaxing)
 .comment       0x0000000000000000       0x12 ./adc.o
 .comment       0x0000000000000000       0x12 ./atlys.o
 .comment       0x0000000000000000       0x12 ./clk.o
 .comment       0x0000000000000000       0x12 ./debug.o
 .comment       0x0000000000000000       0x12 ./fpga.o
 .comment       0x0000000000000000       0x12 ./main.o
 .comment       0x0000000000000000       0x12 ./spi.o
 .comment       0x0000000000000000       0x12 ./timer.o
 .comment       0x0000000000000000       0x12 /opt/or1k-toolchain/lib/gcc/or1k-elf/4.9.1/../../../../or1k-elf/lib/libc.a(lib_a-atexit.o)
 .comment       0x0000000000000000       0x12 /opt/or1k-toolchain/lib/gcc/or1k-elf/4.9.1/../../../../or1k-elf/lib/libc.a(lib_a-__atexit.o)
 .comment       0x0000000000000000       0x12 /opt/or1k-toolchain/lib/gcc/or1k-elf/4.9.1/../../../../or1k-elf/lib/libc.a(lib_a-exit.o)
 .comment       0x0000000000000000       0x12 /opt/or1k-toolchain/lib/gcc/or1k-elf/4.9.1/../../../../or1k-elf/lib/libc.a(lib_a-impure.o)
 .comment       0x0000000000000000       0x12 /opt/or1k-toolchain/lib/gcc/or1k-elf/4.9.1/../../../../or1k-elf/lib/libc.a(lib_a-iprintf.o)
 .comment       0x0000000000000000       0x12 /opt/or1k-toolchain/lib/gcc/or1k-elf/4.9.1/../../../../or1k-elf/lib/libc.a(lib_a-or1k-impure.o)
 .comment       0x0000000000000000       0x12 /opt/or1k-toolchain/lib/gcc/or1k-elf/4.9.1/../../../../or1k-elf/lib/libc.a(lib_a-or1k-support.o)
 .comment       0x0000000000000000       0x12 /opt/or1k-toolchain/lib/gcc/or1k-elf/4.9.1/../../../../or1k-elf/lib/libc.a(lib_a-vfiprintf.o)
 .comment       0x0000000000000000       0x12 /opt/or1k-toolchain/lib/gcc/or1k-elf/4.9.1/../../../../or1k-elf/lib/libc.a(lib_a-wsetup.o)
 .comment       0x0000000000000000       0x12 /opt/or1k-toolchain/lib/gcc/or1k-elf/4.9.1/../../../../or1k-elf/lib/libc.a(lib_a-__call_atexit.o)
 .comment       0x0000000000000000       0x12 /opt/or1k-toolchain/lib/gcc/or1k-elf/4.9.1/../../../../or1k-elf/lib/libc.a(lib_a-fflush.o)
 .comment       0x0000000000000000       0x12 /opt/or1k-toolchain/lib/gcc/or1k-elf/4.9.1/../../../../or1k-elf/lib/libc.a(lib_a-findfp.o)
 .comment       0x0000000000000000       0x12 /opt/or1k-toolchain/lib/gcc/or1k-elf/4.9.1/../../../../or1k-elf/lib/libc.a(lib_a-fputwc.o)
 .comment       0x0000000000000000       0x12 /opt/or1k-toolchain/lib/gcc/or1k-elf/4.9.1/../../../../or1k-elf/lib/libc.a(lib_a-freer.o)
 .comment       0x0000000000000000       0x12 /opt/or1k-toolchain/lib/gcc/or1k-elf/4.9.1/../../../../or1k-elf/lib/libc.a(lib_a-fvwrite.o)
 .comment       0x0000000000000000       0x12 /opt/or1k-toolchain/lib/gcc/or1k-elf/4.9.1/../../../../or1k-elf/lib/libc.a(lib_a-fwalk.o)
 .comment       0x0000000000000000       0x12 /opt/or1k-toolchain/lib/gcc/or1k-elf/4.9.1/../../../../or1k-elf/lib/libc.a(lib_a-locale.o)
 .comment       0x0000000000000000       0x12 /opt/or1k-toolchain/lib/gcc/or1k-elf/4.9.1/../../../../or1k-elf/lib/libc.a(lib_a-makebuf.o)
 .comment       0x0000000000000000       0x12 /opt/or1k-toolchain/lib/gcc/or1k-elf/4.9.1/../../../../or1k-elf/lib/libc.a(lib_a-mallocr.o)
 .comment       0x0000000000000000       0x12 /opt/or1k-toolchain/lib/gcc/or1k-elf/4.9.1/../../../../or1k-elf/lib/libc.a(lib_a-memchr.o)
 .comment       0x0000000000000000       0x12 /opt/or1k-toolchain/lib/gcc/or1k-elf/4.9.1/../../../../or1k-elf/lib/libc.a(lib_a-memcpy.o)
 .comment       0x0000000000000000       0x12 /opt/or1k-toolchain/lib/gcc/or1k-elf/4.9.1/../../../../or1k-elf/lib/libc.a(lib_a-memmove.o)
 .comment       0x0000000000000000       0x12 /opt/or1k-toolchain/lib/gcc/or1k-elf/4.9.1/../../../../or1k-elf/lib/libc.a(lib_a-memset.o)
 .comment       0x0000000000000000       0x12 /opt/or1k-toolchain/lib/gcc/or1k-elf/4.9.1/../../../../or1k-elf/lib/libc.a(lib_a-mlock.o)
 .comment       0x0000000000000000       0x12 /opt/or1k-toolchain/lib/gcc/or1k-elf/4.9.1/../../../../or1k-elf/lib/libc.a(lib_a-reallocr.o)
 .comment       0x0000000000000000       0x12 /opt/or1k-toolchain/lib/gcc/or1k-elf/4.9.1/../../../../or1k-elf/lib/libc.a(lib_a-stdio.o)
 .comment       0x0000000000000000       0x12 /opt/or1k-toolchain/lib/gcc/or1k-elf/4.9.1/../../../../or1k-elf/lib/libc.a(lib_a-strcmp.o)
 .comment       0x0000000000000000       0x12 /opt/or1k-toolchain/lib/gcc/or1k-elf/4.9.1/../../../../or1k-elf/lib/libc.a(lib_a-strlen.o)
 .comment       0x0000000000000000       0x12 /opt/or1k-toolchain/lib/gcc/or1k-elf/4.9.1/../../../../or1k-elf/lib/libc.a(lib_a-wbuf.o)
 .comment       0x0000000000000000       0x12 /opt/or1k-toolchain/lib/gcc/or1k-elf/4.9.1/../../../../or1k-elf/lib/libc.a(lib_a-wcrtomb.o)
 .comment       0x0000000000000000       0x12 /opt/or1k-toolchain/lib/gcc/or1k-elf/4.9.1/../../../../or1k-elf/lib/libc.a(lib_a-wctomb_r.o)
 .comment       0x0000000000000000       0x12 /opt/or1k-toolchain/lib/gcc/or1k-elf/4.9.1/../../../../or1k-elf/lib/libc.a(lib_a-fclose.o)
 .comment       0x0000000000000000       0x12 /opt/or1k-toolchain/lib/gcc/or1k-elf/4.9.1/../../../../or1k-elf/lib/libor1k.a(_exit.o)
 .comment       0x0000000000000000       0x12 /opt/or1k-toolchain/lib/gcc/or1k-elf/4.9.1/../../../../or1k-elf/lib/libor1k.a(close.o)
 .comment       0x0000000000000000       0x12 /opt/or1k-toolchain/lib/gcc/or1k-elf/4.9.1/../../../../or1k-elf/lib/libor1k.a(fstat.o)
 .comment       0x0000000000000000       0x12 /opt/or1k-toolchain/lib/gcc/or1k-elf/4.9.1/../../../../or1k-elf/lib/libor1k.a(isatty.o)
 .comment       0x0000000000000000       0x12 /opt/or1k-toolchain/lib/gcc/or1k-elf/4.9.1/../../../../or1k-elf/lib/libor1k.a(lseek.o)
 .comment       0x0000000000000000       0x12 /opt/or1k-toolchain/lib/gcc/or1k-elf/4.9.1/../../../../or1k-elf/lib/libor1k.a(read.o)
 .comment       0x0000000000000000       0x12 /opt/or1k-toolchain/lib/gcc/or1k-elf/4.9.1/../../../../or1k-elf/lib/libor1k.a(sbrk.o)
 .comment       0x0000000000000000       0x12 /opt/or1k-toolchain/lib/gcc/or1k-elf/4.9.1/../../../../or1k-elf/lib/libor1k.a(write.o)
 .comment       0x0000000000000000       0x12 /opt/or1k-toolchain/lib/gcc/or1k-elf/4.9.1/crtend.o

.debug
 *(.debug)

.line
 *(.line)

.debug_srcinfo
 *(.debug_srcinfo)

.debug_sfnames
 *(.debug_sfnames)

.debug_aranges  0x0000000000000000      0x5f0
 *(.debug_aranges)
 .debug_aranges
                0x0000000000000000       0x20 ./adc.o
 .debug_aranges
                0x0000000000000020       0x18 ./atlys.o
 .debug_aranges
                0x0000000000000038       0x20 ./clk.o
 .debug_aranges
                0x0000000000000058       0x20 ./debug.o
 .debug_aranges
                0x0000000000000078       0x20 ./fpga.o
 .debug_aranges
                0x0000000000000098       0x20 ./main.o
 .debug_aranges
                0x00000000000000b8       0x20 ./spi.o
 .debug_aranges
                0x00000000000000d8       0x20 ./timer.o
 .debug_aranges
                0x00000000000000f8       0x20 /opt/or1k-toolchain/lib/gcc/or1k-elf/4.9.1/../../../../or1k-elf/lib/libc.a(lib_a-atexit.o)
 .debug_aranges
                0x0000000000000118       0x20 /opt/or1k-toolchain/lib/gcc/or1k-elf/4.9.1/../../../../or1k-elf/lib/libc.a(lib_a-__atexit.o)
 .debug_aranges
                0x0000000000000138       0x20 /opt/or1k-toolchain/lib/gcc/or1k-elf/4.9.1/../../../../or1k-elf/lib/libc.a(lib_a-exit.o)
 .debug_aranges
                0x0000000000000158       0x18 /opt/or1k-toolchain/lib/gcc/or1k-elf/4.9.1/../../../../or1k-elf/lib/libc.a(lib_a-impure.o)
 .debug_aranges
                0x0000000000000170       0x20 /opt/or1k-toolchain/lib/gcc/or1k-elf/4.9.1/../../../../or1k-elf/lib/libc.a(lib_a-iprintf.o)
 .debug_aranges
                0x0000000000000190       0x20 /opt/or1k-toolchain/lib/gcc/or1k-elf/4.9.1/../../../../or1k-elf/lib/libc.a(lib_a-or1k-impure.o)
 .debug_aranges
                0x00000000000001b0       0x20 /opt/or1k-toolchain/lib/gcc/or1k-elf/4.9.1/../../../../or1k-elf/lib/libc.a(lib_a-or1k-support.o)
 .debug_aranges
                0x00000000000001d0       0x20 /opt/or1k-toolchain/lib/gcc/or1k-elf/4.9.1/../../../../or1k-elf/lib/libc.a(lib_a-vfiprintf.o)
 .debug_aranges
                0x00000000000001f0       0x20 /opt/or1k-toolchain/lib/gcc/or1k-elf/4.9.1/../../../../or1k-elf/lib/libc.a(lib_a-wsetup.o)
 .debug_aranges
                0x0000000000000210       0x20 /opt/or1k-toolchain/lib/gcc/or1k-elf/4.9.1/../../../../or1k-elf/lib/libc.a(lib_a-__call_atexit.o)
 .debug_aranges
                0x0000000000000230       0x20 /opt/or1k-toolchain/lib/gcc/or1k-elf/4.9.1/../../../../or1k-elf/lib/libc.a(lib_a-fflush.o)
 .debug_aranges
                0x0000000000000250       0x20 /opt/or1k-toolchain/lib/gcc/or1k-elf/4.9.1/../../../../or1k-elf/lib/libc.a(lib_a-findfp.o)
 .debug_aranges
                0x0000000000000270       0x20 /opt/or1k-toolchain/lib/gcc/or1k-elf/4.9.1/../../../../or1k-elf/lib/libc.a(lib_a-fputwc.o)
 .debug_aranges
                0x0000000000000290       0x20 /opt/or1k-toolchain/lib/gcc/or1k-elf/4.9.1/../../../../or1k-elf/lib/libc.a(lib_a-freer.o)
 .debug_aranges
                0x00000000000002b0       0x20 /opt/or1k-toolchain/lib/gcc/or1k-elf/4.9.1/../../../../or1k-elf/lib/libc.a(lib_a-fvwrite.o)
 .debug_aranges
                0x00000000000002d0       0x20 /opt/or1k-toolchain/lib/gcc/or1k-elf/4.9.1/../../../../or1k-elf/lib/libc.a(lib_a-fwalk.o)
 .debug_aranges
                0x00000000000002f0       0x20 /opt/or1k-toolchain/lib/gcc/or1k-elf/4.9.1/../../../../or1k-elf/lib/libc.a(lib_a-locale.o)
 .debug_aranges
                0x0000000000000310       0x20 /opt/or1k-toolchain/lib/gcc/or1k-elf/4.9.1/../../../../or1k-elf/lib/libc.a(lib_a-makebuf.o)
 .debug_aranges
                0x0000000000000330       0x20 /opt/or1k-toolchain/lib/gcc/or1k-elf/4.9.1/../../../../or1k-elf/lib/libc.a(lib_a-mallocr.o)
 .debug_aranges
                0x0000000000000350       0x20 /opt/or1k-toolchain/lib/gcc/or1k-elf/4.9.1/../../../../or1k-elf/lib/libc.a(lib_a-memchr.o)
 .debug_aranges
                0x0000000000000370       0x20 /opt/or1k-toolchain/lib/gcc/or1k-elf/4.9.1/../../../../or1k-elf/lib/libc.a(lib_a-memcpy.o)
 .debug_aranges
                0x0000000000000390       0x20 /opt/or1k-toolchain/lib/gcc/or1k-elf/4.9.1/../../../../or1k-elf/lib/libc.a(lib_a-memmove.o)
 .debug_aranges
                0x00000000000003b0       0x20 /opt/or1k-toolchain/lib/gcc/or1k-elf/4.9.1/../../../../or1k-elf/lib/libc.a(lib_a-memset.o)
 .debug_aranges
                0x00000000000003d0       0x20 /opt/or1k-toolchain/lib/gcc/or1k-elf/4.9.1/../../../../or1k-elf/lib/libc.a(lib_a-mlock.o)
 .debug_aranges
                0x00000000000003f0       0x20 /opt/or1k-toolchain/lib/gcc/or1k-elf/4.9.1/../../../../or1k-elf/lib/libc.a(lib_a-reallocr.o)
 .debug_aranges
                0x0000000000000410       0x20 /opt/or1k-toolchain/lib/gcc/or1k-elf/4.9.1/../../../../or1k-elf/lib/libc.a(lib_a-stdio.o)
 .debug_aranges
                0x0000000000000430       0x20 /opt/or1k-toolchain/lib/gcc/or1k-elf/4.9.1/../../../../or1k-elf/lib/libc.a(lib_a-strcmp.o)
 .debug_aranges
                0x0000000000000450       0x20 /opt/or1k-toolchain/lib/gcc/or1k-elf/4.9.1/../../../../or1k-elf/lib/libc.a(lib_a-strlen.o)
 .debug_aranges
                0x0000000000000470       0x20 /opt/or1k-toolchain/lib/gcc/or1k-elf/4.9.1/../../../../or1k-elf/lib/libc.a(lib_a-wbuf.o)
 .debug_aranges
                0x0000000000000490       0x20 /opt/or1k-toolchain/lib/gcc/or1k-elf/4.9.1/../../../../or1k-elf/lib/libc.a(lib_a-wcrtomb.o)
 .debug_aranges
                0x00000000000004b0       0x20 /opt/or1k-toolchain/lib/gcc/or1k-elf/4.9.1/../../../../or1k-elf/lib/libc.a(lib_a-wctomb_r.o)
 .debug_aranges
                0x00000000000004d0       0x20 /opt/or1k-toolchain/lib/gcc/or1k-elf/4.9.1/../../../../or1k-elf/lib/libc.a(lib_a-fclose.o)
 .debug_aranges
                0x00000000000004f0       0x20 /opt/or1k-toolchain/lib/gcc/or1k-elf/4.9.1/../../../../or1k-elf/lib/libor1k.a(_exit.o)
 .debug_aranges
                0x0000000000000510       0x20 /opt/or1k-toolchain/lib/gcc/or1k-elf/4.9.1/../../../../or1k-elf/lib/libor1k.a(close.o)
 .debug_aranges
                0x0000000000000530       0x20 /opt/or1k-toolchain/lib/gcc/or1k-elf/4.9.1/../../../../or1k-elf/lib/libor1k.a(fstat.o)
 .debug_aranges
                0x0000000000000550       0x20 /opt/or1k-toolchain/lib/gcc/or1k-elf/4.9.1/../../../../or1k-elf/lib/libor1k.a(isatty.o)
 .debug_aranges
                0x0000000000000570       0x20 /opt/or1k-toolchain/lib/gcc/or1k-elf/4.9.1/../../../../or1k-elf/lib/libor1k.a(lseek.o)
 .debug_aranges
                0x0000000000000590       0x20 /opt/or1k-toolchain/lib/gcc/or1k-elf/4.9.1/../../../../or1k-elf/lib/libor1k.a(read.o)
 .debug_aranges
                0x00000000000005b0       0x20 /opt/or1k-toolchain/lib/gcc/or1k-elf/4.9.1/../../../../or1k-elf/lib/libor1k.a(sbrk.o)
 .debug_aranges
                0x00000000000005d0       0x20 /opt/or1k-toolchain/lib/gcc/or1k-elf/4.9.1/../../../../or1k-elf/lib/libor1k.a(write.o)

.debug_pubnames
 *(.debug_pubnames)

.debug_info     0x0000000000000000    0x16442
 *(.debug_info .gnu.linkonce.wi.*)
 .debug_info    0x0000000000000000      0x102 ./adc.o
 .debug_info    0x0000000000000102       0x94 ./atlys.o
 .debug_info    0x0000000000000196      0x1b7 ./clk.o
 .debug_info    0x000000000000034d      0x118 ./debug.o
 .debug_info    0x0000000000000465       0xe5 ./fpga.o
 .debug_info    0x000000000000054a       0xd5 ./main.o
 .debug_info    0x000000000000061f      0x293 ./spi.o
 .debug_info    0x00000000000008b2      0x2f5 ./timer.o
 .debug_info    0x0000000000000ba7      0x10a /opt/or1k-toolchain/lib/gcc/or1k-elf/4.9.1/../../../../or1k-elf/lib/libc.a(lib_a-atexit.o)
 .debug_info    0x0000000000000cb1      0x934 /opt/or1k-toolchain/lib/gcc/or1k-elf/4.9.1/../../../../or1k-elf/lib/libc.a(lib_a-__atexit.o)
 .debug_info    0x00000000000015e5      0x8e4 /opt/or1k-toolchain/lib/gcc/or1k-elf/4.9.1/../../../../or1k-elf/lib/libc.a(lib_a-exit.o)
 .debug_info    0x0000000000001ec9      0x894 /opt/or1k-toolchain/lib/gcc/or1k-elf/4.9.1/../../../../or1k-elf/lib/libc.a(lib_a-impure.o)
 .debug_info    0x000000000000275d      0x9a6 /opt/or1k-toolchain/lib/gcc/or1k-elf/4.9.1/../../../../or1k-elf/lib/libc.a(lib_a-iprintf.o)
[...]

.debug_str      0x0000000000000000     0x95e6
 *(.debug_str)
 .debug_str     0x0000000000000000     0x23a7 ./adc.o
                                       0x24d8 (size before relaxing)
 .debug_str     0x00000000000023a7      0x869 ./atlys.o
                                       0x1f64 (size before relaxing)
 .debug_str     0x0000000000002c10      0x124 ./clk.o
                                       0x25a6 (size before relaxing)
 .debug_str     0x0000000000002d34     0x1f69 ./debug.o
                                       0x43d5 (size before relaxing)
 .debug_str     0x0000000000004c9d      0x166 ./fpga.o
                                       0x25ee (size before relaxing)
 .debug_str     0x0000000000004e03      0x2db ./main.o
                                       0x3125 (size before relaxing)
 .debug_str     0x00000000000050de      0x117 ./spi.o
                                       0x4e94 (size before relaxing)
 .debug_str     0x00000000000051f5     0x2a33 ./timer.o
                                       0x775d (size before relaxing)
 .debug_str     0x0000000000007c28       0xdd /opt/or1k-toolchain/lib/gcc/or1k-elf/4.9.1/../../../../or1k-elf/lib/libc.a(lib_a-atexit.o)
                                        0x176 (size before relaxing)
 .debug_str     0x0000000000007d05      0x397 /opt/or1k-toolchain/lib/gcc/or1k-elf/4.9.1/../../../../or1k-elf/lib/libc.a(lib_a-__atexit.o)
                                        0x552 (size before relaxing)
 .debug_str     0x000000000000809c       0x4e /opt/or1k-toolchain/lib/gcc/or1k-elf/4.9.1/../../../../or1k-elf/lib/libc.a(lib_a-exit.o)
                                        0x513 (size before relaxing)
 .debug_str     0x00000000000080ea       0x6e /opt/or1k-toolchain/lib/gcc/or1k-elf/4.9.1/../../../../or1k-elf/lib/libc.a(lib_a-impure.o)
                                        0x50a (size before relaxing)
 .debug_str     0x0000000000008158       0xa4 /opt/or1k-toolchain/lib/gcc/or1k-elf/4.9.1/../../../../or1k-elf/lib/libc.a(lib_a-iprintf.o)
                                        0x539 (size before relaxing)
 .debug_str     0x00000000000081fc       0xda /opt/or1k-toolchain/lib/gcc/or1k-elf/4.9.1/../../../../or1k-elf/lib/libc.a(lib_a-or1k-impure.o)
                                        0x562 (size before relaxing)
 .debug_str     0x00000000000082d6      0x206 /opt/or1k-toolchain/lib/gcc/or1k-elf/4.9.1/../../../../or1k-elf/lib/libc.a(lib_a-or1k-support.o)
                                        0x35a (size before relaxing)
 .debug_str     0x00000000000084dc      0x1c3 /opt/or1k-toolchain/lib/gcc/or1k-elf/4.9.1/../../../../or1k-elf/lib/libc.a(lib_a-vfiprintf.o)
                                        0x6d4 (size before relaxing)
 .debug_str     0x000000000000869f       0x48 /opt/or1k-toolchain/lib/gcc/or1k-elf/4.9.1/../../../../or1k-elf/lib/libc.a(lib_a-wsetup.o)
                                        0x528 (size before relaxing)
 .debug_str     0x00000000000086e7       0x5c /opt/or1k-toolchain/lib/gcc/or1k-elf/4.9.1/../../../../or1k-elf/lib/libc.a(lib_a-__call_atexit.o)
                                        0x537 (size before relaxing)
 .debug_str     0x0000000000008743       0x63 /opt/or1k-toolchain/lib/gcc/or1k-elf/4.9.1/../../../../or1k-elf/lib/libc.a(lib_a-fflush.o)
                                        0x563 (size before relaxing)
 .debug_str     0x00000000000087a6      0x113 /opt/or1k-toolchain/lib/gcc/or1k-elf/4.9.1/../../../../or1k-elf/lib/libc.a(lib_a-findfp.o)
                                        0x616 (size before relaxing)
 .debug_str     0x00000000000088b9       0x65 /opt/or1k-toolchain/lib/gcc/or1k-elf/4.9.1/../../../../or1k-elf/lib/libc.a(lib_a-fputwc.o)
                                        0x569 (size before relaxing)
 .debug_str     0x000000000000891e      0x172 /opt/or1k-toolchain/lib/gcc/or1k-elf/4.9.1/../../../../or1k-elf/lib/libc.a(lib_a-freer.o)
                                        0x663 (size before relaxing)
 .debug_str     0x0000000000008a90       0x6c /opt/or1k-toolchain/lib/gcc/or1k-elf/4.9.1/../../../../or1k-elf/lib/libc.a(lib_a-fvwrite.o)
                                        0x59c (size before relaxing)
 .debug_str     0x0000000000008afc       0x41 /opt/or1k-toolchain/lib/gcc/or1k-elf/4.9.1/../../../../or1k-elf/lib/libc.a(lib_a-fwalk.o)
                                        0x50f (size before relaxing)
 .debug_str     0x0000000000008b3d      0x23e /opt/or1k-toolchain/lib/gcc/or1k-elf/4.9.1/../../../../or1k-elf/lib/libc.a(lib_a-locale.o)
                                        0x766 (size before relaxing)
 .debug_str     0x0000000000008d7b      0x120 /opt/or1k-toolchain/lib/gcc/or1k-elf/4.9.1/../../../../or1k-elf/lib/libc.a(lib_a-makebuf.o)
                                        0x60c (size before relaxing)
 .debug_str     0x0000000000008e9b       0xdf /opt/or1k-toolchain/lib/gcc/or1k-elf/4.9.1/../../../../or1k-elf/lib/libc.a(lib_a-mallocr.o)
                                        0x719 (size before relaxing)
 .debug_str     0x0000000000008f7a       0x8a /opt/or1k-toolchain/lib/gcc/or1k-elf/4.9.1/../../../../or1k-elf/lib/libc.a(lib_a-memchr.o)
                                        0x153 (size before relaxing)
 .debug_str     0x0000000000009004       0x5b /opt/or1k-toolchain/lib/gcc/or1k-elf/4.9.1/../../../../or1k-elf/lib/libc.a(lib_a-memcpy.o)
                                        0x160 (size before relaxing)
 .debug_str     0x000000000000905f       0x3e /opt/or1k-toolchain/lib/gcc/or1k-elf/4.9.1/../../../../or1k-elf/lib/libc.a(lib_a-memmove.o)
                                        0x16c (size before relaxing)
 .debug_str     0x000000000000909d       0x48 /opt/or1k-toolchain/lib/gcc/or1k-elf/4.9.1/../../../../or1k-elf/lib/libc.a(lib_a-memset.o)
                                        0x14d (size before relaxing)
 .debug_str     0x00000000000090e5       0xbf /opt/or1k-toolchain/lib/gcc/or1k-elf/4.9.1/../../../../or1k-elf/lib/libc.a(lib_a-mlock.o)
                                        0x5ef (size before relaxing)
 .debug_str     0x00000000000091a4       0x4e /opt/or1k-toolchain/lib/gcc/or1k-elf/4.9.1/../../../../or1k-elf/lib/libc.a(lib_a-reallocr.o)
                                        0x5eb (size before relaxing)
 .debug_str     0x00000000000091f2       0x92 /opt/or1k-toolchain/lib/gcc/or1k-elf/4.9.1/../../../../or1k-elf/lib/libc.a(lib_a-stdio.o)
                                        0x55d (size before relaxing)
 .debug_str     0x0000000000009284       0x34 /opt/or1k-toolchain/lib/gcc/or1k-elf/4.9.1/../../../../or1k-elf/lib/libc.a(lib_a-strcmp.o)
                                        0x132 (size before relaxing)
 .debug_str     0x00000000000092b8       0x34 /opt/or1k-toolchain/lib/gcc/or1k-elf/4.9.1/../../../../or1k-elf/lib/libc.a(lib_a-strlen.o)
                                        0x14c (size before relaxing)
 .debug_str     0x00000000000092ec       0x39 /opt/or1k-toolchain/lib/gcc/or1k-elf/4.9.1/../../../../or1k-elf/lib/libc.a(lib_a-wbuf.o)
                                        0x52d (size before relaxing)
 .debug_str     0x0000000000009325       0x4d /opt/or1k-toolchain/lib/gcc/or1k-elf/4.9.1/../../../../or1k-elf/lib/libc.a(lib_a-wcrtomb.o)
                                        0x540 (size before relaxing)
 .debug_str     0x0000000000009372       0x56 /opt/or1k-toolchain/lib/gcc/or1k-elf/4.9.1/../../../../or1k-elf/lib/libc.a(lib_a-wctomb_r.o)
                                        0x54a (size before relaxing)
 .debug_str     0x00000000000093c8       0x44 /opt/or1k-toolchain/lib/gcc/or1k-elf/4.9.1/../../../../or1k-elf/lib/libc.a(lib_a-fclose.o)
                                        0x555 (size before relaxing)
 .debug_str     0x000000000000940c       0x89 /opt/or1k-toolchain/lib/gcc/or1k-elf/4.9.1/../../../../or1k-elf/lib/libor1k.a(_exit.o)
                                        0x113 (size before relaxing)
 .debug_str     0x0000000000009495       0x2b /opt/or1k-toolchain/lib/gcc/or1k-elf/4.9.1/../../../../or1k-elf/lib/libor1k.a(close.o)
                                        0x4e5 (size before relaxing)
 .debug_str     0x00000000000094c0       0x2b /opt/or1k-toolchain/lib/gcc/or1k-elf/4.9.1/../../../../or1k-elf/lib/libor1k.a(fstat.o)
                                        0x5dc (size before relaxing)
 .debug_str     0x00000000000094eb       0x2c /opt/or1k-toolchain/lib/gcc/or1k-elf/4.9.1/../../../../or1k-elf/lib/libor1k.a(isatty.o)
                                        0x4f8 (size before relaxing)
 .debug_str     0x0000000000009517       0x2b /opt/or1k-toolchain/lib/gcc/or1k-elf/4.9.1/../../../../or1k-elf/lib/libor1k.a(lseek.o)
                                        0x504 (size before relaxing)
 .debug_str     0x0000000000009542       0x2a /opt/or1k-toolchain/lib/gcc/or1k-elf/4.9.1/../../../../or1k-elf/lib/libor1k.a(read.o)
                                        0x518 (size before relaxing)
 .debug_str     0x000000000000956c       0x47 /opt/or1k-toolchain/lib/gcc/or1k-elf/4.9.1/../../../../or1k-elf/lib/libor1k.a(sbrk.o)
                                        0x50a (size before relaxing)
 .debug_str     0x00000000000095b3       0x33 /opt/or1k-toolchain/lib/gcc/or1k-elf/4.9.1/../../../../or1k-elf/lib/libor1k.a(write.o)
                                        0x521 (size before relaxing)

.debug_loc      0x0000000000000000     0x6f93
 *(.debug_loc)
 .debug_loc     0x0000000000000000       0x2c /opt/or1k-toolchain/lib/gcc/or1k-elf/4.9.1/../../../../or1k-elf/lib/libc.a(lib_a-atexit.o)
 .debug_loc     0x000000000000002c      0x168 /opt/or1k-toolchain/lib/gcc/or1k-elf/4.9.1/../../../../or1k-elf/lib/libc.a(lib_a-__atexit.o)
 .debug_loc     0x0000000000000194       0x1e /opt/or1k-toolchain/lib/gcc/or1k-elf/4.9.1/../../../../or1k-elf/lib/libc.a(lib_a-exit.o)
 .debug_loc     0x00000000000001b2       0xfd /opt/or1k-toolchain/lib/gcc/or1k-elf/4.9.1/../../../../or1k-elf/lib/libc.a(lib_a-iprintf.o)
 .debug_loc     0x00000000000002af      0x3c5 /opt/or1k-toolchain/lib/gcc/or1k-elf/4.9.1/../../../../or1k-elf/lib/libc.a(lib_a-or1k-support.o)
 .debug_loc     0x0000000000000674     0x1f3f /opt/or1k-toolchain/lib/gcc/or1k-elf/4.9.1/../../../../or1k-elf/lib/libc.a(lib_a-vfiprintf.o)
 .debug_loc     0x00000000000025b3       0x8c /opt/or1k-toolchain/lib/gcc/or1k-elf/4.9.1/../../../../or1k-elf/lib/libc.a(lib_a-wsetup.o)
 .debug_loc     0x000000000000263f      0x1b6 /opt/or1k-toolchain/lib/gcc/or1k-elf/4.9.1/../../../../or1k-elf/lib/libc.a(lib_a-__call_atexit.o)
 .debug_loc     0x00000000000027f5      0x307 /opt/or1k-toolchain/lib/gcc/or1k-elf/4.9.1/../../../../or1k-elf/lib/libc.a(lib_a-fflush.o)
 .debug_loc     0x0000000000002afc      0x208 /opt/or1k-toolchain/lib/gcc/or1k-elf/4.9.1/../../../../or1k-elf/lib/libc.a(lib_a-findfp.o)
 .debug_loc     0x0000000000002d04      0x257 /opt/or1k-toolchain/lib/gcc/or1k-elf/4.9.1/../../../../or1k-elf/lib/libc.a(lib_a-fputwc.o)
 .debug_loc     0x0000000000002f5b      0x504 /opt/or1k-toolchain/lib/gcc/or1k-elf/4.9.1/../../../../or1k-elf/lib/libc.a(lib_a-freer.o)
 .debug_loc     0x000000000000345f      0x60f /opt/or1k-toolchain/lib/gcc/or1k-elf/4.9.1/../../../../or1k-elf/lib/libc.a(lib_a-fvwrite.o)
 .debug_loc     0x0000000000003a6e      0x22b /opt/or1k-toolchain/lib/gcc/or1k-elf/4.9.1/../../../../or1k-elf/lib/libc.a(lib_a-fwalk.o)
 .debug_loc     0x0000000000003c99       0xd1 /opt/or1k-toolchain/lib/gcc/or1k-elf/4.9.1/../../../../or1k-elf/lib/libc.a(lib_a-locale.o)
 .debug_loc     0x0000000000003d6a      0x128 /opt/or1k-toolchain/lib/gcc/or1k-elf/4.9.1/../../../../or1k-elf/lib/libc.a(lib_a-makebuf.o)
 .debug_loc     0x0000000000003e92      0xbc1 /opt/or1k-toolchain/lib/gcc/or1k-elf/4.9.1/../../../../or1k-elf/lib/libc.a(lib_a-mallocr.o)
 .debug_loc     0x0000000000004a53      0x187 /opt/or1k-toolchain/lib/gcc/or1k-elf/4.9.1/../../../../or1k-elf/lib/libc.a(lib_a-memchr.o)
 .debug_loc     0x0000000000004bda      0x234 /opt/or1k-toolchain/lib/gcc/or1k-elf/4.9.1/../../../../or1k-elf/lib/libc.a(lib_a-memcpy.o)
 .debug_loc     0x0000000000004e0e      0x2c3 /opt/or1k-toolchain/lib/gcc/or1k-elf/4.9.1/../../../../or1k-elf/lib/libc.a(lib_a-memmove.o)
 .debug_loc     0x00000000000050d1      0x1ba /opt/or1k-toolchain/lib/gcc/or1k-elf/4.9.1/../../../../or1k-elf/lib/libc.a(lib_a-memset.o)
 .debug_loc     0x000000000000528b       0xbb /opt/or1k-toolchain/lib/gcc/or1k-elf/4.9.1/../../../../or1k-elf/lib/libc.a(lib_a-mlock.o)
 .debug_loc     0x0000000000005346      0xdc6 /opt/or1k-toolchain/lib/gcc/or1k-elf/4.9.1/../../../../or1k-elf/lib/libc.a(lib_a-reallocr.o)
 .debug_loc     0x000000000000610c      0x2f8 /opt/or1k-toolchain/lib/gcc/or1k-elf/4.9.1/../../../../or1k-elf/lib/libc.a(lib_a-stdio.o)
 .debug_loc     0x0000000000006404       0xb0 /opt/or1k-toolchain/lib/gcc/or1k-elf/4.9.1/../../../../or1k-elf/lib/libc.a(lib_a-strcmp.o)
 .debug_loc     0x00000000000064b4       0x47 /opt/or1k-toolchain/lib/gcc/or1k-elf/4.9.1/../../../../or1k-elf/lib/libc.a(lib_a-strlen.o)
 .debug_loc     0x00000000000064fb      0x186 /opt/or1k-toolchain/lib/gcc/or1k-elf/4.9.1/../../../../or1k-elf/lib/libc.a(lib_a-wbuf.o)
 .debug_loc     0x0000000000006681      0x22f /opt/or1k-toolchain/lib/gcc/or1k-elf/4.9.1/../../../../or1k-elf/lib/libc.a(lib_a-wcrtomb.o)
 .debug_loc     0x00000000000068b0       0xea /opt/or1k-toolchain/lib/gcc/or1k-elf/4.9.1/../../../../or1k-elf/lib/libc.a(lib_a-wctomb_r.o)
 .debug_loc     0x000000000000699a      0x1b0 /opt/or1k-toolchain/lib/gcc/or1k-elf/4.9.1/../../../../or1k-elf/lib/libc.a(lib_a-fclose.o)
 .debug_loc     0x0000000000006b4a       0x21 /opt/or1k-toolchain/lib/gcc/or1k-elf/4.9.1/../../../../or1k-elf/lib/libor1k.a(close.o)
 .debug_loc     0x0000000000006b6b       0x73 /opt/or1k-toolchain/lib/gcc/or1k-elf/4.9.1/../../../../or1k-elf/lib/libor1k.a(fstat.o)
 .debug_loc     0x0000000000006bde       0x47 /opt/or1k-toolchain/lib/gcc/or1k-elf/4.9.1/../../../../or1k-elf/lib/libor1k.a(isatty.o)
 .debug_loc     0x0000000000006c25       0x89 /opt/or1k-toolchain/lib/gcc/or1k-elf/4.9.1/../../../../or1k-elf/lib/libor1k.a(lseek.o)
 .debug_loc     0x0000000000006cae      0x164 /opt/or1k-toolchain/lib/gcc/or1k-elf/4.9.1/../../../../or1k-elf/lib/libor1k.a(read.o)
 .debug_loc     0x0000000000006e12       0x34 /opt/or1k-toolchain/lib/gcc/or1k-elf/4.9.1/../../../../or1k-elf/lib/libor1k.a(sbrk.o)
 .debug_loc     0x0000000000006e46      0x14d /opt/or1k-toolchain/lib/gcc/or1k-elf/4.9.1/../../../../or1k-elf/lib/libor1k.a(write.o)

.debug_macinfo
 *(.debug_macinfo)

.debug_weaknames
 *(.debug_weaknames)

.debug_funcnames
 *(.debug_funcnames)

.debug_typenames
 *(.debug_typenames)

.debug_varnames
 *(.debug_varnames)

.debug_pubtypes
 *(.debug_pubtypes)

.debug_ranges   0x0000000000000000      0x6a0
 *(.debug_ranges)
 .debug_ranges  0x0000000000000000       0x98 /opt/or1k-toolchain/lib/gcc/or1k-elf/4.9.1/../../../../or1k-elf/lib/libc.a(lib_a-or1k-impure.o)
 .debug_ranges  0x0000000000000098      0x108 /opt/or1k-toolchain/lib/gcc/or1k-elf/4.9.1/../../../../or1k-elf/lib/libc.a(lib_a-or1k-support.o)
 .debug_ranges  0x00000000000001a0      0x1a0 /opt/or1k-toolchain/lib/gcc/or1k-elf/4.9.1/../../../../or1k-elf/lib/libc.a(lib_a-vfiprintf.o)
 .debug_ranges  0x0000000000000340       0x18 /opt/or1k-toolchain/lib/gcc/or1k-elf/4.9.1/../../../../or1k-elf/lib/libc.a(lib_a-wsetup.o)
 .debug_ranges  0x0000000000000358       0x20 /opt/or1k-toolchain/lib/gcc/or1k-elf/4.9.1/../../../../or1k-elf/lib/libc.a(lib_a-__call_atexit.o)
 .debug_ranges  0x0000000000000378       0x48 /opt/or1k-toolchain/lib/gcc/or1k-elf/4.9.1/../../../../or1k-elf/lib/libc.a(lib_a-fflush.o)
 .debug_ranges  0x00000000000003c0       0x80 /opt/or1k-toolchain/lib/gcc/or1k-elf/4.9.1/../../../../or1k-elf/lib/libc.a(lib_a-findfp.o)
 .debug_ranges  0x0000000000000440       0x30 /opt/or1k-toolchain/lib/gcc/or1k-elf/4.9.1/../../../../or1k-elf/lib/libc.a(lib_a-fputwc.o)
 .debug_ranges  0x0000000000000470       0x20 /opt/or1k-toolchain/lib/gcc/or1k-elf/4.9.1/../../../../or1k-elf/lib/libc.a(lib_a-fvwrite.o)
 .debug_ranges  0x0000000000000490       0x18 /opt/or1k-toolchain/lib/gcc/or1k-elf/4.9.1/../../../../or1k-elf/lib/libc.a(lib_a-locale.o)
 .debug_ranges  0x00000000000004a8       0x38 /opt/or1k-toolchain/lib/gcc/or1k-elf/4.9.1/../../../../or1k-elf/lib/libc.a(lib_a-mallocr.o)
 .debug_ranges  0x00000000000004e0      0x128 /opt/or1k-toolchain/lib/gcc/or1k-elf/4.9.1/../../../../or1k-elf/lib/libc.a(lib_a-reallocr.o)
 .debug_ranges  0x0000000000000608       0x20 /opt/or1k-toolchain/lib/gcc/or1k-elf/4.9.1/../../../../or1k-elf/lib/libc.a(lib_a-wbuf.o)
 .debug_ranges  0x0000000000000628       0x38 /opt/or1k-toolchain/lib/gcc/or1k-elf/4.9.1/../../../../or1k-elf/lib/libc.a(lib_a-fclose.o)
 .debug_ranges  0x0000000000000660       0x20 /opt/or1k-toolchain/lib/gcc/or1k-elf/4.9.1/../../../../or1k-elf/lib/libor1k.a(read.o)
 .debug_ranges  0x0000000000000680       0x20 /opt/or1k-toolchain/lib/gcc/or1k-elf/4.9.1/../../../../or1k-elf/lib/libor1k.a(write.o)

.debug_macro    0x0000000000000000     0x2375
 *(.debug_macro)
 .debug_macro   0x0000000000000000       0x6e ./adc.o
 .debug_macro   0x000000000000006e      0x4f6 ./adc.o
 .debug_macro   0x0000000000000564       0x46 ./adc.o
 .debug_macro   0x00000000000005aa       0x16 ./adc.o
 .debug_macro   0x00000000000005c0       0x2e ./adc.o
 .debug_macro   0x00000000000005ee       0xa2 ./adc.o
 .debug_macro   0x0000000000000690      0x20e ./adc.o
 .debug_macro   0x000000000000089e       0x34 ./adc.o
 .debug_macro   0x00000000000008d2       0x1a ./atlys.o
 .debug_macro   0x00000000000008ec      0x196 ./atlys.o
 .debug_macro   0x0000000000000a82       0x77 ./clk.o
 .debug_macro   0x0000000000000af9       0x22 ./clk.o
 .debug_macro   0x0000000000000b1b      0x109 ./debug.o
 .debug_macro   0x0000000000000c24       0x16 ./debug.o
 .debug_macro   0x0000000000000c3a       0x97 ./debug.o
 .debug_macro   0x0000000000000cd1       0x10 ./debug.o
 .debug_macro   0x0000000000000ce1       0x3a ./debug.o
 .debug_macro   0x0000000000000d1b       0x52 ./debug.o
 .debug_macro   0x0000000000000d6d       0x16 ./debug.o
 .debug_macro   0x0000000000000d83       0x19 ./debug.o
 .debug_macro   0x0000000000000d9c      0x180 ./debug.o
 .debug_macro   0x0000000000000f1c       0x10 ./debug.o
 .debug_macro   0x0000000000000f2c       0xef ./debug.o
 .debug_macro   0x000000000000101b       0x22 ./debug.o
 .debug_macro   0x000000000000103d       0xbd ./debug.o
 .debug_macro   0x00000000000010fa       0x16 ./debug.o
 .debug_macro   0x0000000000001110      0x16c ./debug.o
 .debug_macro   0x000000000000127c       0x46 ./debug.o
 .debug_macro   0x00000000000012c2       0x16 ./debug.o
 .debug_macro   0x00000000000012d8       0x77 ./fpga.o
 .debug_macro   0x000000000000134f       0x4c ./fpga.o
 .debug_macro   0x000000000000139b       0xb3 ./main.o
 .debug_macro   0x000000000000144e       0x40 ./main.o
 .debug_macro   0x000000000000148e       0x46 ./main.o
 .debug_macro   0x00000000000014d4       0x1c ./main.o
 .debug_macro   0x00000000000014f0      0x140 ./spi.o
 .debug_macro   0x0000000000001630       0x2e ./spi.o
 .debug_macro   0x000000000000165e      0x13d ./timer.o
 .debug_macro   0x000000000000179b      0x214 ./timer.o
 .debug_macro   0x00000000000019af      0x9c6 ./timer.o

.gnu.attributes
 *(.gnu.attributes)

/DISCARD/
 *(.note.GNU-stack)
 *(.gnu_debuglink)
 *(.gnu.lto_*)
LOAD ./adc.o
LOAD ./atlys.o
LOAD ./clk.o
LOAD ./debug.o
LOAD ./fpga.o
LOAD ./main.o
LOAD ./spi.o
LOAD ./timer.o
LOAD /opt/or1k-toolchain/lib/gcc/or1k-elf/4.9.1/libgcc.a
LOAD /opt/or1k-toolchain/lib/gcc/or1k-elf/4.9.1/../../../../or1k-elf/lib/libc.a
LOAD /opt/or1k-toolchain/lib/gcc/or1k-elf/4.9.1/../../../../or1k-elf/lib/libor1k.a
LOAD /opt/or1k-toolchain/lib/gcc/or1k-elf/4.9.1/../../../../or1k-elf/lib/libboard-or1ksim.a
LOAD /opt/or1k-toolchain/lib/gcc/or1k-elf/4.9.1/../../../../or1k-elf/lib/libc.a
LOAD /opt/or1k-toolchain/lib/gcc/or1k-elf/4.9.1/libgcc.a
LOAD /opt/or1k-toolchain/lib/gcc/or1k-elf/4.9.1/crtend.o
LOAD /opt/or1k-toolchain/lib/gcc/or1k-elf/4.9.1/crtn.o
OUTPUT(sdr_test elf32-or1k)
