Archive member included because of file (symbol)

/opt/or1k-toolchain/lib/gcc/or1k-elf/4.9.1/../../../../or1k-elf/lib/libc.a(lib_a-atexit.o)
                              /opt/or1k-toolchain/lib/gcc/or1k-elf/4.9.1/../../../../or1k-elf/lib/crt0.o (atexit)
/opt/or1k-toolchain/lib/gcc/or1k-elf/4.9.1/../../../../or1k-elf/lib/libc.a(lib_a-__atexit.o)
                              /opt/or1k-toolchain/lib/gcc/or1k-elf/4.9.1/../../../../or1k-elf/lib/libc.a(lib_a-atexit.o) (__register_exitproc)
/opt/or1k-toolchain/lib/gcc/or1k-elf/4.9.1/../../../../or1k-elf/lib/libc.a(lib_a-exit.o)
                              /opt/or1k-toolchain/lib/gcc/or1k-elf/4.9.1/../../../../or1k-elf/lib/crt0.o (exit)
/opt/or1k-toolchain/lib/gcc/or1k-elf/4.9.1/../../../../or1k-elf/lib/libc.a(lib_a-impure.o)
                              /opt/or1k-toolchain/lib/gcc/or1k-elf/4.9.1/../../../../or1k-elf/lib/libc.a(lib_a-__atexit.o) (_global_impure_ptr)
/opt/or1k-toolchain/lib/gcc/or1k-elf/4.9.1/../../../../or1k-elf/lib/libc.a(lib_a-iprintf.o)
                              ./spi.o (iprintf)
/opt/or1k-toolchain/lib/gcc/or1k-elf/4.9.1/../../../../or1k-elf/lib/libc.a(lib_a-or1k-impure.o)
                              /opt/or1k-toolchain/lib/gcc/or1k-elf/4.9.1/../../../../or1k-elf/lib/crt0.o (__impure_init)
/opt/or1k-toolchain/lib/gcc/or1k-elf/4.9.1/../../../../or1k-elf/lib/libc.a(lib_a-or1k-support-asm.o)
                              /opt/or1k-toolchain/lib/gcc/or1k-elf/4.9.1/../../../../or1k-elf/lib/crt0.o (or1k_cache_init)
/opt/or1k-toolchain/lib/gcc/or1k-elf/4.9.1/../../../../or1k-elf/lib/libc.a(lib_a-or1k-support.o)
                              ./timer.o (or1k_timer_ticks)
/opt/or1k-toolchain/lib/gcc/or1k-elf/4.9.1/../../../../or1k-elf/lib/libc.a(lib_a-vfiprintf.o)
                              /opt/or1k-toolchain/lib/gcc/or1k-elf/4.9.1/../../../../or1k-elf/lib/libc.a(lib_a-iprintf.o) (_vfiprintf_r)
/opt/or1k-toolchain/lib/gcc/or1k-elf/4.9.1/../../../../or1k-elf/lib/libc.a(lib_a-wsetup.o)
                              /opt/or1k-toolchain/lib/gcc/or1k-elf/4.9.1/../../../../or1k-elf/lib/libc.a(lib_a-vfiprintf.o) (__swsetup_r)
/opt/or1k-toolchain/lib/gcc/or1k-elf/4.9.1/../../../../or1k-elf/lib/libc.a(lib_a-__call_atexit.o)
                              /opt/or1k-toolchain/lib/gcc/or1k-elf/4.9.1/../../../../or1k-elf/lib/libc.a(lib_a-exit.o) (__call_exitprocs)
/opt/or1k-toolchain/lib/gcc/or1k-elf/4.9.1/../../../../or1k-elf/lib/libc.a(lib_a-fflush.o)
                              /opt/or1k-toolchain/lib/gcc/or1k-elf/4.9.1/../../../../or1k-elf/lib/libc.a(lib_a-vfiprintf.o) (_fflush_r)
/opt/or1k-toolchain/lib/gcc/or1k-elf/4.9.1/../../../../or1k-elf/lib/libc.a(lib_a-findfp.o)
                              /opt/or1k-toolchain/lib/gcc/or1k-elf/4.9.1/../../../../or1k-elf/lib/libc.a(lib_a-vfiprintf.o) (__sinit)
/opt/or1k-toolchain/lib/gcc/or1k-elf/4.9.1/../../../../or1k-elf/lib/libc.a(lib_a-fputwc.o)
                              /opt/or1k-toolchain/lib/gcc/or1k-elf/4.9.1/../../../../or1k-elf/lib/libc.a(lib_a-vfiprintf.o) (_fputwc_r)
/opt/or1k-toolchain/lib/gcc/or1k-elf/4.9.1/../../../../or1k-elf/lib/libc.a(lib_a-freer.o)
                              /opt/or1k-toolchain/lib/gcc/or1k-elf/4.9.1/../../../../or1k-elf/lib/libc.a(lib_a-wsetup.o) (_free_r)
/opt/or1k-toolchain/lib/gcc/or1k-elf/4.9.1/../../../../or1k-elf/lib/libc.a(lib_a-fvwrite.o)
                              /opt/or1k-toolchain/lib/gcc/or1k-elf/4.9.1/../../../../or1k-elf/lib/libc.a(lib_a-vfiprintf.o) (__sfvwrite_r)
/opt/or1k-toolchain/lib/gcc/or1k-elf/4.9.1/../../../../or1k-elf/lib/libc.a(lib_a-fwalk.o)
                              /opt/or1k-toolchain/lib/gcc/or1k-elf/4.9.1/../../../../or1k-elf/lib/libc.a(lib_a-findfp.o) (_fwalk)
/opt/or1k-toolchain/lib/gcc/or1k-elf/4.9.1/../../../../or1k-elf/lib/libc.a(lib_a-locale.o)
                              /opt/or1k-toolchain/lib/gcc/or1k-elf/4.9.1/../../../../or1k-elf/lib/libc.a(lib_a-fputwc.o) (__locale_mb_cur_max)
/opt/or1k-toolchain/lib/gcc/or1k-elf/4.9.1/../../../../or1k-elf/lib/libc.a(lib_a-makebuf.o)
                              /opt/or1k-toolchain/lib/gcc/or1k-elf/4.9.1/../../../../or1k-elf/lib/libc.a(lib_a-wsetup.o) (__smakebuf_r)
/opt/or1k-toolchain/lib/gcc/or1k-elf/4.9.1/../../../../or1k-elf/lib/libc.a(lib_a-mallocr.o)
                              /opt/or1k-toolchain/lib/gcc/or1k-elf/4.9.1/../../../../or1k-elf/lib/libc.a(lib_a-findfp.o) (_malloc_r)
/opt/or1k-toolchain/lib/gcc/or1k-elf/4.9.1/../../../../or1k-elf/lib/libc.a(lib_a-memchr.o)
                              /opt/or1k-toolchain/lib/gcc/or1k-elf/4.9.1/../../../../or1k-elf/lib/libc.a(lib_a-vfiprintf.o) (memchr)
/opt/or1k-toolchain/lib/gcc/or1k-elf/4.9.1/../../../../or1k-elf/lib/libc.a(lib_a-memcpy.o)
                              /opt/or1k-toolchain/lib/gcc/or1k-elf/4.9.1/../../../../or1k-elf/lib/libc.a(lib_a-fvwrite.o) (memcpy)
/opt/or1k-toolchain/lib/gcc/or1k-elf/4.9.1/../../../../or1k-elf/lib/libc.a(lib_a-memmove.o)
                              /opt/or1k-toolchain/lib/gcc/or1k-elf/4.9.1/../../../../or1k-elf/lib/libc.a(lib_a-fvwrite.o) (memmove)
/opt/or1k-toolchain/lib/gcc/or1k-elf/4.9.1/../../../../or1k-elf/lib/libc.a(lib_a-memset.o)
                              /opt/or1k-toolchain/lib/gcc/or1k-elf/4.9.1/../../../../or1k-elf/lib/libc.a(lib_a-or1k-impure.o) (memset)
/opt/or1k-toolchain/lib/gcc/or1k-elf/4.9.1/../../../../or1k-elf/lib/libc.a(lib_a-mlock.o)
                              /opt/or1k-toolchain/lib/gcc/or1k-elf/4.9.1/../../../../or1k-elf/lib/libc.a(lib_a-freer.o) (__malloc_lock)
/opt/or1k-toolchain/lib/gcc/or1k-elf/4.9.1/../../../../or1k-elf/lib/libc.a(lib_a-reallocr.o)
                              /opt/or1k-toolchain/lib/gcc/or1k-elf/4.9.1/../../../../or1k-elf/lib/libc.a(lib_a-fvwrite.o) (_realloc_r)
/opt/or1k-toolchain/lib/gcc/or1k-elf/4.9.1/../../../../or1k-elf/lib/libc.a(lib_a-stdio.o)
                              /opt/or1k-toolchain/lib/gcc/or1k-elf/4.9.1/../../../../or1k-elf/lib/libc.a(lib_a-findfp.o) (__sread)
/opt/or1k-toolchain/lib/gcc/or1k-elf/4.9.1/../../../../or1k-elf/lib/libc.a(lib_a-strcmp.o)
                              /opt/or1k-toolchain/lib/gcc/or1k-elf/4.9.1/../../../../or1k-elf/lib/libc.a(lib_a-locale.o) (strcmp)
/opt/or1k-toolchain/lib/gcc/or1k-elf/4.9.1/../../../../or1k-elf/lib/libc.a(lib_a-strlen.o)
                              /opt/or1k-toolchain/lib/gcc/or1k-elf/4.9.1/../../../../or1k-elf/lib/libc.a(lib_a-vfiprintf.o) (strlen)
/opt/or1k-toolchain/lib/gcc/or1k-elf/4.9.1/../../../../or1k-elf/lib/libc.a(lib_a-wbuf.o)
                              /opt/or1k-toolchain/lib/gcc/or1k-elf/4.9.1/../../../../or1k-elf/lib/libc.a(lib_a-fputwc.o) (__swbuf_r)
/opt/or1k-toolchain/lib/gcc/or1k-elf/4.9.1/../../../../or1k-elf/lib/libc.a(lib_a-wcrtomb.o)
                              /opt/or1k-toolchain/lib/gcc/or1k-elf/4.9.1/../../../../or1k-elf/lib/libc.a(lib_a-fputwc.o) (_wcrtomb_r)
/opt/or1k-toolchain/lib/gcc/or1k-elf/4.9.1/../../../../or1k-elf/lib/libc.a(lib_a-wctomb_r.o)
                              /opt/or1k-toolchain/lib/gcc/or1k-elf/4.9.1/../../../../or1k-elf/lib/libc.a(lib_a-wcrtomb.o) (__wctomb)
/opt/or1k-toolchain/lib/gcc/or1k-elf/4.9.1/../../../../or1k-elf/lib/libc.a(lib_a-fclose.o)
                              /opt/or1k-toolchain/lib/gcc/or1k-elf/4.9.1/../../../../or1k-elf/lib/libc.a(lib_a-findfp.o) (fclose)
/opt/or1k-toolchain/lib/gcc/or1k-elf/4.9.1/../../../../or1k-elf/lib/libor1k.a(_exit.o)
                              /opt/or1k-toolchain/lib/gcc/or1k-elf/4.9.1/../../../../or1k-elf/lib/libc.a(lib_a-exit.o) (_exit)
/opt/or1k-toolchain/lib/gcc/or1k-elf/4.9.1/../../../../or1k-elf/lib/libor1k.a(close.o)
                              /opt/or1k-toolchain/lib/gcc/or1k-elf/4.9.1/../../../../or1k-elf/lib/libc.a(lib_a-stdio.o) (_close_r)
/opt/or1k-toolchain/lib/gcc/or1k-elf/4.9.1/../../../../or1k-elf/lib/libor1k.a(fstat.o)
                              /opt/or1k-toolchain/lib/gcc/or1k-elf/4.9.1/../../../../or1k-elf/lib/libc.a(lib_a-makebuf.o) (_fstat_r)
/opt/or1k-toolchain/lib/gcc/or1k-elf/4.9.1/../../../../or1k-elf/lib/libor1k.a(isatty.o)
                              /opt/or1k-toolchain/lib/gcc/or1k-elf/4.9.1/../../../../or1k-elf/lib/libc.a(lib_a-makebuf.o) (_isatty_r)
/opt/or1k-toolchain/lib/gcc/or1k-elf/4.9.1/../../../../or1k-elf/lib/libor1k.a(lseek.o)
                              /opt/or1k-toolchain/lib/gcc/or1k-elf/4.9.1/../../../../or1k-elf/lib/libc.a(lib_a-stdio.o) (_lseek_r)
/opt/or1k-toolchain/lib/gcc/or1k-elf/4.9.1/../../../../or1k-elf/lib/libor1k.a(read.o)
                              /opt/or1k-toolchain/lib/gcc/or1k-elf/4.9.1/../../../../or1k-elf/lib/libc.a(lib_a-stdio.o) (_read_r)
/opt/or1k-toolchain/lib/gcc/or1k-elf/4.9.1/../../../../or1k-elf/lib/libor1k.a(sbrk.o)
                              /opt/or1k-toolchain/lib/gcc/or1k-elf/4.9.1/../../../../or1k-elf/lib/libc.a(lib_a-freer.o) (_sbrk_r)
/opt/or1k-toolchain/lib/gcc/or1k-elf/4.9.1/../../../../or1k-elf/lib/libor1k.a(write.o)
                              /opt/or1k-toolchain/lib/gcc/or1k-elf/4.9.1/../../../../or1k-elf/lib/libc.a(lib_a-stdio.o) (_write_r)
/opt/or1k-toolchain/lib/gcc/or1k-elf/4.9.1/../../../../or1k-elf/lib/libboard-or1ksim.a(or1ksim.o)
                              /opt/or1k-toolchain/lib/gcc/or1k-elf/4.9.1/../../../../or1k-elf/lib/libor1k.a(_exit.o) (_board_exit)
/opt/or1k-toolchain/lib/gcc/or1k-elf/4.9.1/libgcc.a(__udivsi3.o)
                              /opt/or1k-toolchain/lib/gcc/or1k-elf/4.9.1/../../../../or1k-elf/lib/libc.a(lib_a-or1k-support.o) (__udivsi3)
/opt/or1k-toolchain/lib/gcc/or1k-elf/4.9.1/libgcc.a(__umodsi3.o)
                              /opt/or1k-toolchain/lib/gcc/or1k-elf/4.9.1/../../../../or1k-elf/lib/libc.a(lib_a-vfiprintf.o) (__umodsi3)

Allocating common symbols
Common symbol       size              file

dwFinished          0x4               ./spi.o
dwTest              0x4               ./main.o
_malloc_lock_restore_interrupts
                    0x4               /opt/or1k-toolchain/lib/gcc/or1k-elf/4.9.1/../../../../or1k-elf/lib/libc.a(lib_a-mlock.o)
dwMutex             0x4               ./spi.o
or1k_timer_mode     0x4               /opt/or1k-toolchain/lib/gcc/or1k-elf/4.9.1/../../../../or1k-elf/lib/libc.a(lib_a-or1k-support.o)
_malloc_lock_cnt    0x4               /opt/or1k-toolchain/lib/gcc/or1k-elf/4.9.1/../../../../or1k-elf/lib/libc.a(lib_a-mlock.o)
or1k_timer_ticks    0x4               /opt/or1k-toolchain/lib/gcc/or1k-elf/4.9.1/../../../../or1k-elf/lib/libc.a(lib_a-or1k-support.o)
_current_impure_ptr
                    0x4               /opt/or1k-toolchain/lib/gcc/or1k-elf/4.9.1/../../../../or1k-elf/lib/libc.a(lib_a-or1k-impure.o)
_malloc_lock_own    0x4               /opt/or1k-toolchain/lib/gcc/or1k-elf/4.9.1/../../../../or1k-elf/lib/libc.a(lib_a-mlock.o)
_malloc_lock_restore_timer
                    0x4               /opt/or1k-toolchain/lib/gcc/or1k-elf/4.9.1/../../../../or1k-elf/lib/libc.a(lib_a-mlock.o)
or1k_timer_period   0x4               /opt/or1k-toolchain/lib/gcc/or1k-elf/4.9.1/../../../../or1k-elf/lib/libc.a(lib_a-or1k-support.o)

Discarded input sections

 .group         0x0000000000000000        0x8 ./adc.o
 .group         0x0000000000000000        0x8 ./adc.o
 .group         0x0000000000000000        0x8 ./adc.o
 .group         0x0000000000000000        0x8 ./adc.o
 .group         0x0000000000000000        0x8 ./adc.o
 .group         0x0000000000000000        0x8 ./adc.o
 .group         0x0000000000000000        0x8 ./adc.o
 .group         0x0000000000000000        0x8 ./atlys.o
 .group         0x0000000000000000        0x8 ./atlys.o
 .debug_macro   0x0000000000000000      0x4f6 ./atlys.o
 .group         0x0000000000000000        0x8 ./clk.o
 .group         0x0000000000000000        0x8 ./clk.o
 .group         0x0000000000000000        0x8 ./clk.o
 .group         0x0000000000000000        0x8 ./clk.o
 .group         0x0000000000000000        0x8 ./clk.o
 .group         0x0000000000000000        0x8 ./clk.o
 .group         0x0000000000000000        0x8 ./clk.o
 .group         0x0000000000000000        0x8 ./clk.o
 .debug_macro   0x0000000000000000      0x4f6 ./clk.o
 .debug_macro   0x0000000000000000       0x46 ./clk.o
 .debug_macro   0x0000000000000000       0x16 ./clk.o
 .debug_macro   0x0000000000000000       0x2e ./clk.o
 .debug_macro   0x0000000000000000       0xa2 ./clk.o
 .debug_macro   0x0000000000000000      0x20e ./clk.o
 .debug_macro   0x0000000000000000       0x34 ./clk.o
 .group         0x0000000000000000        0x8 ./debug.o
 .group         0x0000000000000000        0x8 ./debug.o
 .group         0x0000000000000000        0x8 ./debug.o
 .group         0x0000000000000000        0x8 ./debug.o
 .group         0x0000000000000000        0x8 ./debug.o
 .group         0x0000000000000000        0x8 ./debug.o
 .group         0x0000000000000000        0x8 ./debug.o
 .group         0x0000000000000000        0x8 ./debug.o
 .group         0x0000000000000000        0x8 ./debug.o
 .group         0x0000000000000000        0x8 ./debug.o
 .group         0x0000000000000000        0x8 ./debug.o
 .group         0x0000000000000000        0x8 ./debug.o
 .group         0x0000000000000000        0x8 ./debug.o
 .group         0x0000000000000000        0x8 ./debug.o
 .group         0x0000000000000000        0x8 ./debug.o
 .group         0x0000000000000000        0x8 ./debug.o
 .group         0x0000000000000000        0x8 ./debug.o
 .group         0x0000000000000000        0x8 ./debug.o
 .group         0x0000000000000000        0x8 ./debug.o
 .group         0x0000000000000000        0x8 ./debug.o
 .group         0x0000000000000000        0x8 ./debug.o
 .group         0x0000000000000000        0x8 ./debug.o
 .debug_macro   0x0000000000000000      0x4f6 ./debug.o
 .debug_macro   0x0000000000000000      0x196 ./debug.o
 .debug_macro   0x0000000000000000       0x46 ./debug.o
 .debug_macro   0x0000000000000000       0x16 ./debug.o
 .debug_macro   0x0000000000000000       0x2e ./debug.o
 .debug_macro   0x0000000000000000       0xa2 ./debug.o
 .group         0x0000000000000000        0x8 ./main.o
 .group         0x0000000000000000        0x8 ./main.o
 .group         0x0000000000000000        0x8 ./main.o
 .group         0x0000000000000000        0x8 ./main.o
 .group         0x0000000000000000        0x8 ./main.o
 .group         0x0000000000000000        0x8 ./main.o
 .group         0x0000000000000000        0x8 ./main.o
 .group         0x0000000000000000        0x8 ./main.o
 .group         0x0000000000000000        0x8 ./main.o
 .group         0x0000000000000000        0x8 ./main.o
 .group         0x0000000000000000        0x8 ./main.o
 .group         0x0000000000000000        0x8 ./main.o
 .group         0x0000000000000000        0x8 ./main.o
 .debug_macro   0x0000000000000000      0x4f6 ./main.o
 .debug_macro   0x0000000000000000       0x46 ./main.o
 .debug_macro   0x0000000000000000       0x16 ./main.o
 .debug_macro   0x0000000000000000       0x2e ./main.o
 .debug_macro   0x0000000000000000       0xa2 ./main.o
 .debug_macro   0x0000000000000000      0x20e ./main.o
 .debug_macro   0x0000000000000000      0x196 ./main.o
 .debug_macro   0x0000000000000000       0x16 ./main.o
 .debug_macro   0x0000000000000000       0x34 ./main.o
 .debug_macro   0x0000000000000000       0x22 ./main.o
 .group         0x0000000000000000        0x8 ./spi.o
 .group         0x0000000000000000        0x8 ./spi.o
 .group         0x0000000000000000        0x8 ./spi.o
 .group         0x0000000000000000        0x8 ./spi.o
 .group         0x0000000000000000        0x8 ./spi.o
 .group         0x0000000000000000        0x8 ./spi.o
 .group         0x0000000000000000        0x8 ./spi.o
 .group         0x0000000000000000        0x8 ./spi.o
 .group         0x0000000000000000        0x8 ./spi.o
 .group         0x0000000000000000        0x8 ./spi.o
 .group         0x0000000000000000        0x8 ./spi.o
 .group         0x0000000000000000        0x8 ./spi.o
 .group         0x0000000000000000        0x8 ./spi.o
 .group         0x0000000000000000        0x8 ./spi.o
 .group         0x0000000000000000        0x8 ./spi.o
 .group         0x0000000000000000        0x8 ./spi.o
 .group         0x0000000000000000        0x8 ./spi.o
 .group         0x0000000000000000        0x8 ./spi.o
 .group         0x0000000000000000        0x8 ./spi.o
 .group         0x0000000000000000        0x8 ./spi.o
 .group         0x0000000000000000        0x8 ./spi.o
 .group         0x0000000000000000        0x8 ./spi.o
 .group         0x0000000000000000        0x8 ./spi.o
 .group         0x0000000000000000        0x8 ./spi.o
 .group         0x0000000000000000        0x8 ./spi.o
 .debug_macro   0x0000000000000000      0x4f6 ./spi.o
 .debug_macro   0x0000000000000000      0x196 ./spi.o
 .debug_macro   0x0000000000000000       0x46 ./spi.o
 .debug_macro   0x0000000000000000       0x16 ./spi.o
 .debug_macro   0x0000000000000000       0x2e ./spi.o
 .debug_macro   0x0000000000000000       0xa2 ./spi.o
 .debug_macro   0x0000000000000000      0x20e ./spi.o
 .debug_macro   0x0000000000000000       0x16 ./spi.o
 .debug_macro   0x0000000000000000       0x97 ./spi.o
 .debug_macro   0x0000000000000000       0x10 ./spi.o
 .debug_macro   0x0000000000000000       0x3a ./spi.o
 .debug_macro   0x0000000000000000       0x52 ./spi.o
 .debug_macro   0x0000000000000000       0x16 ./spi.o
 .debug_macro   0x0000000000000000       0x19 ./spi.o
 .debug_macro   0x0000000000000000      0x180 ./spi.o
 .debug_macro   0x0000000000000000       0x10 ./spi.o
 .debug_macro   0x0000000000000000       0xef ./spi.o
 .debug_macro   0x0000000000000000       0x22 ./spi.o
 .debug_macro   0x0000000000000000       0xbd ./spi.o
 .debug_macro   0x0000000000000000       0x16 ./spi.o
 .debug_macro   0x0000000000000000      0x16c ./spi.o
 .debug_macro   0x0000000000000000       0x46 ./spi.o
 .debug_macro   0x0000000000000000       0x46 ./spi.o
 .debug_macro   0x0000000000000000       0x1c ./spi.o
 .group         0x0000000000000000        0x8 ./timer.o
 .group         0x0000000000000000        0x8 ./timer.o
 .group         0x0000000000000000        0x8 ./timer.o
 .group         0x0000000000000000        0x8 ./timer.o
 .group         0x0000000000000000        0x8 ./timer.o
 .group         0x0000000000000000        0x8 ./timer.o
 .group         0x0000000000000000        0x8 ./timer.o
 .group         0x0000000000000000        0x8 ./timer.o
 .group         0x0000000000000000        0x8 ./timer.o
 .group         0x0000000000000000        0x8 ./timer.o
 .group         0x0000000000000000        0x8 ./timer.o
 .group         0x0000000000000000        0x8 ./timer.o
 .group         0x0000000000000000        0x8 ./timer.o
 .group         0x0000000000000000        0x8 ./timer.o
 .group         0x0000000000000000        0x8 ./timer.o
 .group         0x0000000000000000        0x8 ./timer.o
 .group         0x0000000000000000        0x8 ./timer.o
 .group         0x0000000000000000        0x8 ./timer.o
 .group         0x0000000000000000        0x8 ./timer.o
 .group         0x0000000000000000        0x8 ./timer.o
 .group         0x0000000000000000        0x8 ./timer.o
 .group         0x0000000000000000        0x8 ./timer.o
 .group         0x0000000000000000        0x8 ./timer.o
 .group         0x0000000000000000        0x8 ./timer.o
 .group         0x0000000000000000        0x8 ./timer.o
 .group         0x0000000000000000        0x8 ./timer.o
 .debug_macro   0x0000000000000000      0x4f6 ./timer.o
 .debug_macro   0x0000000000000000      0x196 ./timer.o
 .debug_macro   0x0000000000000000       0x46 ./timer.o
 .debug_macro   0x0000000000000000       0x46 ./timer.o
 .debug_macro   0x0000000000000000       0x16 ./timer.o
 .debug_macro   0x0000000000000000       0x2e ./timer.o
 .debug_macro   0x0000000000000000       0xa2 ./timer.o
 .debug_macro   0x0000000000000000       0x1c ./timer.o
 .debug_macro   0x0000000000000000       0x16 ./timer.o
 .debug_macro   0x0000000000000000       0x16 ./timer.o
 .debug_macro   0x0000000000000000       0x97 ./timer.o
 .debug_macro   0x0000000000000000       0x10 ./timer.o
 .debug_macro   0x0000000000000000       0x3a ./timer.o
 .debug_macro   0x0000000000000000       0x52 ./timer.o
 .debug_macro   0x0000000000000000       0x16 ./timer.o
 .debug_macro   0x0000000000000000       0x19 ./timer.o
 .debug_macro   0x0000000000000000      0x180 ./timer.o
 .debug_macro   0x0000000000000000       0x10 ./timer.o
 .debug_macro   0x0000000000000000       0xef ./timer.o
 .debug_macro   0x0000000000000000       0x22 ./timer.o
 .debug_macro   0x0000000000000000       0xbd ./timer.o
 .debug_macro   0x0000000000000000       0x16 ./timer.o
 .debug_macro   0x0000000000000000      0x16c ./timer.o
 .debug_macro   0x0000000000000000       0x46 ./timer.o

↵
Speichereinrichtung
↵

Name             Ursprung           Länge             Eigenschaften
FLASH            0x0000000000000000 0x0000000000080000 xw
DDR              0x0000000000080000 0x0000000007f80000 xw
*default*        0x0000000000000000 0xffffffffffffffff

Linker script and memory map

LOAD /opt/or1k-toolchain/lib/gcc/or1k-elf/4.9.1/../../../../or1k-elf/lib/crt0.o
LOAD /opt/or1k-toolchain/lib/gcc/or1k-elf/4.9.1/crti.o
LOAD /opt/or1k-toolchain/lib/gcc/or1k-elf/4.9.1/crtbegin.o
                0x0000000000000000                PROVIDE (__executable_start, 0x0)
                0x0000000000000000                . = 0x0

.vectors        0x0000000000000000     0x2000
 *(.vectors)
 .vectors       0x0000000000000000     0x2000 /opt/or1k-toolchain/lib/gcc/or1k-elf/4.9.1/../../../../or1k-elf/lib/crt0.o

.note.gnu.build-id
 *(.note.gnu.build-id)

.hash
 *(.hash)

.gnu.hash
 *(.gnu.hash)

.dynsym
 *(.dynsym)

.dynstr
 *(.dynstr)

.gnu.version
 *(.gnu.version)

.gnu.version_d
 *(.gnu.version_d)

.gnu.version_r
 *(.gnu.version_r)

.rela.dyn       0x0000000000002000        0x0
 *(.rela.init)
 *(.rela.text .rela.text.* .rela.gnu.linkonce.t.*)
 .rela.text     0x0000000000000000        0x0 /opt/or1k-toolchain/lib/gcc/or1k-elf/4.9.1/../../../../or1k-elf/lib/crt0.o
 *(.rela.fini)
 *(.rela.rodata .rela.rodata.* .rela.gnu.linkonce.r.*)
 *(.rela.data .rela.data.* .rela.gnu.linkonce.d.*)
 .rela.data     0x0000000000000000        0x0 /opt/or1k-toolchain/lib/gcc/or1k-elf/4.9.1/../../../../or1k-elf/lib/crt0.o
 *(.rela.tdata .rela.tdata.* .rela.gnu.linkonce.td.*)
 *(.rela.tbss .rela.tbss.* .rela.gnu.linkonce.tb.*)
 *(.rela.ctors)
 *(.rela.dtors)
 *(.rela.got)
 *(.rela.sdata .rela.sdata.* .rela.gnu.linkonce.s.*)
 *(.rela.sbss .rela.sbss.* .rela.gnu.linkonce.sb.*)
 *(.rela.sdata2 .rela.sdata2.* .rela.gnu.linkonce.s2.*)
 *(.rela.sbss2 .rela.sbss2.* .rela.gnu.linkonce.sb2.*)
 *(.rela.bss .rela.bss.* .rela.gnu.linkonce.b.*)
                0x0000000000002000                PROVIDE (__rel_iplt_start, .)
                0x0000000000002000                PROVIDE (__rel_iplt_end, .)
                0x0000000000002000                PROVIDE (__rela_iplt_start, .)
 *(.rela.iplt)
                0x0000000000002000                PROVIDE (__rela_iplt_end, .)
 .rela.vectors  0x0000000000000000        0x0 /opt/or1k-toolchain/lib/gcc/or1k-elf/4.9.1/../../../../or1k-elf/lib/crt0.o

.rela.plt
 *(.rela.plt)

.config
 *(.config)

.init           0x0000000000002000       0x28
 *(SORT(.init))
 .init          0x0000000000002000        0xc /opt/or1k-toolchain/lib/gcc/or1k-elf/4.9.1/crti.o
                0x0000000000002004                _init
 .init          0x000000000000200c        0x8 /opt/or1k-toolchain/lib/gcc/or1k-elf/4.9.1/crtbegin.o
 .init          0x0000000000002014        0x8 /opt/or1k-toolchain/lib/gcc/or1k-elf/4.9.1/crtend.o
 .init          0x000000000000201c        0xc /opt/or1k-toolchain/lib/gcc/or1k-elf/4.9.1/crtn.o

.plt
 *(.plt)

.iplt
 *(.iplt)

.text           0x0000000000002028     0x7fc0
 *(.text.unlikely .text.*_unlikely .text.unlikely.*)
 *(.text.exit .text.exit.*)
 *(.text.startup .text.startup.*)
 *(.text.hot .text.hot.*)
 *(.text .stub .text.* .gnu.linkonce.t.*)
 .text          0x0000000000002028      0x120 /opt/or1k-toolchain/lib/gcc/or1k-elf/4.9.1/../../../../or1k-elf/lib/crt0.o
                0x0000000000002028                _board_init_early
                0x0000000000002030                _board_init_data
                0x0000000000002038                _start
 .text          0x0000000000002148        0x0 /opt/or1k-toolchain/lib/gcc/or1k-elf/4.9.1/crti.o
 .text          0x0000000000002148      0x258 /opt/or1k-toolchain/lib/gcc/or1k-elf/4.9.1/crtbegin.o
 .text          0x00000000000023a0      0x14c ./adc.o
                0x0000000000002480                ADC_SetFormat
 .text          0x00000000000024ec        0x0 ./atlys.o
 .text          0x00000000000024ec      0x3f8 ./clk.o
                0x0000000000002724                CLK_ReadRegister
                0x00000000000027b8                CLK_WriteConfig
 .text          0x00000000000028e4      0x228 ./debug.o
                0x00000000000028e4                DEBUG_LEDCallback
                0x0000000000002984                DEBUG_TriggerLED
                0x00000000000029e4                __uart_init
                0x0000000000002a38                __uart_putc
                0x0000000000002abc                __uart_getc
 .text          0x0000000000002b0c       0xec ./main.o
                0x0000000000002b0c                blink
                0x0000000000002ba4                main
 .text          0x0000000000002bf8      0x780 ./spi.o
                0x0000000000002bf8                SPI_Init
                0x0000000000002c7c                SPI_ChipSelect
                0x0000000000002e1c                SPI_Write
                0x0000000000002e9c                SPI_WaitBusy
                0x0000000000002ed4                SPI_Read
                0x0000000000002fa8                SPI_SetInterruptCount
                0x0000000000003098                SPI_SetMode
                0x0000000000003158                SPI_Busy
                0x00000000000031a0                SPI_DefaultCallback
                0x0000000000003224                SPI_GetMutex
                0x00000000000032a8                SPI_ReleaseMutex
                0x0000000000003314                SPI_Interrupt
 .text          0x0000000000003378      0x8e8 ./timer.o
                0x0000000000003378                TIMER_Init
                0x00000000000033f0                ISR_Timer
                0x0000000000003610                TIMER_AddHandler
                0x00000000000038b8                TIMER_RemoveHandler
                0x0000000000003958                TIMER_Stop
                0x0000000000003a20                TIMER_Start
                0x0000000000003b58                TIMER_SetReload
                0x0000000000003c28                TIMER_GetDelta
 .text          0x0000000000003c60       0x30 /opt/or1k-toolchain/lib/gcc/or1k-elf/4.9.1/../../../../or1k-elf/lib/libc.a(lib_a-atexit.o)
                0x0000000000003c60                atexit
 .text          0x0000000000003c90      0x140 /opt/or1k-toolchain/lib/gcc/or1k-elf/4.9.1/../../../../or1k-elf/lib/libc.a(lib_a-__atexit.o)
                0x0000000000003c90                __register_exitproc
 .text          0x0000000000003dd0       0x48 /opt/or1k-toolchain/lib/gcc/or1k-elf/4.9.1/../../../../or1k-elf/lib/libc.a(lib_a-exit.o)
                0x0000000000003dd0                exit
 .text          0x0000000000003e18        0x0 /opt/or1k-toolchain/lib/gcc/or1k-elf/4.9.1/../../../../or1k-elf/lib/libc.a(lib_a-impure.o)
 .text          0x0000000000003e18       0x6c /opt/or1k-toolchain/lib/gcc/or1k-elf/4.9.1/../../../../or1k-elf/lib/libc.a(lib_a-iprintf.o)
                0x0000000000003e18                iprintf
                0x0000000000003e58                _iprintf_r
 .text          0x0000000000003e84      0x184 /opt/or1k-toolchain/lib/gcc/or1k-elf/4.9.1/../../../../or1k-elf/lib/libc.a(lib_a-or1k-impure.o)
                0x0000000000003e84                __impure_init
                0x0000000000003fe8                __getreent
 .text          0x0000000000004008      0x4a8 /opt/or1k-toolchain/lib/gcc/or1k-elf/4.9.1/../../../../or1k-elf/lib/libc.a(lib_a-or1k-support-asm.o)
                0x0000000000004008                or1k_dmmu_enable
                0x000000000000401c                or1k_dmmu_disable
                0x0000000000004038                or1k_immu_enable
                0x000000000000404c                or1k_immu_disable
                0x0000000000004068                or1k_cache_init
                0x0000000000004170                or1k_icache_enable
                0x0000000000004198                or1k_icache_disable
                0x00000000000041b4                or1k_icache_flush
                0x00000000000041bc                or1k_dcache_enable
                0x00000000000041e4                or1k_dcache_disable
                0x0000000000004200                or1k_dcache_flush
                0x0000000000004208                or1k_interrupt_handler
                0x0000000000004294                or1k_interrupt_handler_add
                0x00000000000042cc                or1k_interrupt_enable
                0x00000000000042f4                or1k_interrupt_disable
                0x0000000000004320                or1k_exception_handler
                0x0000000000004484                or1k_exception_handler_add
 .text          0x00000000000044b0      0x458 /opt/or1k-toolchain/lib/gcc/or1k-elf/4.9.1/../../../../or1k-elf/lib/libc.a(lib_a-or1k-support.o)
                0x00000000000044b0                or1k_timer_interrupt_handler
                0x0000000000004500                or1k_interrupts_enable
                0x0000000000004524                or1k_interrupts_disable
                0x0000000000004558                or1k_interrupts_restore
                0x0000000000004580                or1k_report
                0x000000000000459c                or1k_mtspr
                0x00000000000045b4                or1k_mfspr
                0x00000000000045cc                or1k_rand
                0x0000000000004628                or1k_timer_init
                0x00000000000046e0                or1k_timer_set_period
                0x000000000000474c                or1k_timer_set_handler
                0x0000000000004774                or1k_timer_set_mode
                0x000000000000479c                or1k_timer_enable
                0x00000000000047ec                or1k_timer_disable
                0x0000000000004820                or1k_timer_restore
                0x0000000000004848                or1k_timer_pause
                0x000000000000487c                or1k_timer_reset
                0x00000000000048bc                or1k_timer_get_ticks
                0x00000000000048dc                or1k_timer_reset_ticks
 .text          0x0000000000004908     0x1434 /opt/or1k-toolchain/lib/gcc/or1k-elf/4.9.1/../../../../or1k-elf/lib/libc.a(lib_a-vfiprintf.o)
                0x0000000000004a24                __sprint_r
                0x0000000000004a68                _vfiprintf_r
                0x0000000000005c00                vfiprintf
 .text          0x0000000000005d3c      0x1b8 /opt/or1k-toolchain/lib/gcc/or1k-elf/4.9.1/../../../../or1k-elf/lib/libc.a(lib_a-wsetup.o)
                0x0000000000005d3c                __swsetup_r
 .text          0x0000000000005ef4      0x1e8 /opt/or1k-toolchain/lib/gcc/or1k-elf/4.9.1/../../../../or1k-elf/lib/libc.a(lib_a-__call_atexit.o)
                0x0000000000005ef4                __call_exitprocs
 .text          0x00000000000060dc      0x404 /opt/or1k-toolchain/lib/gcc/or1k-elf/4.9.1/../../../../or1k-elf/lib/libc.a(lib_a-fflush.o)
                0x00000000000060dc                __sflush_r
                0x00000000000063f8                _fflush_r
                0x0000000000006470                fflush
 .text          0x00000000000064e0      0x4d4 /opt/or1k-toolchain/lib/gcc/or1k-elf/4.9.1/../../../../or1k-elf/lib/libc.a(lib_a-findfp.o)
                0x0000000000006510                _cleanup_r
                0x00000000000066e0                __sfmoreglue
                0x0000000000006758                __sfp
                0x00000000000068a0                _cleanup
                0x00000000000068d4                __sinit
                0x0000000000006904                __sfp_lock_acquire
                0x0000000000006918                __sfp_lock_release
                0x000000000000692c                __sinit_lock_acquire
                0x0000000000006940                __sinit_lock_release
                0x0000000000006954                __fp_lock_all
                0x0000000000006984                __fp_unlock_all
 .text          0x00000000000069b4      0x22c /opt/or1k-toolchain/lib/gcc/or1k-elf/4.9.1/../../../../or1k-elf/lib/libc.a(lib_a-fputwc.o)
                0x00000000000069b4                _fputwc_r
                0x0000000000006b6c                fputwc
 .text          0x0000000000006be0      0x48c /opt/or1k-toolchain/lib/gcc/or1k-elf/4.9.1/../../../../or1k-elf/lib/libc.a(lib_a-freer.o)
                0x0000000000006be0                _malloc_trim_r
                0x0000000000006d2c                _free_r
 .text          0x000000000000706c      0x59c /opt/or1k-toolchain/lib/gcc/or1k-elf/4.9.1/../../../../or1k-elf/lib/libc.a(lib_a-fvwrite.o)
                0x000000000000706c                __sfvwrite_r
 .text          0x0000000000007608      0x1ac /opt/or1k-toolchain/lib/gcc/or1k-elf/4.9.1/../../../../or1k-elf/lib/libc.a(lib_a-fwalk.o)
                0x0000000000007608                _fwalk
                0x00000000000076e0                _fwalk_reent
 .text          0x00000000000077b4      0x18c /opt/or1k-toolchain/lib/gcc/or1k-elf/4.9.1/../../../../or1k-elf/lib/libc.a(lib_a-locale.o)
                0x00000000000077b4                _setlocale_r
                0x0000000000007844                __locale_charset
                0x0000000000007860                __locale_mb_cur_max
                0x0000000000007880                __locale_msgcharset
                0x000000000000789c                __locale_cjk_lang
                0x00000000000078b4                _localeconv_r
                0x00000000000078d0                setlocale
                0x0000000000007918                localeconv
 .text          0x0000000000007940      0x1dc /opt/or1k-toolchain/lib/gcc/or1k-elf/4.9.1/../../../../or1k-elf/lib/libc.a(lib_a-makebuf.o)
                0x0000000000007940                __smakebuf_r
 .text          0x0000000000007b1c      0x988 /opt/or1k-toolchain/lib/gcc/or1k-elf/4.9.1/../../../../or1k-elf/lib/libc.a(lib_a-mallocr.o)
                0x0000000000007b1c                _malloc_r
 .text          0x00000000000084a4      0x154 /opt/or1k-toolchain/lib/gcc/or1k-elf/4.9.1/../../../../or1k-elf/lib/libc.a(lib_a-memchr.o)
                0x00000000000084a4                memchr
 .text          0x00000000000085f8      0x15c /opt/or1k-toolchain/lib/gcc/or1k-elf/4.9.1/../../../../or1k-elf/lib/libc.a(lib_a-memcpy.o)
                0x00000000000085f8                memcpy
 .text          0x0000000000008754      0x1a4 /opt/or1k-toolchain/lib/gcc/or1k-elf/4.9.1/../../../../or1k-elf/lib/libc.a(lib_a-memmove.o)
                0x0000000000008754                memmove
 .text          0x00000000000088f8      0x168 /opt/or1k-toolchain/lib/gcc/or1k-elf/4.9.1/../../../../or1k-elf/lib/libc.a(lib_a-memset.o)
                0x00000000000088f8                memset
 .text          0x0000000000008a60      0x110 /opt/or1k-toolchain/lib/gcc/or1k-elf/4.9.1/../../../../or1k-elf/lib/libc.a(lib_a-mlock.o)
                0x0000000000008a60                __malloc_lock
                0x0000000000008b00                __malloc_unlock
 .text          0x0000000000008b70      0x5b8 /opt/or1k-toolchain/lib/gcc/or1k-elf/4.9.1/../../../../or1k-elf/lib/libc.a(lib_a-reallocr.o)
                0x0000000000008b70                _realloc_r
 .text          0x0000000000009128      0x19c /opt/or1k-toolchain/lib/gcc/or1k-elf/4.9.1/../../../../or1k-elf/lib/libc.a(lib_a-stdio.o)
                0x0000000000009128                __sread
                0x0000000000009190                __seofread
                0x00000000000091a8                __swrite
                0x0000000000009238                __sseek
                0x00000000000092a0                __sclose
 .text          0x00000000000092c4      0x124 /opt/or1k-toolchain/lib/gcc/or1k-elf/4.9.1/../../../../or1k-elf/lib/libc.a(lib_a-strcmp.o)
                0x00000000000092c4                strcmp
 .text          0x00000000000093e8      0x108 /opt/or1k-toolchain/lib/gcc/or1k-elf/4.9.1/../../../../or1k-elf/lib/libc.a(lib_a-strlen.o)
                0x00000000000093e8                strlen
 .text          0x00000000000094f0      0x1e4 /opt/or1k-toolchain/lib/gcc/or1k-elf/4.9.1/../../../../or1k-elf/lib/libc.a(lib_a-wbuf.o)
                0x00000000000094f0                __swbuf_r
                0x000000000000968c                __swbuf
 .text          0x00000000000096d4      0x18c /opt/or1k-toolchain/lib/gcc/or1k-elf/4.9.1/../../../../or1k-elf/lib/libc.a(lib_a-wcrtomb.o)
                0x00000000000096d4                _wcrtomb_r
                0x0000000000009798                wcrtomb
 .text          0x0000000000009860       0xc8 /opt/or1k-toolchain/lib/gcc/or1k-elf/4.9.1/../../../../or1k-elf/lib/libc.a(lib_a-wctomb_r.o)
                0x0000000000009860                __ascii_wctomb
                0x00000000000098ac                _wctomb_r
 .text          0x0000000000009928      0x194 /opt/or1k-toolchain/lib/gcc/or1k-elf/4.9.1/../../../../or1k-elf/lib/libc.a(lib_a-fclose.o)
                0x0000000000009928                _fclose_r
                0x0000000000009a84                fclose
 .text          0x0000000000009abc       0x10 /opt/or1k-toolchain/lib/gcc/or1k-elf/4.9.1/../../../../or1k-elf/lib/libor1k.a(_exit.o)
                0x0000000000009abc                _exit
 .text          0x0000000000009acc       0x20 /opt/or1k-toolchain/lib/gcc/or1k-elf/4.9.1/../../../../or1k-elf/lib/libor1k.a(close.o)
                0x0000000000009acc                _close_r
 .text          0x0000000000009aec       0x6c /opt/or1k-toolchain/lib/gcc/or1k-elf/4.9.1/../../../../or1k-elf/lib/libor1k.a(fstat.o)
                0x0000000000009aec                _fstat_r
 .text          0x0000000000009b58       0x68 /opt/or1k-toolchain/lib/gcc/or1k-elf/4.9.1/../../../../or1k-elf/lib/libor1k.a(isatty.o)
                0x0000000000009b58                _isatty_r
 .text          0x0000000000009bc0       0x68 /opt/or1k-toolchain/lib/gcc/or1k-elf/4.9.1/../../../../or1k-elf/lib/libor1k.a(lseek.o)
                0x0000000000009bc0                _lseek_r
 .text          0x0000000000009c28       0xd0 /opt/or1k-toolchain/lib/gcc/or1k-elf/4.9.1/../../../../or1k-elf/lib/libor1k.a(read.o)
                0x0000000000009c28                _read_r
 .text          0x0000000000009cf8       0x58 /opt/or1k-toolchain/lib/gcc/or1k-elf/4.9.1/../../../../or1k-elf/lib/libor1k.a(sbrk.o)
                0x0000000000009cf8                _sbrk_r
 .text          0x0000000000009d50       0xd8 /opt/or1k-toolchain/lib/gcc/or1k-elf/4.9.1/../../../../or1k-elf/lib/libor1k.a(write.o)
                0x0000000000009d50                _write_r
 .text          0x0000000000009e28       0x34 /opt/or1k-toolchain/lib/gcc/or1k-elf/4.9.1/../../../../or1k-elf/lib/libboard-or1ksim.a(or1ksim.o)
                0x0000000000009e40                _board_exit
                0x0000000000009e54                _board_init
 .text          0x0000000000009e5c       0xfc /opt/or1k-toolchain/lib/gcc/or1k-elf/4.9.1/libgcc.a(__udivsi3.o)
                0x0000000000009e5c                __udivsi3_internal
                0x0000000000009e5c                __udivsi3
 .text          0x0000000000009f58       0x20 /opt/or1k-toolchain/lib/gcc/or1k-elf/4.9.1/libgcc.a(__umodsi3.o)
                0x0000000000009f58                __umodsi3
 .text          0x0000000000009f78       0x70 /opt/or1k-toolchain/lib/gcc/or1k-elf/4.9.1/crtend.o
 .text          0x0000000000009fe8        0x0 /opt/or1k-toolchain/lib/gcc/or1k-elf/4.9.1/crtn.o
 *(.gnu.warning)

.fini           0x0000000000009fe8       0x1c
 *(SORT(.fini))
 .fini          0x0000000000009fe8        0x8 /opt/or1k-toolchain/lib/gcc/or1k-elf/4.9.1/crti.o
                0x0000000000009fe8                _fini
 .fini          0x0000000000009ff0        0x8 /opt/or1k-toolchain/lib/gcc/or1k-elf/4.9.1/crtbegin.o
 .fini          0x0000000000009ff8        0xc /opt/or1k-toolchain/lib/gcc/or1k-elf/4.9.1/crtn.o
                0x000000000000a004                PROVIDE (__etext, .)
                0x000000000000a004                PROVIDE (_etext, .)
                0x000000000000a004                PROVIDE (etext, .)

.rodata         0x000000000000a004      0x5c8
 *(.rodata .rodata.* .gnu.linkonce.r.*)
 .rodata        0x000000000000a004       0x18 ./atlys.o
                0x000000000000a004                _board_mem_base
                0x000000000000a008                _board_mem_size
                0x000000000000a00c                _board_clk_freq
                0x000000000000a010                _board_uart_base
                0x000000000000a014                _board_uart_baud
                0x000000000000a018                _board_uart_IRQ
 .rodata        0x000000000000a01c      0x124 ./clk.o
 .rodata        0x000000000000a140      0x144 ./spi.o
 .rodata        0x000000000000a284      0x18b ./timer.o
 *fill*         0x000000000000a40f        0x1 
 .rodata        0x000000000000a410        0x4 /opt/or1k-toolchain/lib/gcc/or1k-elf/4.9.1/../../../../or1k-elf/lib/libc.a(lib_a-impure.o)
                0x000000000000a410                _global_impure_ptr
 .rodata.str1.1
                0x000000000000a414        0x2 /opt/or1k-toolchain/lib/gcc/or1k-elf/4.9.1/../../../../or1k-elf/lib/libc.a(lib_a-impure.o)
 .rodata.str1.1
                0x0000000000000000        0x2 /opt/or1k-toolchain/lib/gcc/or1k-elf/4.9.1/../../../../or1k-elf/lib/libc.a(lib_a-or1k-impure.o)
 .rodata.str1.1
                0x000000000000a416       0x29 /opt/or1k-toolchain/lib/gcc/or1k-elf/4.9.1/../../../../or1k-elf/lib/libc.a(lib_a-vfiprintf.o)
 *fill*         0x000000000000a43f        0x1 
 .rodata        0x000000000000a440      0x184 /opt/or1k-toolchain/lib/gcc/or1k-elf/4.9.1/../../../../or1k-elf/lib/libc.a(lib_a-vfiprintf.o)
 .rodata.str1.1
                0x000000000000a5c4        0x8 /opt/or1k-toolchain/lib/gcc/or1k-elf/4.9.1/../../../../or1k-elf/lib/libc.a(lib_a-locale.o)
                                          0xb (size before relaxing)
                0x000000000000a5cc                . = ALIGN (0x4)

.rodata1
 *(.rodata1)

.sdata2
 *(.sdata2 .sdata2.* .gnu.linkonce.s2.*)

.sbss2
 *(.sbss2 .sbss2.* .gnu.linkonce.sb2.*)

.eh_frame_hdr
 *(.eh_frame_hdr)

.eh_frame
 *(.eh_frame)

.gcc_except_table
 *(.gcc_except_table .gcc_except_table.*)

.exception_ranges
 *(.exception_ranges .exception_ranges*)
                0x000000000000a5cc                . = ALIGN (0x4)
                0x000000000000a5cc                __data_load = .

.eh_frame       0x000000000000a5cc        0x4
                0x000000000000a5cc                __data_start = DEFINED (__data_start)?__data_start:.
 *(.eh_frame)
 .eh_frame      0x000000000000a5cc        0x0 /opt/or1k-toolchain/lib/gcc/or1k-elf/4.9.1/crtbegin.o
 .eh_frame      0x000000000000a5cc        0x4 /opt/or1k-toolchain/lib/gcc/or1k-elf/4.9.1/crtend.o

.gcc_except_table
                0x000000000000a5d0                __data_start = DEFINED (__data_start)?__data_start:.
 *(.gcc_except_table .gcc_except_table.*)

.exception_ranges
                0x000000000000a5d0                __data_start = DEFINED (__data_start)?__data_start:.
 *(.exception_ranges .exception_ranges*)

.tdata          0x000000000000a5d0        0x0
                0x000000000000a5d0                __data_start = DEFINED (__data_start)?__data_start:.
 *(.tdata .tdata.* .gnu.linkonce.td.*)

.tbss
 *(.tbss .tbss.* .gnu.linkonce.tb.*)
 *(.tcommon)

.preinit_array  0x000000000000a5d0        0x0
                0x000000000000a5d0                PROVIDE (__preinit_array_start, .)
 *(.preinit_array)
                0x000000000000a5d0                PROVIDE (__preinit_array_end, .)

.init_array     0x000000000000a5d0        0x0
                0x000000000000a5d0                PROVIDE (__init_array_start, .)
 *(SORT(.init_array.*))
 *(.init_array)
                0x000000000000a5d0                PROVIDE (__init_array_end, .)

.fini_array     0x000000000000a5d0        0x0
                0x000000000000a5d0                PROVIDE (__fini_array_start, .)
 *(SORT(.fini_array.*))
 *(.fini_array)
                0x000000000000a5d0                PROVIDE (__fini_array_end, .)

.ctors          0x000000000000a5d0        0x8
 *crtbegin.o(.ctors)
 .ctors         0x000000000000a5d0        0x4 /opt/or1k-toolchain/lib/gcc/or1k-elf/4.9.1/crtbegin.o
 *crtbegin?.o(.ctors)
 *(EXCLUDE_FILE(*crtend?.o *crtend.o) .ctors)
 *(SORT(.ctors.*))
 *(.ctors)
 .ctors         0x000000000000a5d4        0x4 /opt/or1k-toolchain/lib/gcc/or1k-elf/4.9.1/crtend.o

.dtors          0x000000000000a5d8        0x8
 *crtbegin.o(.dtors)
 .dtors         0x000000000000a5d8        0x4 /opt/or1k-toolchain/lib/gcc/or1k-elf/4.9.1/crtbegin.o
 *crtbegin?.o(.dtors)
 *(EXCLUDE_FILE(*crtend?.o *crtend.o) .dtors)
 *(SORT(.dtors.*))
 *(.dtors)
 .dtors         0x000000000000a5dc        0x4 /opt/or1k-toolchain/lib/gcc/or1k-elf/4.9.1/crtend.o
                0x000000000000a5dc                __DTOR_END__

.jcr            0x000000000000a5e0        0x4
 *(.jcr)
 .jcr           0x000000000000a5e0        0x0 /opt/or1k-toolchain/lib/gcc/or1k-elf/4.9.1/crtbegin.o
 .jcr           0x000000000000a5e0        0x4 /opt/or1k-toolchain/lib/gcc/or1k-elf/4.9.1/crtend.o

.data.rel.ro
 *(.data.rel.ro.local* .gnu.linkonce.d.rel.ro.local.*)
 *(.data.rel.ro .data.rel.ro.* .gnu.linkonce.d.rel.ro.*)

.dynamic
 *(.dynamic)

.data           0x000000000000a5e4      0xe78
 *(.data .data.* .gnu.linkonce.d.*)
 .data          0x000000000000a5e4       0x18 /opt/or1k-toolchain/lib/gcc/or1k-elf/4.9.1/../../../../or1k-elf/lib/crt0.o
                0x000000000000a5e4                stack_top
                0x000000000000a5e8                stack_bottom
                0x000000000000a5ec                stack_size
                0x000000000000a5f0                exception_stack_top
                0x000000000000a5f4                exception_stack_bottom
                0x000000000000a5f8                exception_stack_size
 .data          0x000000000000a5fc        0x0 /opt/or1k-toolchain/lib/gcc/or1k-elf/4.9.1/crti.o
 .data          0x000000000000a5fc        0x4 /opt/or1k-toolchain/lib/gcc/or1k-elf/4.9.1/crtbegin.o
                0x000000000000a5fc                __dso_handle
 .data          0x000000000000a600        0x0 ./adc.o
 .data          0x000000000000a600        0x0 ./atlys.o
 .data          0x000000000000a600        0x0 ./clk.o
 .data          0x000000000000a600        0x0 ./debug.o
 .data          0x000000000000a600        0x0 ./main.o
 .data          0x000000000000a600        0x0 ./spi.o
 .data          0x000000000000a600        0x0 ./timer.o
 .data          0x000000000000a600        0x0 /opt/or1k-toolchain/lib/gcc/or1k-elf/4.9.1/../../../../or1k-elf/lib/libc.a(lib_a-atexit.o)
 .data          0x000000000000a600        0x0 /opt/or1k-toolchain/lib/gcc/or1k-elf/4.9.1/../../../../or1k-elf/lib/libc.a(lib_a-__atexit.o)
 .data          0x000000000000a600        0x0 /opt/or1k-toolchain/lib/gcc/or1k-elf/4.9.1/../../../../or1k-elf/lib/libc.a(lib_a-exit.o)
 .data          0x000000000000a600      0x428 /opt/or1k-toolchain/lib/gcc/or1k-elf/4.9.1/../../../../or1k-elf/lib/libc.a(lib_a-impure.o)
                0x000000000000a600                _impure_ptr
 .data          0x000000000000aa28        0x0 /opt/or1k-toolchain/lib/gcc/or1k-elf/4.9.1/../../../../or1k-elf/lib/libc.a(lib_a-iprintf.o)
 .data          0x000000000000aa28      0x428 /opt/or1k-toolchain/lib/gcc/or1k-elf/4.9.1/../../../../or1k-elf/lib/libc.a(lib_a-or1k-impure.o)
                0x000000000000aa28                _exception_impure_ptr
 .data          0x000000000000ae50      0x174 /opt/or1k-toolchain/lib/gcc/or1k-elf/4.9.1/../../../../or1k-elf/lib/libc.a(lib_a-or1k-support-asm.o)
                0x000000000000ae50                or1k_interrupt_handler_table
                0x000000000000aed0                or1k_interrupt_handler_data_ptr_table
                0x000000000000af50                or1k_exception_handler_table
 .data          0x000000000000afc4        0x4 /opt/or1k-toolchain/lib/gcc/or1k-elf/4.9.1/../../../../or1k-elf/lib/libc.a(lib_a-or1k-support.o)
 .data          0x000000000000afc8        0x0 /opt/or1k-toolchain/lib/gcc/or1k-elf/4.9.1/../../../../or1k-elf/lib/libc.a(lib_a-vfiprintf.o)
 .data          0x000000000000afc8        0x0 /opt/or1k-toolchain/lib/gcc/or1k-elf/4.9.1/../../../../or1k-elf/lib/libc.a(lib_a-wsetup.o)
 .data          0x000000000000afc8        0x0 /opt/or1k-toolchain/lib/gcc/or1k-elf/4.9.1/../../../../or1k-elf/lib/libc.a(lib_a-__call_atexit.o)
 .data          0x000000000000afc8        0x0 /opt/or1k-toolchain/lib/gcc/or1k-elf/4.9.1/../../../../or1k-elf/lib/libc.a(lib_a-fflush.o)
 .data          0x000000000000afc8        0x0 /opt/or1k-toolchain/lib/gcc/or1k-elf/4.9.1/../../../../or1k-elf/lib/libc.a(lib_a-findfp.o)
 .data          0x000000000000afc8        0x0 /opt/or1k-toolchain/lib/gcc/or1k-elf/4.9.1/../../../../or1k-elf/lib/libc.a(lib_a-fputwc.o)
 .data          0x000000000000afc8        0x0 /opt/or1k-toolchain/lib/gcc/or1k-elf/4.9.1/../../../../or1k-elf/lib/libc.a(lib_a-freer.o)
 .data          0x000000000000afc8        0x0 /opt/or1k-toolchain/lib/gcc/or1k-elf/4.9.1/../../../../or1k-elf/lib/libc.a(lib_a-fvwrite.o)
 .data          0x000000000000afc8        0x0 /opt/or1k-toolchain/lib/gcc/or1k-elf/4.9.1/../../../../or1k-elf/lib/libc.a(lib_a-fwalk.o)
 .data          0x000000000000afc8       0x7c /opt/or1k-toolchain/lib/gcc/or1k-elf/4.9.1/../../../../or1k-elf/lib/libc.a(lib_a-locale.o)
                0x000000000000b040                __mb_cur_max
 .data          0x000000000000b044        0x0 /opt/or1k-toolchain/lib/gcc/or1k-elf/4.9.1/../../../../or1k-elf/lib/libc.a(lib_a-makebuf.o)
 .data          0x000000000000b044      0x410 /opt/or1k-toolchain/lib/gcc/or1k-elf/4.9.1/../../../../or1k-elf/lib/libc.a(lib_a-mallocr.o)
                0x000000000000b044                __malloc_sbrk_base
                0x000000000000b048                __malloc_trim_threshold
                0x000000000000b04c                __malloc_av_
 .data          0x000000000000b454        0x0 /opt/or1k-toolchain/lib/gcc/or1k-elf/4.9.1/../../../../or1k-elf/lib/libc.a(lib_a-memchr.o)
 .data          0x000000000000b454        0x0 /opt/or1k-toolchain/lib/gcc/or1k-elf/4.9.1/../../../../or1k-elf/lib/libc.a(lib_a-memcpy.o)
 .data          0x000000000000b454        0x0 /opt/or1k-toolchain/lib/gcc/or1k-elf/4.9.1/../../../../or1k-elf/lib/libc.a(lib_a-memmove.o)
 .data          0x000000000000b454        0x0 /opt/or1k-toolchain/lib/gcc/or1k-elf/4.9.1/../../../../or1k-elf/lib/libc.a(lib_a-memset.o)
 .data          0x000000000000b454        0x0 /opt/or1k-toolchain/lib/gcc/or1k-elf/4.9.1/../../../../or1k-elf/lib/libc.a(lib_a-mlock.o)
 .data          0x000000000000b454        0x0 /opt/or1k-toolchain/lib/gcc/or1k-elf/4.9.1/../../../../or1k-elf/lib/libc.a(lib_a-reallocr.o)
 .data          0x000000000000b454        0x0 /opt/or1k-toolchain/lib/gcc/or1k-elf/4.9.1/../../../../or1k-elf/lib/libc.a(lib_a-stdio.o)
 .data          0x000000000000b454        0x0 /opt/or1k-toolchain/lib/gcc/or1k-elf/4.9.1/../../../../or1k-elf/lib/libc.a(lib_a-strcmp.o)
 .data          0x000000000000b454        0x0 /opt/or1k-toolchain/lib/gcc/or1k-elf/4.9.1/../../../../or1k-elf/lib/libc.a(lib_a-strlen.o)
 .data          0x000000000000b454        0x0 /opt/or1k-toolchain/lib/gcc/or1k-elf/4.9.1/../../../../or1k-elf/lib/libc.a(lib_a-wbuf.o)
 .data          0x000000000000b454        0x0 /opt/or1k-toolchain/lib/gcc/or1k-elf/4.9.1/../../../../or1k-elf/lib/libc.a(lib_a-wcrtomb.o)
 .data          0x000000000000b454        0x4 /opt/or1k-toolchain/lib/gcc/or1k-elf/4.9.1/../../../../or1k-elf/lib/libc.a(lib_a-wctomb_r.o)
                0x000000000000b454                __wctomb
 .data          0x000000000000b458        0x0 /opt/or1k-toolchain/lib/gcc/or1k-elf/4.9.1/../../../../or1k-elf/lib/libc.a(lib_a-fclose.o)
 .data          0x000000000000b458        0x0 /opt/or1k-toolchain/lib/gcc/or1k-elf/4.9.1/../../../../or1k-elf/lib/libor1k.a(_exit.o)
 .data          0x000000000000b458        0x0 /opt/or1k-toolchain/lib/gcc/or1k-elf/4.9.1/../../../../or1k-elf/lib/libor1k.a(close.o)
 .data          0x000000000000b458        0x0 /opt/or1k-toolchain/lib/gcc/or1k-elf/4.9.1/../../../../or1k-elf/lib/libor1k.a(fstat.o)
 .data          0x000000000000b458        0x0 /opt/or1k-toolchain/lib/gcc/or1k-elf/4.9.1/../../../../or1k-elf/lib/libor1k.a(isatty.o)
 .data          0x000000000000b458        0x0 /opt/or1k-toolchain/lib/gcc/or1k-elf/4.9.1/../../../../or1k-elf/lib/libor1k.a(lseek.o)
 .data          0x000000000000b458        0x0 /opt/or1k-toolchain/lib/gcc/or1k-elf/4.9.1/../../../../or1k-elf/lib/libor1k.a(read.o)
 .data          0x000000000000b458        0x4 /opt/or1k-toolchain/lib/gcc/or1k-elf/4.9.1/../../../../or1k-elf/lib/libor1k.a(sbrk.o)
 .data          0x000000000000b45c        0x0 /opt/or1k-toolchain/lib/gcc/or1k-elf/4.9.1/../../../../or1k-elf/lib/libor1k.a(write.o)
 .data          0x000000000000b45c        0x0 /opt/or1k-toolchain/lib/gcc/or1k-elf/4.9.1/../../../../or1k-elf/lib/libboard-or1ksim.a(or1ksim.o)
 .data          0x000000000000b45c        0x0 /opt/or1k-toolchain/lib/gcc/or1k-elf/4.9.1/libgcc.a(__udivsi3.o)
 .data          0x000000000000b45c        0x0 /opt/or1k-toolchain/lib/gcc/or1k-elf/4.9.1/libgcc.a(__umodsi3.o)
 .data          0x000000000000b45c        0x0 /opt/or1k-toolchain/lib/gcc/or1k-elf/4.9.1/crtend.o
 .data          0x000000000000b45c        0x0 /opt/or1k-toolchain/lib/gcc/or1k-elf/4.9.1/crtn.o

.tm_clone_table
                0x000000000000b45c        0x0
 .tm_clone_table
                0x000000000000b45c        0x0 /opt/or1k-toolchain/lib/gcc/or1k-elf/4.9.1/crtbegin.o
 .tm_clone_table
                0x000000000000b45c        0x0 /opt/or1k-toolchain/lib/gcc/or1k-elf/4.9.1/crtend.o

.data1
 *(.data1)

.got
 *(.got.plt)
 *(.igot.plt)
 *(.got)
 *(.igot)

.sdata
 *(.sdata .sdata.* .gnu.linkonce.s.*)

.programmer
 *(.programmer)
                0x000000000000b45c                _edata = .
                0x000000000000b45c                PROVIDE (edata, .)
                0x000000000000b45c                . = ALIGN (0x4)

.noinit
 *(.noinit)
                0x000000000000b45c                . = ALIGN (0x4)

.sbss           0x0000000000080000        0x0
                0x0000000000080000                __bss_start = .
 *(.dynsbss)
 *(.sbss .sbss.* .gnu.linkonce.sb.*)
 *(.scommon)

.bss            0x0000000000080000       0xdc
 *(.dynbss)
 *(.bss .bss.* .gnu.linkonce.b.*)
 .bss           0x0000000000080000        0x0 /opt/or1k-toolchain/lib/gcc/or1k-elf/4.9.1/../../../../or1k-elf/lib/crt0.o
 .bss           0x0000000000080000        0x0 /opt/or1k-toolchain/lib/gcc/or1k-elf/4.9.1/crti.o
 .bss           0x0000000000080000       0x20 /opt/or1k-toolchain/lib/gcc/or1k-elf/4.9.1/crtbegin.o
 .bss           0x0000000000080020        0x0 ./adc.o
 .bss           0x0000000000080020        0x0 ./atlys.o
 .bss           0x0000000000080020        0x0 ./clk.o
 .bss           0x0000000000080020        0x8 ./debug.o
 .bss           0x0000000000080028        0x0 ./main.o
 .bss           0x0000000000080028        0x4 ./spi.o
 .bss           0x000000000008002c       0x40 ./timer.o
 .bss           0x000000000008006c        0x0 /opt/or1k-toolchain/lib/gcc/or1k-elf/4.9.1/../../../../or1k-elf/lib/libc.a(lib_a-atexit.o)
 .bss           0x000000000008006c        0x0 /opt/or1k-toolchain/lib/gcc/or1k-elf/4.9.1/../../../../or1k-elf/lib/libc.a(lib_a-__atexit.o)
 .bss           0x000000000008006c        0x0 /opt/or1k-toolchain/lib/gcc/or1k-elf/4.9.1/../../../../or1k-elf/lib/libc.a(lib_a-exit.o)
 .bss           0x000000000008006c        0x0 /opt/or1k-toolchain/lib/gcc/or1k-elf/4.9.1/../../../../or1k-elf/lib/libc.a(lib_a-impure.o)
 .bss           0x000000000008006c        0x0 /opt/or1k-toolchain/lib/gcc/or1k-elf/4.9.1/../../../../or1k-elf/lib/libc.a(lib_a-iprintf.o)
 .bss           0x000000000008006c        0x0 /opt/or1k-toolchain/lib/gcc/or1k-elf/4.9.1/../../../../or1k-elf/lib/libc.a(lib_a-or1k-impure.o)
 .bss           0x000000000008006c        0x0 /opt/or1k-toolchain/lib/gcc/or1k-elf/4.9.1/../../../../or1k-elf/lib/libc.a(lib_a-or1k-support-asm.o)
 .bss           0x000000000008006c        0x4 /opt/or1k-toolchain/lib/gcc/or1k-elf/4.9.1/../../../../or1k-elf/lib/libc.a(lib_a-or1k-support.o)
 .bss           0x0000000000080070        0x0 /opt/or1k-toolchain/lib/gcc/or1k-elf/4.9.1/../../../../or1k-elf/lib/libc.a(lib_a-vfiprintf.o)
 .bss           0x0000000000080070        0x0 /opt/or1k-toolchain/lib/gcc/or1k-elf/4.9.1/../../../../or1k-elf/lib/libc.a(lib_a-wsetup.o)
 .bss           0x0000000000080070        0x0 /opt/or1k-toolchain/lib/gcc/or1k-elf/4.9.1/../../../../or1k-elf/lib/libc.a(lib_a-__call_atexit.o)
 .bss           0x0000000000080070        0x0 /opt/or1k-toolchain/lib/gcc/or1k-elf/4.9.1/../../../../or1k-elf/lib/libc.a(lib_a-fflush.o)
 .bss           0x0000000000080070        0x0 /opt/or1k-toolchain/lib/gcc/or1k-elf/4.9.1/../../../../or1k-elf/lib/libc.a(lib_a-findfp.o)
 .bss           0x0000000000080070        0x0 /opt/or1k-toolchain/lib/gcc/or1k-elf/4.9.1/../../../../or1k-elf/lib/libc.a(lib_a-fputwc.o)
 .bss           0x0000000000080070        0x0 /opt/or1k-toolchain/lib/gcc/or1k-elf/4.9.1/../../../../or1k-elf/lib/libc.a(lib_a-freer.o)
 .bss           0x0000000000080070        0x0 /opt/or1k-toolchain/lib/gcc/or1k-elf/4.9.1/../../../../or1k-elf/lib/libc.a(lib_a-fvwrite.o)
 .bss           0x0000000000080070        0x0 /opt/or1k-toolchain/lib/gcc/or1k-elf/4.9.1/../../../../or1k-elf/lib/libc.a(lib_a-fwalk.o)
 .bss           0x0000000000080070        0xc /opt/or1k-toolchain/lib/gcc/or1k-elf/4.9.1/../../../../or1k-elf/lib/libc.a(lib_a-locale.o)
                0x0000000000080070                _PathLocale
                0x0000000000080074                __mlocale_changed
                0x0000000000080078                __nlocale_changed
 .bss           0x000000000008007c        0x0 /opt/or1k-toolchain/lib/gcc/or1k-elf/4.9.1/../../../../or1k-elf/lib/libc.a(lib_a-makebuf.o)
 .bss           0x000000000008007c       0x34 /opt/or1k-toolchain/lib/gcc/or1k-elf/4.9.1/../../../../or1k-elf/lib/libc.a(lib_a-mallocr.o)
                0x000000000008007c                __malloc_current_mallinfo
                0x00000000000800a4                __malloc_max_total_mem
                0x00000000000800a8                __malloc_max_sbrked_mem
                0x00000000000800ac                __malloc_top_pad
 .bss           0x00000000000800b0        0x0 /opt/or1k-toolchain/lib/gcc/or1k-elf/4.9.1/../../../../or1k-elf/lib/libc.a(lib_a-memchr.o)
 .bss           0x00000000000800b0        0x0 /opt/or1k-toolchain/lib/gcc/or1k-elf/4.9.1/../../../../or1k-elf/lib/libc.a(lib_a-memcpy.o)
 .bss           0x00000000000800b0        0x0 /opt/or1k-toolchain/lib/gcc/or1k-elf/4.9.1/../../../../or1k-elf/lib/libc.a(lib_a-memmove.o)
 .bss           0x00000000000800b0        0x0 /opt/or1k-toolchain/lib/gcc/or1k-elf/4.9.1/../../../../or1k-elf/lib/libc.a(lib_a-memset.o)
 .bss           0x00000000000800b0        0x0 /opt/or1k-toolchain/lib/gcc/or1k-elf/4.9.1/../../../../or1k-elf/lib/libc.a(lib_a-mlock.o)
 .bss           0x00000000000800b0        0x0 /opt/or1k-toolchain/lib/gcc/or1k-elf/4.9.1/../../../../or1k-elf/lib/libc.a(lib_a-reallocr.o)
 .bss           0x00000000000800b0        0x0 /opt/or1k-toolchain/lib/gcc/or1k-elf/4.9.1/../../../../or1k-elf/lib/libc.a(lib_a-stdio.o)
 .bss           0x00000000000800b0        0x0 /opt/or1k-toolchain/lib/gcc/or1k-elf/4.9.1/../../../../or1k-elf/lib/libc.a(lib_a-strcmp.o)
 .bss           0x00000000000800b0        0x0 /opt/or1k-toolchain/lib/gcc/or1k-elf/4.9.1/../../../../or1k-elf/lib/libc.a(lib_a-strlen.o)
 .bss           0x00000000000800b0        0x0 /opt/or1k-toolchain/lib/gcc/or1k-elf/4.9.1/../../../../or1k-elf/lib/libc.a(lib_a-wbuf.o)
 .bss           0x00000000000800b0        0x0 /opt/or1k-toolchain/lib/gcc/or1k-elf/4.9.1/../../../../or1k-elf/lib/libc.a(lib_a-wcrtomb.o)
 .bss           0x00000000000800b0        0x0 /opt/or1k-toolchain/lib/gcc/or1k-elf/4.9.1/../../../../or1k-elf/lib/libc.a(lib_a-wctomb_r.o)
 .bss           0x00000000000800b0        0x0 /opt/or1k-toolchain/lib/gcc/or1k-elf/4.9.1/../../../../or1k-elf/lib/libc.a(lib_a-fclose.o)
 .bss           0x00000000000800b0        0x0 /opt/or1k-toolchain/lib/gcc/or1k-elf/4.9.1/../../../../or1k-elf/lib/libor1k.a(_exit.o)
 .bss           0x00000000000800b0        0x0 /opt/or1k-toolchain/lib/gcc/or1k-elf/4.9.1/../../../../or1k-elf/lib/libor1k.a(close.o)
 .bss           0x00000000000800b0        0x0 /opt/or1k-toolchain/lib/gcc/or1k-elf/4.9.1/../../../../or1k-elf/lib/libor1k.a(fstat.o)
 .bss           0x00000000000800b0        0x0 /opt/or1k-toolchain/lib/gcc/or1k-elf/4.9.1/../../../../or1k-elf/lib/libor1k.a(isatty.o)
 .bss           0x00000000000800b0        0x0 /opt/or1k-toolchain/lib/gcc/or1k-elf/4.9.1/../../../../or1k-elf/lib/libor1k.a(lseek.o)
 .bss           0x00000000000800b0        0x0 /opt/or1k-toolchain/lib/gcc/or1k-elf/4.9.1/../../../../or1k-elf/lib/libor1k.a(read.o)
 .bss           0x00000000000800b0        0x0 /opt/or1k-toolchain/lib/gcc/or1k-elf/4.9.1/../../../../or1k-elf/lib/libor1k.a(sbrk.o)
 .bss           0x00000000000800b0        0x0 /opt/or1k-toolchain/lib/gcc/or1k-elf/4.9.1/../../../../or1k-elf/lib/libor1k.a(write.o)
 .bss           0x00000000000800b0        0x0 /opt/or1k-toolchain/lib/gcc/or1k-elf/4.9.1/../../../../or1k-elf/lib/libboard-or1ksim.a(or1ksim.o)
 .bss           0x00000000000800b0        0x0 /opt/or1k-toolchain/lib/gcc/or1k-elf/4.9.1/libgcc.a(__udivsi3.o)
 .bss           0x00000000000800b0        0x0 /opt/or1k-toolchain/lib/gcc/or1k-elf/4.9.1/libgcc.a(__umodsi3.o)
 .bss           0x00000000000800b0        0x0 /opt/or1k-toolchain/lib/gcc/or1k-elf/4.9.1/crtend.o
 .bss           0x00000000000800b0        0x0 /opt/or1k-toolchain/lib/gcc/or1k-elf/4.9.1/crtn.o
 *(COMMON)
 COMMON         0x00000000000800b0        0x4 ./main.o
                0x00000000000800b0                dwTest
 COMMON         0x00000000000800b4        0x8 ./spi.o
                0x00000000000800b4                dwFinished
                0x00000000000800b8                dwMutex
 COMMON         0x00000000000800bc        0x4 /opt/or1k-toolchain/lib/gcc/or1k-elf/4.9.1/../../../../or1k-elf/lib/libc.a(lib_a-or1k-impure.o)
                0x00000000000800bc                _current_impure_ptr
 COMMON         0x00000000000800c0        0xc /opt/or1k-toolchain/lib/gcc/or1k-elf/4.9.1/../../../../or1k-elf/lib/libc.a(lib_a-or1k-support.o)
                0x00000000000800c0                or1k_timer_mode
                0x00000000000800c4                or1k_timer_ticks
                0x00000000000800c8                or1k_timer_period
 COMMON         0x00000000000800cc       0x10 /opt/or1k-toolchain/lib/gcc/or1k-elf/4.9.1/../../../../or1k-elf/lib/libc.a(lib_a-mlock.o)
                0x00000000000800cc                _malloc_lock_restore_interrupts
                0x00000000000800d0                _malloc_lock_cnt
                0x00000000000800d4                _malloc_lock_own
                0x00000000000800d8                _malloc_lock_restore_timer
                0x00000000000800dc                . = ALIGN ((. != 0x0)?0x4:0x1)
                0x00000000000800dc                . = ALIGN (0x4)
                0x00000000000800dc                . = SEGMENT_START ("ldata-segment", .)
                0x00000000000800dc                . = ALIGN (0x4)
                0x00000000000800dc                _end = .
                0x00000000000800dc                PROVIDE (end, .)

.stab
 *(.stab)

.stabstr
 *(.stabstr)

.stab.excl
 *(.stab.excl)

.stab.exclstr
 *(.stab.exclstr)

.stab.index
 *(.stab.index)

.stab.indexstr
 *(.stab.indexstr)

.comment        0x0000000000000000       0x11
 *(.comment)
 .comment       0x0000000000000000       0x11 /opt/or1k-toolchain/lib/gcc/or1k-elf/4.9.1/crtbegin.o
                                         0x12 (size before relaxing)
 .comment       0x0000000000000000       0x12 ./adc.o
 .comment       0x0000000000000000       0x12 ./atlys.o
 .comment       0x0000000000000000       0x12 ./clk.o
 .comment       0x0000000000000000       0x12 ./debug.o
 .comment       0x0000000000000000       0x12 ./main.o
 .comment       0x0000000000000000       0x12 ./spi.o
 .comment       0x0000000000000000       0x12 ./timer.o
 .comment       0x0000000000000000       0x12 /opt/or1k-toolchain/lib/gcc/or1k-elf/4.9.1/../../../../or1k-elf/lib/libc.a(lib_a-atexit.o)
 .comment       0x0000000000000000       0x12 /opt/or1k-toolchain/lib/gcc/or1k-elf/4.9.1/../../../../or1k-elf/lib/libc.a(lib_a-__atexit.o)
 .comment       0x0000000000000000       0x12 /opt/or1k-toolchain/lib/gcc/or1k-elf/4.9.1/../../../../or1k-elf/lib/libc.a(lib_a-exit.o)
 .comment       0x0000000000000000       0x12 /opt/or1k-toolchain/lib/gcc/or1k-elf/4.9.1/../../../../or1k-elf/lib/libc.a(lib_a-impure.o)
 .comment       0x0000000000000000       0x12 /opt/or1k-toolchain/lib/gcc/or1k-elf/4.9.1/../../../../or1k-elf/lib/libc.a(lib_a-iprintf.o)
 .comment       0x0000000000000000       0x12 /opt/or1k-toolchain/lib/gcc/or1k-elf/4.9.1/../../../../or1k-elf/lib/libc.a(lib_a-or1k-impure.o)
 .comment       0x0000000000000000       0x12 /opt/or1k-toolchain/lib/gcc/or1k-elf/4.9.1/../../../../or1k-elf/lib/libc.a(lib_a-or1k-support.o)
 .comment       0x0000000000000000       0x12 /opt/or1k-toolchain/lib/gcc/or1k-elf/4.9.1/../../../../or1k-elf/lib/libc.a(lib_a-vfiprintf.o)
 .comment       0x0000000000000000       0x12 /opt/or1k-toolchain/lib/gcc/or1k-elf/4.9.1/../../../../or1k-elf/lib/libc.a(lib_a-wsetup.o)
 .comment       0x0000000000000000       0x12 /opt/or1k-toolchain/lib/gcc/or1k-elf/4.9.1/../../../../or1k-elf/lib/libc.a(lib_a-__call_atexit.o)
 .comment       0x0000000000000000       0x12 /opt/or1k-toolchain/lib/gcc/or1k-elf/4.9.1/../../../../or1k-elf/lib/libc.a(lib_a-fflush.o)
 .comment       0x0000000000000000       0x12 /opt/or1k-toolchain/lib/gcc/or1k-elf/4.9.1/../../../../or1k-elf/lib/libc.a(lib_a-findfp.o)
 .comment       0x0000000000000000       0x12 /opt/or1k-toolchain/lib/gcc/or1k-elf/4.9.1/../../../../or1k-elf/lib/libc.a(lib_a-fputwc.o)
 .comment       0x0000000000000000       0x12 /opt/or1k-toolchain/lib/gcc/or1k-elf/4.9.1/../../../../or1k-elf/lib/libc.a(lib_a-freer.o)
 .comment       0x0000000000000000       0x12 /opt/or1k-toolchain/lib/gcc/or1k-elf/4.9.1/../../../../or1k-elf/lib/libc.a(lib_a-fvwrite.o)
 .comment       0x0000000000000000       0x12 /opt/or1k-toolchain/lib/gcc/or1k-elf/4.9.1/../../../../or1k-elf/lib/libc.a(lib_a-fwalk.o)
 .comment       0x0000000000000000       0x12 /opt/or1k-toolchain/lib/gcc/or1k-elf/4.9.1/../../../../or1k-elf/lib/libc.a(lib_a-locale.o)
 .comment       0x0000000000000000       0x12 /opt/or1k-toolchain/lib/gcc/or1k-elf/4.9.1/../../../../or1k-elf/lib/libc.a(lib_a-makebuf.o)
 .comment       0x0000000000000000       0x12 /opt/or1k-toolchain/lib/gcc/or1k-elf/4.9.1/../../../../or1k-elf/lib/libc.a(lib_a-mallocr.o)
 .comment       0x0000000000000000       0x12 /opt/or1k-toolchain/lib/gcc/or1k-elf/4.9.1/../../../../or1k-elf/lib/libc.a(lib_a-memchr.o)
 .comment       0x0000000000000000       0x12 /opt/or1k-toolchain/lib/gcc/or1k-elf/4.9.1/../../../../or1k-elf/lib/libc.a(lib_a-memcpy.o)
 .comment       0x0000000000000000       0x12 /opt/or1k-toolchain/lib/gcc/or1k-elf/4.9.1/../../../../or1k-elf/lib/libc.a(lib_a-memmove.o)
 .comment       0x0000000000000000       0x12 /opt/or1k-toolchain/lib/gcc/or1k-elf/4.9.1/../../../../or1k-elf/lib/libc.a(lib_a-memset.o)
 .comment       0x0000000000000000       0x12 /opt/or1k-toolchain/lib/gcc/or1k-elf/4.9.1/../../../../or1k-elf/lib/libc.a(lib_a-mlock.o)
 .comment       0x0000000000000000       0x12 /opt/or1k-toolchain/lib/gcc/or1k-elf/4.9.1/../../../../or1k-elf/lib/libc.a(lib_a-reallocr.o)
 .comment       0x0000000000000000       0x12 /opt/or1k-toolchain/lib/gcc/or1k-elf/4.9.1/../../../../or1k-elf/lib/libc.a(lib_a-stdio.o)
 .comment       0x0000000000000000       0x12 /opt/or1k-toolchain/lib/gcc/or1k-elf/4.9.1/../../../../or1k-elf/lib/libc.a(lib_a-strcmp.o)
 .comment       0x0000000000000000       0x12 /opt/or1k-toolchain/lib/gcc/or1k-elf/4.9.1/../../../../or1k-elf/lib/libc.a(lib_a-strlen.o)
 .comment       0x0000000000000000       0x12 /opt/or1k-toolchain/lib/gcc/or1k-elf/4.9.1/../../../../or1k-elf/lib/libc.a(lib_a-wbuf.o)
 .comment       0x0000000000000000       0x12 /opt/or1k-toolchain/lib/gcc/or1k-elf/4.9.1/../../../../or1k-elf/lib/libc.a(lib_a-wcrtomb.o)
 .comment       0x0000000000000000       0x12 /opt/or1k-toolchain/lib/gcc/or1k-elf/4.9.1/../../../../or1k-elf/lib/libc.a(lib_a-wctomb_r.o)
 .comment       0x0000000000000000       0x12 /opt/or1k-toolchain/lib/gcc/or1k-elf/4.9.1/../../../../or1k-elf/lib/libc.a(lib_a-fclose.o)
 .comment       0x0000000000000000       0x12 /opt/or1k-toolchain/lib/gcc/or1k-elf/4.9.1/../../../../or1k-elf/lib/libor1k.a(_exit.o)
 .comment       0x0000000000000000       0x12 /opt/or1k-toolchain/lib/gcc/or1k-elf/4.9.1/../../../../or1k-elf/lib/libor1k.a(close.o)
 .comment       0x0000000000000000       0x12 /opt/or1k-toolchain/lib/gcc/or1k-elf/4.9.1/../../../../or1k-elf/lib/libor1k.a(fstat.o)
 .comment       0x0000000000000000       0x12 /opt/or1k-toolchain/lib/gcc/or1k-elf/4.9.1/../../../../or1k-elf/lib/libor1k.a(isatty.o)
 .comment       0x0000000000000000       0x12 /opt/or1k-toolchain/lib/gcc/or1k-elf/4.9.1/../../../../or1k-elf/lib/libor1k.a(lseek.o)
 .comment       0x0000000000000000       0x12 /opt/or1k-toolchain/lib/gcc/or1k-elf/4.9.1/../../../../or1k-elf/lib/libor1k.a(read.o)
 .comment       0x0000000000000000       0x12 /opt/or1k-toolchain/lib/gcc/or1k-elf/4.9.1/../../../../or1k-elf/lib/libor1k.a(sbrk.o)
 .comment       0x0000000000000000       0x12 /opt/or1k-toolchain/lib/gcc/or1k-elf/4.9.1/../../../../or1k-elf/lib/libor1k.a(write.o)
 .comment       0x0000000000000000       0x12 /opt/or1k-toolchain/lib/gcc/or1k-elf/4.9.1/crtend.o

.debug
 *(.debug)

.line
 *(.line)

.debug_srcinfo
 *(.debug_srcinfo)

.debug_sfnames
 *(.debug_sfnames)

.debug_aranges  0x0000000000000000      0x5d0
 *(.debug_aranges)
 .debug_aranges
                0x0000000000000000       0x20 ./adc.o
 .debug_aranges
                0x0000000000000020       0x18 ./atlys.o
 .debug_aranges
                0x0000000000000038       0x20 ./clk.o
 .debug_aranges
                0x0000000000000058       0x20 ./debug.o
 .debug_aranges
                0x0000000000000078       0x20 ./main.o
 .debug_aranges
                0x0000000000000098       0x20 ./spi.o
 .debug_aranges
                0x00000000000000b8       0x20 ./timer.o
 .debug_aranges
                0x00000000000000d8       0x20 /opt/or1k-toolchain/lib/gcc/or1k-elf/4.9.1/../../../../or1k-elf/lib/libc.a(lib_a-atexit.o)
 .debug_aranges
                0x00000000000000f8       0x20 /opt/or1k-toolchain/lib/gcc/or1k-elf/4.9.1/../../../../or1k-elf/lib/libc.a(lib_a-__atexit.o)
 .debug_aranges
                0x0000000000000118       0x20 /opt/or1k-toolchain/lib/gcc/or1k-elf/4.9.1/../../../../or1k-elf/lib/libc.a(lib_a-exit.o)
 .debug_aranges
                0x0000000000000138       0x18 /opt/or1k-toolchain/lib/gcc/or1k-elf/4.9.1/../../../../or1k-elf/lib/libc.a(lib_a-impure.o)
 .debug_aranges
                0x0000000000000150       0x20 /opt/or1k-toolchain/lib/gcc/or1k-elf/4.9.1/../../../../or1k-elf/lib/libc.a(lib_a-iprintf.o)
 .debug_aranges
                0x0000000000000170       0x20 /opt/or1k-toolchain/lib/gcc/or1k-elf/4.9.1/../../../../or1k-elf/lib/libc.a(lib_a-or1k-impure.o)
 .debug_aranges
                0x0000000000000190       0x20 /opt/or1k-toolchain/lib/gcc/or1k-elf/4.9.1/../../../../or1k-elf/lib/libc.a(lib_a-or1k-support.o)
 .debug_aranges
                0x00000000000001b0       0x20 /opt/or1k-toolchain/lib/gcc/or1k-elf/4.9.1/../../../../or1k-elf/lib/libc.a(lib_a-vfiprintf.o)
 .debug_aranges
                0x00000000000001d0       0x20 /opt/or1k-toolchain/lib/gcc/or1k-elf/4.9.1/../../../../or1k-elf/lib/libc.a(lib_a-wsetup.o)
 .debug_aranges
                0x00000000000001f0       0x20 /opt/or1k-toolchain/lib/gcc/or1k-elf/4.9.1/../../../../or1k-elf/lib/libc.a(lib_a-__call_atexit.o)
 .debug_aranges
                0x0000000000000210       0x20 /opt/or1k-toolchain/lib/gcc/or1k-elf/4.9.1/../../../../or1k-elf/lib/libc.a(lib_a-fflush.o)
 .debug_aranges
                0x0000000000000230       0x20 /opt/or1k-toolchain/lib/gcc/or1k-elf/4.9.1/../../../../or1k-elf/lib/libc.a(lib_a-findfp.o)
 .debug_aranges
                0x0000000000000250       0x20 /opt/or1k-toolchain/lib/gcc/or1k-elf/4.9.1/../../../../or1k-elf/lib/libc.a(lib_a-fputwc.o)
 .debug_aranges
                0x0000000000000270       0x20 /opt/or1k-toolchain/lib/gcc/or1k-elf/4.9.1/../../../../or1k-elf/lib/libc.a(lib_a-freer.o)
 .debug_aranges
                0x0000000000000290       0x20 /opt/or1k-toolchain/lib/gcc/or1k-elf/4.9.1/../../../../or1k-elf/lib/libc.a(lib_a-fvwrite.o)
 .debug_aranges
                0x00000000000002b0       0x20 /opt/or1k-toolchain/lib/gcc/or1k-elf/4.9.1/../../../../or1k-elf/lib/libc.a(lib_a-fwalk.o)
 .debug_aranges
                0x00000000000002d0       0x20 /opt/or1k-toolchain/lib/gcc/or1k-elf/4.9.1/../../../../or1k-elf/lib/libc.a(lib_a-locale.o)
 .debug_aranges
                0x00000000000002f0       0x20 /opt/or1k-toolchain/lib/gcc/or1k-elf/4.9.1/../../../../or1k-elf/lib/libc.a(lib_a-makebuf.o)
 .debug_aranges
                0x0000000000000310       0x20 /opt/or1k-toolchain/lib/gcc/or1k-elf/4.9.1/../../../../or1k-elf/lib/libc.a(lib_a-mallocr.o)
 .debug_aranges
                0x0000000000000330       0x20 /opt/or1k-toolchain/lib/gcc/or1k-elf/4.9.1/../../../../or1k-elf/lib/libc.a(lib_a-memchr.o)
 .debug_aranges
                0x0000000000000350       0x20 /opt/or1k-toolchain/lib/gcc/or1k-elf/4.9.1/../../../../or1k-elf/lib/libc.a(lib_a-memcpy.o)
 .debug_aranges
                0x0000000000000370       0x20 /opt/or1k-toolchain/lib/gcc/or1k-elf/4.9.1/../../../../or1k-elf/lib/libc.a(lib_a-memmove.o)
 .debug_aranges
                0x0000000000000390       0x20 /opt/or1k-toolchain/lib/gcc/or1k-elf/4.9.1/../../../../or1k-elf/lib/libc.a(lib_a-memset.o)
 .debug_aranges
                0x00000000000003b0       0x20 /opt/or1k-toolchain/lib/gcc/or1k-elf/4.9.1/../../../../or1k-elf/lib/libc.a(lib_a-mlock.o)
 .debug_aranges
                0x00000000000003d0       0x20 /opt/or1k-toolchain/lib/gcc/or1k-elf/4.9.1/../../../../or1k-elf/lib/libc.a(lib_a-reallocr.o)
 .debug_aranges
                0x00000000000003f0       0x20 /opt/or1k-toolchain/lib/gcc/or1k-elf/4.9.1/../../../../or1k-elf/lib/libc.a(lib_a-stdio.o)
 .debug_aranges
                0x0000000000000410       0x20 /opt/or1k-toolchain/lib/gcc/or1k-elf/4.9.1/../../../../or1k-elf/lib/libc.a(lib_a-strcmp.o)
 .debug_aranges
                0x0000000000000430       0x20 /opt/or1k-toolchain/lib/gcc/or1k-elf/4.9.1/../../../../or1k-elf/lib/libc.a(lib_a-strlen.o)
 .debug_aranges
                0x0000000000000450       0x20 /opt/or1k-toolchain/lib/gcc/or1k-elf/4.9.1/../../../../or1k-elf/lib/libc.a(lib_a-wbuf.o)
 .debug_aranges
                0x0000000000000470       0x20 /opt/or1k-toolchain/lib/gcc/or1k-elf/4.9.1/../../../../or1k-elf/lib/libc.a(lib_a-wcrtomb.o)
 .debug_aranges
                0x0000000000000490       0x20 /opt/or1k-toolchain/lib/gcc/or1k-elf/4.9.1/../../../../or1k-elf/lib/libc.a(lib_a-wctomb_r.o)
 .debug_aranges
                0x00000000000004b0       0x20 /opt/or1k-toolchain/lib/gcc/or1k-elf/4.9.1/../../../../or1k-elf/lib/libc.a(lib_a-fclose.o)
 .debug_aranges
                0x00000000000004d0       0x20 /opt/or1k-toolchain/lib/gcc/or1k-elf/4.9.1/../../../../or1k-elf/lib/libor1k.a(_exit.o)
 .debug_aranges
                0x00000000000004f0       0x20 /opt/or1k-toolchain/lib/gcc/or1k-elf/4.9.1/../../../../or1k-elf/lib/libor1k.a(close.o)
 .debug_aranges
                0x0000000000000510       0x20 /opt/or1k-toolchain/lib/gcc/or1k-elf/4.9.1/../../../../or1k-elf/lib/libor1k.a(fstat.o)
 .debug_aranges
                0x0000000000000530       0x20 /opt/or1k-toolchain/lib/gcc/or1k-elf/4.9.1/../../../../or1k-elf/lib/libor1k.a(isatty.o)
 .debug_aranges
                0x0000000000000550       0x20 /opt/or1k-toolchain/lib/gcc/or1k-elf/4.9.1/../../../../or1k-elf/lib/libor1k.a(lseek.o)
 .debug_aranges
                0x0000000000000570       0x20 /opt/or1k-toolchain/lib/gcc/or1k-elf/4.9.1/../../../../or1k-elf/lib/libor1k.a(read.o)
 .debug_aranges
                0x0000000000000590       0x20 /opt/or1k-toolchain/lib/gcc/or1k-elf/4.9.1/../../../../or1k-elf/lib/libor1k.a(sbrk.o)
 .debug_aranges
                0x00000000000005b0       0x20 /opt/or1k-toolchain/lib/gcc/or1k-elf/4.9.1/../../../../or1k-elf/lib/libor1k.a(write.o)

.debug_pubnames
 *(.debug_pubnames)

.debug_info     0x0000000000000000    0x1635d
 *(.debug_info .gnu.linkonce.wi.*)
 .debug_info    0x0000000000000000      0x102 ./adc.o
 .debug_info    0x0000000000000102       0x94 ./atlys.o
 .debug_info    0x0000000000000196      0x1b7 ./clk.o
 .debug_info    0x000000000000034d      0x118 ./debug.o
 .debug_info    0x0000000000000465       0xd5 ./main.o
 .debug_info    0x000000000000053a      0x293 ./spi.o
 .debug_info    0x00000000000007cd      0x2f5 ./timer.o
 .debug_info    0x0000000000000ac2      0x10a /opt/or1k-toolchain/lib/gcc/or1k-elf/4.9.1/../../../../or1k-elf/lib/libc.a(lib_a-atexit.o)
 .debug_info    0x0000000000000bcc      0x934 /opt/or1k-toolchain/lib/gcc/or1k-elf/4.9.1/../../../../or1k-elf/lib/libc.a(lib_a-__atexit.o)
 .debug_info    0x0000000000001500      0x8e4 /opt/or1k-toolchain/lib/gcc/or1k-elf/4.9.1/../../../../or1k-elf/lib/libc.a(lib_a-exit.o)
 .debug_info    0x0000000000001de4      0x894 /opt/or1k-toolchain/lib/gcc/or1k-elf/4.9.1/../../../../or1k-elf/lib/libc.a(lib_a-impure.o)
 .debug_info    0x0000000000002678      0x9a6 /opt/or1k-toolchain/lib/gcc/or1k-elf/4.9.1/../../../../or1k-elf/lib/libc.a(lib_a-iprintf.o)
 .debug_info    0x000000000000301e      0x938 /opt/or1k-toolchain/lib/gcc/or1k-elf/4.9.1/../../../../or1k-elf/lib/libc.a(lib_a-or1k-impure.o)
 .debug_info    0x0000000000003956      0x824 /opt/or1k-toolchain/lib/gcc/or1k-elf/4.9.1/../../../../or1k-elf/lib/libc.a(lib_a-or1k-support.o)
 .debug_info    0x000000000000417a     0x1571 /opt/or1k-toolchain/lib/gcc/or1k-elf/4.9.1/../../../../or1k-elf/lib/libc.a(lib_a-vfiprintf.o)
 .debug_info    0x00000000000056eb      0x944 /opt/or1k-toolchain/lib/gcc/or1k-elf/4.9.1/../../../../or1k-elf/lib/libc.a(lib_a-wsetup.o)
 .debug_info    0x000000000000602f      0x959 /opt/or1k-toolchain/lib/gcc/or1k-elf/4.9.1/../../../../or1k-elf/lib/libc.a(lib_a-__call_atexit.o)
 .debug_info    0x0000000000006988      0xab6 /opt/or1k-toolchain/lib/gcc/or1k-elf/4.9.1/../../../../or1k-elf/lib/libc.a(lib_a-fflush.o)
 .debug_info    0x000000000000743e      0xd7f /opt/or1k-toolchain/lib/gcc/or1k-elf/4.9.1/../../../../or1k-elf/lib/libc.a(lib_a-findfp.o)
 .debug_info    0x00000000000081bd      0xad6 /opt/or1k-toolchain/lib/gcc/or1k-elf/4.9.1/../../../../or1k-elf/lib/libc.a(lib_a-fputwc.o)
 .debug_info    0x0000000000008c93      0xc06 /opt/or1k-toolchain/lib/gcc/or1k-elf/4.9.1/../../../../or1k-elf/lib/libc.a(lib_a-freer.o)
 .debug_info    0x0000000000009899      0xc3d /opt/or1k-toolchain/lib/gcc/or1k-elf/4.9.1/../../../../or1k-elf/lib/libc.a(lib_a-fvwrite.o)
[...]
 .debug_frame   0x000000000000120c       0x30 /opt/or1k-toolchain/lib/gcc/or1k-elf/4.9.1/../../../../or1k-elf/lib/libor1k.a(write.o)
 .debug_frame   0x000000000000123c       0x58 /opt/or1k-toolchain/lib/gcc/or1k-elf/4.9.1/crtend.o

.debug_str      0x0000000000000000     0x9480
 *(.debug_str)
 .debug_str     0x0000000000000000     0x23a7 ./adc.o
                                       0x24d8 (size before relaxing)
 .debug_str     0x00000000000023a7      0x869 ./atlys.o
                                       0x1f64 (size before relaxing)
 .debug_str     0x0000000000002c10      0x124 ./clk.o
                                       0x25a6 (size before relaxing)
 .debug_str     0x0000000000002d34     0x1f69 ./debug.o
                                       0x43d5 (size before relaxing)
 .debug_str     0x0000000000004c9d      0x2db ./main.o
                                       0x2ffa (size before relaxing)
 .debug_str     0x0000000000004f78      0x117 ./spi.o
                                       0x4e94 (size before relaxing)
 .debug_str     0x000000000000508f     0x2a33 ./timer.o
                                       0x775d (size before relaxing)
 .debug_str     0x0000000000007ac2       0xdd /opt/or1k-toolchain/lib/gcc/or1k-elf/4.9.1/../../../../or1k-elf/lib/libc.a(lib_a-atexit.o)
                                        0x176 (size before relaxing)
 .debug_str     0x0000000000007b9f      0x397 /opt/or1k-toolchain/lib/gcc/or1k-elf/4.9.1/../../../../or1k-elf/lib/libc.a(lib_a-__atexit.o)
                                        0x552 (size before relaxing)
 .debug_str     0x0000000000007f36       0x4e /opt/or1k-toolchain/lib/gcc/or1k-elf/4.9.1/../../../../or1k-elf/lib/libc.a(lib_a-exit.o)
                                        0x513 (size before relaxing)
 .debug_str     0x0000000000007f84       0x6e /opt/or1k-toolchain/lib/gcc/or1k-elf/4.9.1/../../../../or1k-elf/lib/libc.a(lib_a-impure.o)
                                        0x50a (size before relaxing)
 .debug_str     0x0000000000007ff2       0xa4 /opt/or1k-toolchain/lib/gcc/or1k-elf/4.9.1/../../../../or1k-elf/lib/libc.a(lib_a-iprintf.o)
                                        0x539 (size before relaxing)
 .debug_str     0x0000000000008096       0xda /opt/or1k-toolchain/lib/gcc/or1k-elf/4.9.1/../../../../or1k-elf/lib/libc.a(lib_a-or1k-impure.o)
                                        0x562 (size before relaxing)
 .debug_str     0x0000000000008170      0x206 /opt/or1k-toolchain/lib/gcc/or1k-elf/4.9.1/../../../../or1k-elf/lib/libc.a(lib_a-or1k-support.o)
                                        0x35a (size before relaxing)
 .debug_str     0x0000000000008376      0x1c3 /opt/or1k-toolchain/lib/gcc/or1k-elf/4.9.1/../../../../or1k-elf/lib/libc.a(lib_a-vfiprintf.o)
                                        0x6d4 (size before relaxing)
 .debug_str     0x0000000000008539       0x48 /opt/or1k-toolchain/lib/gcc/or1k-elf/4.9.1/../../../../or1k-elf/lib/libc.a(lib_a-wsetup.o)
                                        0x528 (size before relaxing)
 .debug_str     0x0000000000008581       0x5c /opt/or1k-toolchain/lib/gcc/or1k-elf/4.9.1/../../../../or1k-elf/lib/libc.a(lib_a-__call_atexit.o)
                                        0x537 (size before relaxing)
 .debug_str     0x00000000000085dd       0x63 /opt/or1k-toolchain/lib/gcc/or1k-elf/4.9.1/../../../../or1k-elf/lib/libc.a(lib_a-fflush.o)
                                        0x563 (size before relaxing)
 .debug_str     0x0000000000008640      0x113 /opt/or1k-toolchain/lib/gcc/or1k-elf/4.9.1/../../../../or1k-elf/lib/libc.a(lib_a-findfp.o)
                                        0x616 (size before relaxing)
 .debug_str     0x0000000000008753       0x65 /opt/or1k-toolchain/lib/gcc/or1k-elf/4.9.1/../../../../or1k-elf/lib/libc.a(lib_a-fputwc.o)
                                        0x569 (size before relaxing)
 .debug_str     0x00000000000087b8      0x172 /opt/or1k-toolchain/lib/gcc/or1k-elf/4.9.1/../../../../or1k-elf/lib/libc.a(lib_a-freer.o)
                                        0x663 (size before relaxing)
 .debug_str     0x000000000000892a       0x6c /opt/or1k-toolchain/lib/gcc/or1k-elf/4.9.1/../../../../or1k-elf/lib/libc.a(lib_a-fvwrite.o)
                                        0x59c (size before relaxing)
 .debug_str     0x0000000000008996       0x41 /opt/or1k-toolchain/lib/gcc/or1k-elf/4.9.1/../../../../or1k-elf/lib/libc.a(lib_a-fwalk.o)
                                        0x50f (size before relaxing)
 .debug_str     0x00000000000089d7      0x23e /opt/or1k-toolchain/lib/gcc/or1k-elf/4.9.1/../../../../or1k-elf/lib/libc.a(lib_a-locale.o)
                                        0x766 (size before relaxing)
 .debug_str     0x0000000000008c15      0x120 /opt/or1k-toolchain/lib/gcc/or1k-elf/4.9.1/../../../../or1k-elf/lib/libc.a(lib_a-makebuf.o)
                                        0x60c (size before relaxing)
 .debug_str     0x0000000000008d35       0xdf /opt/or1k-toolchain/lib/gcc/or1k-elf/4.9.1/../../../../or1k-elf/lib/libc.a(lib_a-mallocr.o)
                                        0x719 (size before relaxing)
 .debug_str     0x0000000000008e14       0x8a /opt/or1k-toolchain/lib/gcc/or1k-elf/4.9.1/../../../../or1k-elf/lib/libc.a(lib_a-memchr.o)
                                        0x153 (size before relaxing)
 .debug_str     0x0000000000008e9e       0x5b /opt/or1k-toolchain/lib/gcc/or1k-elf/4.9.1/../../../../or1k-elf/lib/libc.a(lib_a-memcpy.o)
                                        0x160 (size before relaxing)
 .debug_str     0x0000000000008ef9       0x3e /opt/or1k-toolchain/lib/gcc/or1k-elf/4.9.1/../../../../or1k-elf/lib/libc.a(lib_a-memmove.o)
                                        0x16c (size before relaxing)
 .debug_str     0x0000000000008f37       0x48 /opt/or1k-toolchain/lib/gcc/or1k-elf/4.9.1/../../../../or1k-elf/lib/libc.a(lib_a-memset.o)
                                        0x14d (size before relaxing)
 .debug_str     0x0000000000008f7f       0xbf /opt/or1k-toolchain/lib/gcc/or1k-elf/4.9.1/../../../../or1k-elf/lib/libc.a(lib_a-mlock.o)
                                        0x5ef (size before relaxing)
 .debug_str     0x000000000000903e       0x4e /opt/or1k-toolchain/lib/gcc/or1k-elf/4.9.1/../../../../or1k-elf/lib/libc.a(lib_a-reallocr.o)
                                        0x5eb (size before relaxing)
 .debug_str     0x000000000000908c       0x92 /opt/or1k-toolchain/lib/gcc/or1k-elf/4.9.1/../../../../or1k-elf/lib/libc.a(lib_a-stdio.o)
                                        0x55d (size before relaxing)
 .debug_str     0x000000000000911e       0x34 /opt/or1k-toolchain/lib/gcc/or1k-elf/4.9.1/../../../../or1k-elf/lib/libc.a(lib_a-strcmp.o)
                                        0x132 (size before relaxing)
 .debug_str     0x0000000000009152       0x34 /opt/or1k-toolchain/lib/gcc/or1k-elf/4.9.1/../../../../or1k-elf/lib/libc.a(lib_a-strlen.o)
                                        0x14c (size before relaxing)
 .debug_str     0x0000000000009186       0x39 /opt/or1k-toolchain/lib/gcc/or1k-elf/4.9.1/../../../../or1k-elf/lib/libc.a(lib_a-wbuf.o)
                                        0x52d (size before relaxing)
 .debug_str     0x00000000000091bf       0x4d /opt/or1k-toolchain/lib/gcc/or1k-elf/4.9.1/../../../../or1k-elf/lib/libc.a(lib_a-wcrtomb.o)
                                        0x540 (size before relaxing)
 .debug_str     0x000000000000920c       0x56 /opt/or1k-toolchain/lib/gcc/or1k-elf/4.9.1/../../../../or1k-elf/lib/libc.a(lib_a-wctomb_r.o)
                                        0x54a (size before relaxing)
 .debug_str     0x0000000000009262       0x44 /opt/or1k-toolchain/lib/gcc/or1k-elf/4.9.1/../../../../or1k-elf/lib/libc.a(lib_a-fclose.o)
                                        0x555 (size before relaxing)
 .debug_str     0x00000000000092a6       0x89 /opt/or1k-toolchain/lib/gcc/or1k-elf/4.9.1/../../../../or1k-elf/lib/libor1k.a(_exit.o)
                                        0x113 (size before relaxing)
 .debug_str     0x000000000000932f       0x2b /opt/or1k-toolchain/lib/gcc/or1k-elf/4.9.1/../../../../or1k-elf/lib/libor1k.a(close.o)
                                        0x4e5 (size before relaxing)
 .debug_str     0x000000000000935a       0x2b /opt/or1k-toolchain/lib/gcc/or1k-elf/4.9.1/../../../../or1k-elf/lib/libor1k.a(fstat.o)
                                        0x5dc (size before relaxing)
 .debug_str     0x0000000000009385       0x2c /opt/or1k-toolchain/lib/gcc/or1k-elf/4.9.1/../../../../or1k-elf/lib/libor1k.a(isatty.o)
                                        0x4f8 (size before relaxing)
 .debug_str     0x00000000000093b1       0x2b /opt/or1k-toolchain/lib/gcc/or1k-elf/4.9.1/../../../../or1k-elf/lib/libor1k.a(lseek.o)
                                        0x504 (size before relaxing)
 .debug_str     0x00000000000093dc       0x2a /opt/or1k-toolchain/lib/gcc/or1k-elf/4.9.1/../../../../or1k-elf/lib/libor1k.a(read.o)
                                        0x518 (size before relaxing)
 .debug_str     0x0000000000009406       0x47 /opt/or1k-toolchain/lib/gcc/or1k-elf/4.9.1/../../../../or1k-elf/lib/libor1k.a(sbrk.o)
                                        0x50a (size before relaxing)
 .debug_str     0x000000000000944d       0x33 /opt/or1k-toolchain/lib/gcc/or1k-elf/4.9.1/../../../../or1k-elf/lib/libor1k.a(write.o)
                                        0x521 (size before relaxing)

.debug_loc      0x0000000000000000     0x6f93
 *(.debug_loc)
 .debug_loc     0x0000000000000000       0x2c /opt/or1k-toolchain/lib/gcc/or1k-elf/4.9.1/../../../../or1k-elf/lib/libc.a(lib_a-atexit.o)
 .debug_loc     0x000000000000002c      0x168 /opt/or1k-toolchain/lib/gcc/or1k-elf/4.9.1/../../../../or1k-elf/lib/libc.a(lib_a-__atexit.o)
 .debug_loc     0x0000000000000194       0x1e /opt/or1k-toolchain/lib/gcc/or1k-elf/4.9.1/../../../../or1k-elf/lib/libc.a(lib_a-exit.o)
 .debug_loc     0x00000000000001b2       0xfd /opt/or1k-toolchain/lib/gcc/or1k-elf/4.9.1/../../../../or1k-elf/lib/libc.a(lib_a-iprintf.o)
 .debug_loc     0x00000000000002af      0x3c5 /opt/or1k-toolchain/lib/gcc/or1k-elf/4.9.1/../../../../or1k-elf/lib/libc.a(lib_a-or1k-support.o)
 .debug_loc     0x0000000000000674     0x1f3f /opt/or1k-toolchain/lib/gcc/or1k-elf/4.9.1/../../../../or1k-elf/lib/libc.a(lib_a-vfiprintf.o)
 .debug_loc     0x00000000000025b3       0x8c /opt/or1k-toolchain/lib/gcc/or1k-elf/4.9.1/../../../../or1k-elf/lib/libc.a(lib_a-wsetup.o)
 .debug_loc     0x000000000000263f      0x1b6 /opt/or1k-toolchain/lib/gcc/or1k-elf/4.9.1/../../../../or1k-elf/lib/libc.a(lib_a-__call_atexit.o)
 .debug_loc     0x00000000000027f5      0x307 /opt/or1k-toolchain/lib/gcc/or1k-elf/4.9.1/../../../../or1k-elf/lib/libc.a(lib_a-fflush.o)
 .debug_loc     0x0000000000002afc      0x208 /opt/or1k-toolchain/lib/gcc/or1k-elf/4.9.1/../../../../or1k-elf/lib/libc.a(lib_a-findfp.o)
 .debug_loc     0x0000000000002d04      0x257 /opt/or1k-toolchain/lib/gcc/or1k-elf/4.9.1/../../../../or1k-elf/lib/libc.a(lib_a-fputwc.o)
 .debug_loc     0x0000000000002f5b      0x504 /opt/or1k-toolchain/lib/gcc/or1k-elf/4.9.1/../../../../or1k-elf/lib/libc.a(lib_a-freer.o)
 .debug_loc     0x000000000000345f      0x60f /opt/or1k-toolchain/lib/gcc/or1k-elf/4.9.1/../../../../or1k-elf/lib/libc.a(lib_a-fvwrite.o)
 .debug_loc     0x0000000000003a6e      0x22b /opt/or1k-toolchain/lib/gcc/or1k-elf/4.9.1/../../../../or1k-elf/lib/libc.a(lib_a-fwalk.o)
 .debug_loc     0x0000000000003c99       0xd1 /opt/or1k-toolchain/lib/gcc/or1k-elf/4.9.1/../../../../or1k-elf/lib/libc.a(lib_a-locale.o)
 .debug_loc     0x0000000000003d6a      0x128 /opt/or1k-toolchain/lib/gcc/or1k-elf/4.9.1/../../../../or1k-elf/lib/libc.a(lib_a-makebuf.o)
 .debug_loc     0x0000000000003e92      0xbc1 /opt/or1k-toolchain/lib/gcc/or1k-elf/4.9.1/../../../../or1k-elf/lib/libc.a(lib_a-mallocr.o)
 .debug_loc     0x0000000000004a53      0x187 /opt/or1k-toolchain/lib/gcc/or1k-elf/4.9.1/../../../../or1k-elf/lib/libc.a(lib_a-memchr.o)
 .debug_loc     0x0000000000004bda      0x234 /opt/or1k-toolchain/lib/gcc/or1k-elf/4.9.1/../../../../or1k-elf/lib/libc.a(lib_a-memcpy.o)
 .debug_loc     0x0000000000004e0e      0x2c3 /opt/or1k-toolchain/lib/gcc/or1k-elf/4.9.1/../../../../or1k-elf/lib/libc.a(lib_a-memmove.o)
 .debug_loc     0x00000000000050d1      0x1ba /opt/or1k-toolchain/lib/gcc/or1k-elf/4.9.1/../../../../or1k-elf/lib/libc.a(lib_a-memset.o)
 .debug_loc     0x000000000000528b       0xbb /opt/or1k-toolchain/lib/gcc/or1k-elf/4.9.1/../../../../or1k-elf/lib/libc.a(lib_a-mlock.o)
 .debug_loc     0x0000000000005346      0xdc6 /opt/or1k-toolchain/lib/gcc/or1k-elf/4.9.1/../../../../or1k-elf/lib/libc.a(lib_a-reallocr.o)
 .debug_loc     0x000000000000610c      0x2f8 /opt/or1k-toolchain/lib/gcc/or1k-elf/4.9.1/../../../../or1k-elf/lib/libc.a(lib_a-stdio.o)
 .debug_loc     0x0000000000006404       0xb0 /opt/or1k-toolchain/lib/gcc/or1k-elf/4.9.1/../../../../or1k-elf/lib/libc.a(lib_a-strcmp.o)
 .debug_loc     0x00000000000064b4       0x47 /opt/or1k-toolchain/lib/gcc/or1k-elf/4.9.1/../../../../or1k-elf/lib/libc.a(lib_a-strlen.o)
 .debug_loc     0x00000000000064fb      0x186 /opt/or1k-toolchain/lib/gcc/or1k-elf/4.9.1/../../../../or1k-elf/lib/libc.a(lib_a-wbuf.o)
 .debug_loc     0x0000000000006681      0x22f /opt/or1k-toolchain/lib/gcc/or1k-elf/4.9.1/../../../../or1k-elf/lib/libc.a(lib_a-wcrtomb.o)
 .debug_loc     0x00000000000068b0       0xea /opt/or1k-toolchain/lib/gcc/or1k-elf/4.9.1/../../../../or1k-elf/lib/libc.a(lib_a-wctomb_r.o)
 .debug_loc     0x000000000000699a      0x1b0 /opt/or1k-toolchain/lib/gcc/or1k-elf/4.9.1/../../../../or1k-elf/lib/libc.a(lib_a-fclose.o)
 .debug_loc     0x0000000000006b4a       0x21 /opt/or1k-toolchain/lib/gcc/or1k-elf/4.9.1/../../../../or1k-elf/lib/libor1k.a(close.o)
 .debug_loc     0x0000000000006b6b       0x73 /opt/or1k-toolchain/lib/gcc/or1k-elf/4.9.1/../../../../or1k-elf/lib/libor1k.a(fstat.o)
 .debug_loc     0x0000000000006bde       0x47 /opt/or1k-toolchain/lib/gcc/or1k-elf/4.9.1/../../../../or1k-elf/lib/libor1k.a(isatty.o)
 .debug_loc     0x0000000000006c25       0x89 /opt/or1k-toolchain/lib/gcc/or1k-elf/4.9.1/../../../../or1k-elf/lib/libor1k.a(lseek.o)
 .debug_loc     0x0000000000006cae      0x164 /opt/or1k-toolchain/lib/gcc/or1k-elf/4.9.1/../../../../or1k-elf/lib/libor1k.a(read.o)
 .debug_loc     0x0000000000006e12       0x34 /opt/or1k-toolchain/lib/gcc/or1k-elf/4.9.1/../../../../or1k-elf/lib/libor1k.a(sbrk.o)
 .debug_loc     0x0000000000006e46      0x14d /opt/or1k-toolchain/lib/gcc/or1k-elf/4.9.1/../../../../or1k-elf/lib/libor1k.a(write.o)

.debug_macinfo
 *(.debug_macinfo)

.debug_weaknames
 *(.debug_weaknames)

.debug_funcnames
 *(.debug_funcnames)

.debug_typenames
 *(.debug_typenames)

.debug_varnames
 *(.debug_varnames)

.debug_pubtypes
 *(.debug_pubtypes)

.debug_ranges   0x0000000000000000      0x6a0
 *(.debug_ranges)
 .debug_ranges  0x0000000000000000       0x98 /opt/or1k-toolchain/lib/gcc/or1k-elf/4.9.1/../../../../or1k-elf/lib/libc.a(lib_a-or1k-impure.o)
 .debug_ranges  0x0000000000000098      0x108 /opt/or1k-toolchain/lib/gcc/or1k-elf/4.9.1/../../../../or1k-elf/lib/libc.a(lib_a-or1k-support.o)
 .debug_ranges  0x00000000000001a0      0x1a0 /opt/or1k-toolchain/lib/gcc/or1k-elf/4.9.1/../../../../or1k-elf/lib/libc.a(lib_a-vfiprintf.o)
 .debug_ranges  0x0000000000000340       0x18 /opt/or1k-toolchain/lib/gcc/or1k-elf/4.9.1/../../../../or1k-elf/lib/libc.a(lib_a-wsetup.o)
 .debug_ranges  0x0000000000000358       0x20 /opt/or1k-toolchain/lib/gcc/or1k-elf/4.9.1/../../../../or1k-elf/lib/libc.a(lib_a-__call_atexit.o)
 .debug_ranges  0x0000000000000378       0x48 /opt/or1k-toolchain/lib/gcc/or1k-elf/4.9.1/../../../../or1k-elf/lib/libc.a(lib_a-fflush.o)
 .debug_ranges  0x00000000000003c0       0x80 /opt/or1k-toolchain/lib/gcc/or1k-elf/4.9.1/../../../../or1k-elf/lib/libc.a(lib_a-findfp.o)
 .debug_ranges  0x0000000000000440       0x30 /opt/or1k-toolchain/lib/gcc/or1k-elf/4.9.1/../../../../or1k-elf/lib/libc.a(lib_a-fputwc.o)
 .debug_ranges  0x0000000000000470       0x20 /opt/or1k-toolchain/lib/gcc/or1k-elf/4.9.1/../../../../or1k-elf/lib/libc.a(lib_a-fvwrite.o)
 .debug_ranges  0x0000000000000490       0x18 /opt/or1k-toolchain/lib/gcc/or1k-elf/4.9.1/../../../../or1k-elf/lib/libc.a(lib_a-locale.o)
 .debug_ranges  0x00000000000004a8       0x38 /opt/or1k-toolchain/lib/gcc/or1k-elf/4.9.1/../../../../or1k-elf/lib/libc.a(lib_a-mallocr.o)
 .debug_ranges  0x00000000000004e0      0x128 /opt/or1k-toolchain/lib/gcc/or1k-elf/4.9.1/../../../../or1k-elf/lib/libc.a(lib_a-reallocr.o)
 .debug_ranges  0x0000000000000608       0x20 /opt/or1k-toolchain/lib/gcc/or1k-elf/4.9.1/../../../../or1k-elf/lib/libc.a(lib_a-wbuf.o)
 .debug_ranges  0x0000000000000628       0x38 /opt/or1k-toolchain/lib/gcc/or1k-elf/4.9.1/../../../../or1k-elf/lib/libc.a(lib_a-fclose.o)
 .debug_ranges  0x0000000000000660       0x20 /opt/or1k-toolchain/lib/gcc/or1k-elf/4.9.1/../../../../or1k-elf/lib/libor1k.a(read.o)
 .debug_ranges  0x0000000000000680       0x20 /opt/or1k-toolchain/lib/gcc/or1k-elf/4.9.1/../../../../or1k-elf/lib/libor1k.a(write.o)

.debug_macro    0x0000000000000000     0x22a9
 *(.debug_macro)
 .debug_macro   0x0000000000000000       0x6e ./adc.o
 .debug_macro   0x000000000000006e      0x4f6 ./adc.o
 .debug_macro   0x0000000000000564       0x46 ./adc.o
 .debug_macro   0x00000000000005aa       0x16 ./adc.o
 .debug_macro   0x00000000000005c0       0x2e ./adc.o
 .debug_macro   0x00000000000005ee       0xa2 ./adc.o
 .debug_macro   0x0000000000000690      0x20e ./adc.o
 .debug_macro   0x000000000000089e       0x34 ./adc.o
 .debug_macro   0x00000000000008d2       0x1a ./atlys.o
 .debug_macro   0x00000000000008ec      0x196 ./atlys.o
 .debug_macro   0x0000000000000a82       0x77 ./clk.o
 .debug_macro   0x0000000000000af9       0x22 ./clk.o
 .debug_macro   0x0000000000000b1b      0x109 ./debug.o
 .debug_macro   0x0000000000000c24       0x16 ./debug.o
 .debug_macro   0x0000000000000c3a       0x97 ./debug.o
 .debug_macro   0x0000000000000cd1       0x10 ./debug.o
 .debug_macro   0x0000000000000ce1       0x3a ./debug.o
 .debug_macro   0x0000000000000d1b       0x52 ./debug.o
 .debug_macro   0x0000000000000d6d       0x16 ./debug.o
 .debug_macro   0x0000000000000d83       0x19 ./debug.o
 .debug_macro   0x0000000000000d9c      0x180 ./debug.o
 .debug_macro   0x0000000000000f1c       0x10 ./debug.o
 .debug_macro   0x0000000000000f2c       0xef ./debug.o
 .debug_macro   0x000000000000101b       0x22 ./debug.o
 .debug_macro   0x000000000000103d       0xbd ./debug.o
 .debug_macro   0x00000000000010fa       0x16 ./debug.o
 .debug_macro   0x0000000000001110      0x16c ./debug.o
 .debug_macro   0x000000000000127c       0x46 ./debug.o
 .debug_macro   0x00000000000012c2       0x16 ./debug.o
 .debug_macro   0x00000000000012d8       0xaa ./main.o
 .debug_macro   0x0000000000001382       0x40 ./main.o
 .debug_macro   0x00000000000013c2       0x46 ./main.o
 .debug_macro   0x0000000000001408       0x1c ./main.o
 .debug_macro   0x0000000000001424      0x140 ./spi.o
 .debug_macro   0x0000000000001564       0x2e ./spi.o
 .debug_macro   0x0000000000001592      0x13d ./timer.o
 .debug_macro   0x00000000000016cf      0x214 ./timer.o
 .debug_macro   0x00000000000018e3      0x9c6 ./timer.o

.gnu.attributes
 *(.gnu.attributes)

/DISCARD/
 *(.note.GNU-stack)
 *(.gnu_debuglink)
 *(.gnu.lto_*)
LOAD ./adc.o
LOAD ./atlys.o
LOAD ./clk.o
LOAD ./debug.o
LOAD ./main.o
LOAD ./spi.o
LOAD ./timer.o
LOAD /opt/or1k-toolchain/lib/gcc/or1k-elf/4.9.1/libgcc.a
LOAD /opt/or1k-toolchain/lib/gcc/or1k-elf/4.9.1/../../../../or1k-elf/lib/libc.a
LOAD /opt/or1k-toolchain/lib/gcc/or1k-elf/4.9.1/../../../../or1k-elf/lib/libor1k.a
LOAD /opt/or1k-toolchain/lib/gcc/or1k-elf/4.9.1/../../../../or1k-elf/lib/libboard-or1ksim.a
LOAD /opt/or1k-toolchain/lib/gcc/or1k-elf/4.9.1/../../../../or1k-elf/lib/libc.a
LOAD /opt/or1k-toolchain/lib/gcc/or1k-elf/4.9.1/libgcc.a
LOAD /opt/or1k-toolchain/lib/gcc/or1k-elf/4.9.1/crtend.o
LOAD /opt/or1k-toolchain/lib/gcc/or1k-elf/4.9.1/crtn.o
OUTPUT(sdr_test elf32-or1k)
